#! /c/Source/iverilog-install/bin/vvp
:ivl_version "12.0 (devel)" "(s20150603-1539-g2693dd32b)";
:ivl_delay_selection "TYPICAL";
:vpi_time_precision + 0;
:vpi_module "D:\icarus\iverilog\lib\ivl\system.vpi";
:vpi_module "D:\icarus\iverilog\lib\ivl\vhdl_sys.vpi";
:vpi_module "D:\icarus\iverilog\lib\ivl\vhdl_textio.vpi";
:vpi_module "D:\icarus\iverilog\lib\ivl\v2005_math.vpi";
:vpi_module "D:\icarus\iverilog\lib\ivl\va_math.vpi";
S_0000025b09681950 .scope module, "ALU" "ALU" 2 1;
 .timescale 0 0;
    .port_info 0 /INPUT 32 "a";
    .port_info 1 /INPUT 32 "b";
    .port_info 2 /INPUT 3 "alu_control";
    .port_info 3 /OUTPUT 32 "result";
    .port_info 4 /OUTPUT 1 "zero";
L_0000025b0970a0a8 .functor BUFT 1, C4<00000000000000000000000000000000>, C4<0>, C4<0>, C4<0>;
v0000025b096a60b0_0 .net/2u *"_ivl_0", 31 0, L_0000025b0970a0a8;  1 drivers
o0000025b096a9438 .functor BUFZ 32, C4<zzzzzzzzzzzzzzzzzzzzzzzzzzzzzzzz>; HiZ drive
v0000025b096a5ed0_0 .net "a", 31 0, o0000025b096a9438;  0 drivers
o0000025b096a9468 .functor BUFZ 3, C4<zzz>; HiZ drive
v0000025b096a5c50_0 .net "alu_control", 2 0, o0000025b096a9468;  0 drivers
o0000025b096a9498 .functor BUFZ 32, C4<zzzzzzzzzzzzzzzzzzzzzzzzzzzzzzzz>; HiZ drive
v0000025b096a7230_0 .net "b", 31 0, o0000025b096a9498;  0 drivers
v0000025b096a5e30_0 .var "result", 31 0;
v0000025b096a66f0_0 .net "zero", 0 0, L_0000025b09708220;  1 drivers
E_0000025b0969e380 .event anyedge, v0000025b096a5c50_0, v0000025b096a5ed0_0, v0000025b096a7230_0;
L_0000025b09708220 .cmp/eq 32, v0000025b096a5e30_0, L_0000025b0970a0a8;
S_0000025b09681ae0 .scope module, "alu_control" "alu_control" 3 1;
 .timescale 0 0;
    .port_info 0 /INPUT 2 "ALUOp";
    .port_info 1 /INPUT 3 "funct3";
    .port_info 2 /INPUT 7 "funct7";
    .port_info 3 /OUTPUT 3 "alu_control";
o0000025b096a9618 .functor BUFZ 2, C4<zz>; HiZ drive
v0000025b096a56b0_0 .net "ALUOp", 1 0, o0000025b096a9618;  0 drivers
v0000025b096a5bb0_0 .var "alu_control", 2 0;
o0000025b096a9678 .functor BUFZ 3, C4<zzz>; HiZ drive
v0000025b096a6510_0 .net "funct3", 2 0, o0000025b096a9678;  0 drivers
o0000025b096a96a8 .functor BUFZ 7, C4<zzzzzzz>; HiZ drive
v0000025b096a6830_0 .net "funct7", 6 0, o0000025b096a96a8;  0 drivers
E_0000025b0969e840 .event anyedge, v0000025b096a56b0_0, v0000025b096a6830_0, v0000025b096a6510_0;
S_0000025b096892e0 .scope module, "data_mem" "data_mem" 4 1;
 .timescale 0 0;
    .port_info 0 /INPUT 1 "clk";
    .port_info 1 /INPUT 1 "mem_read";
    .port_info 2 /INPUT 1 "mem_write";
    .port_info 3 /INPUT 32 "address";
    .port_info 4 /INPUT 32 "write_data";
    .port_info 5 /OUTPUT 32 "read_data";
v0000025b096a6470_0 .net *"_ivl_0", 31 0, L_0000025b09709a80;  1 drivers
v0000025b096a5cf0_0 .net *"_ivl_3", 29 0, L_0000025b097091c0;  1 drivers
L_0000025b0970a0f0 .functor BUFT 1, C4<00000000000000000000000000000000>, C4<0>, C4<0>, C4<0>;
v0000025b096a72d0_0 .net/2u *"_ivl_4", 31 0, L_0000025b0970a0f0;  1 drivers
o0000025b096a9828 .functor BUFZ 32, C4<zzzzzzzzzzzzzzzzzzzzzzzzzzzzzzzz>; HiZ drive
v0000025b096a5b10_0 .net "address", 31 0, o0000025b096a9828;  0 drivers
o0000025b096a9858 .functor BUFZ 1, C4<z>; HiZ drive
v0000025b096a5750_0 .net "clk", 0 0, o0000025b096a9858;  0 drivers
v0000025b096a6290_0 .var/i "i", 31 0;
o0000025b096a98b8 .functor BUFZ 1, C4<z>; HiZ drive
v0000025b096a6f10_0 .net "mem_read", 0 0, o0000025b096a98b8;  0 drivers
o0000025b096a98e8 .functor BUFZ 1, C4<z>; HiZ drive
v0000025b096a5430_0 .net "mem_write", 0 0, o0000025b096a98e8;  0 drivers
v0000025b096a5d90 .array "memory", 255 0, 31 0;
v0000025b096a5f70_0 .net "read_data", 31 0, L_0000025b09708680;  1 drivers
o0000025b096a9948 .functor BUFZ 32, C4<zzzzzzzzzzzzzzzzzzzzzzzzzzzzzzzz>; HiZ drive
v0000025b096a6790_0 .net "write_data", 31 0, o0000025b096a9948;  0 drivers
E_0000025b0969e580 .event posedge, v0000025b096a5750_0;
L_0000025b09709a80 .array/port v0000025b096a5d90, L_0000025b097091c0;
L_0000025b097091c0 .part o0000025b096a9828, 2, 30;
L_0000025b09708680 .functor MUXZ 32, L_0000025b0970a0f0, L_0000025b09709a80, o0000025b096a98b8, C4<>;
S_0000025b09689470 .scope module, "ex_mem" "ex_mem" 5 1;
 .timescale 0 0;
    .port_info 0 /INPUT 1 "clk";
    .port_info 1 /INPUT 1 "reset";
    .port_info 2 /INPUT 32 "alu_result_in";
    .port_info 3 /INPUT 32 "write_data_in";
    .port_info 4 /INPUT 5 "rd_in";
    .port_info 5 /INPUT 1 "RegWrite_in";
    .port_info 6 /INPUT 1 "MemRead_in";
    .port_info 7 /INPUT 1 "MemWrite_in";
    .port_info 8 /INPUT 1 "MemToReg_in";
    .port_info 9 /OUTPUT 32 "alu_result_out";
    .port_info 10 /OUTPUT 32 "write_data_out";
    .port_info 11 /OUTPUT 5 "rd_out";
    .port_info 12 /OUTPUT 1 "RegWrite_out";
    .port_info 13 /OUTPUT 1 "MemRead_out";
    .port_info 14 /OUTPUT 1 "MemWrite_out";
    .port_info 15 /OUTPUT 1 "MemToReg_out";
o0000025b096a9a98 .functor BUFZ 1, C4<z>; HiZ drive
v0000025b096a6b50_0 .net "MemRead_in", 0 0, o0000025b096a9a98;  0 drivers
v0000025b096a6e70_0 .var "MemRead_out", 0 0;
o0000025b096a9af8 .functor BUFZ 1, C4<z>; HiZ drive
v0000025b096a6010_0 .net "MemToReg_in", 0 0, o0000025b096a9af8;  0 drivers
v0000025b096a70f0_0 .var "MemToReg_out", 0 0;
o0000025b096a9b58 .functor BUFZ 1, C4<z>; HiZ drive
v0000025b096a68d0_0 .net "MemWrite_in", 0 0, o0000025b096a9b58;  0 drivers
v0000025b096a6150_0 .var "MemWrite_out", 0 0;
o0000025b096a9bb8 .functor BUFZ 1, C4<z>; HiZ drive
v0000025b096a6c90_0 .net "RegWrite_in", 0 0, o0000025b096a9bb8;  0 drivers
v0000025b096a57f0_0 .var "RegWrite_out", 0 0;
o0000025b096a9c18 .functor BUFZ 32, C4<zzzzzzzzzzzzzzzzzzzzzzzzzzzzzzzz>; HiZ drive
v0000025b096a6bf0_0 .net "alu_result_in", 31 0, o0000025b096a9c18;  0 drivers
v0000025b096a6970_0 .var "alu_result_out", 31 0;
o0000025b096a9c78 .functor BUFZ 1, C4<z>; HiZ drive
v0000025b096a5570_0 .net "clk", 0 0, o0000025b096a9c78;  0 drivers
o0000025b096a9ca8 .functor BUFZ 5, C4<zzzzz>; HiZ drive
v0000025b096a6330_0 .net "rd_in", 4 0, o0000025b096a9ca8;  0 drivers
v0000025b096a65b0_0 .var "rd_out", 4 0;
o0000025b096a9d08 .functor BUFZ 1, C4<z>; HiZ drive
v0000025b096a6d30_0 .net "reset", 0 0, o0000025b096a9d08;  0 drivers
o0000025b096a9d38 .functor BUFZ 32, C4<zzzzzzzzzzzzzzzzzzzzzzzzzzzzzzzz>; HiZ drive
v0000025b096a6650_0 .net "write_data_in", 31 0, o0000025b096a9d38;  0 drivers
v0000025b096a61f0_0 .var "write_data_out", 31 0;
E_0000025b0969e700 .event posedge, v0000025b096a6d30_0, v0000025b096a5570_0;
S_0000025b096795c0 .scope module, "id_ex" "id_ex" 6 1;
 .timescale 0 0;
    .port_info 0 /INPUT 1 "clk";
    .port_info 1 /INPUT 1 "reset";
    .port_info 2 /INPUT 32 "pc_in";
    .port_info 3 /INPUT 32 "read_data1_in";
    .port_info 4 /INPUT 32 "read_data2_in";
    .port_info 5 /INPUT 32 "imm_in";
    .port_info 6 /INPUT 5 "rd_in";
    .port_info 7 /INPUT 1 "RegWrite_in";
    .port_info 8 /INPUT 1 "MemRead_in";
    .port_info 9 /INPUT 1 "MemWrite_in";
    .port_info 10 /INPUT 1 "MemToReg_in";
    .port_info 11 /INPUT 1 "ALUSrc_in";
    .port_info 12 /INPUT 1 "Branch_in";
    .port_info 13 /INPUT 1 "Jump_in";
    .port_info 14 /INPUT 3 "alu_control_in";
    .port_info 15 /OUTPUT 32 "pc_out";
    .port_info 16 /OUTPUT 32 "read_data1_out";
    .port_info 17 /OUTPUT 32 "read_data2_out";
    .port_info 18 /OUTPUT 32 "imm_out";
    .port_info 19 /OUTPUT 5 "rd_out";
    .port_info 20 /OUTPUT 1 "RegWrite_out";
    .port_info 21 /OUTPUT 1 "MemRead_out";
    .port_info 22 /OUTPUT 1 "MemWrite_out";
    .port_info 23 /OUTPUT 1 "MemToReg_out";
    .port_info 24 /OUTPUT 1 "ALUSrc_out";
    .port_info 25 /OUTPUT 1 "Branch_out";
    .port_info 26 /OUTPUT 1 "Jump_out";
    .port_info 27 /OUTPUT 3 "alu_control_out";
o0000025b096aa098 .functor BUFZ 1, C4<z>; HiZ drive
v0000025b096a6dd0_0 .net "ALUSrc_in", 0 0, o0000025b096aa098;  0 drivers
v0000025b096a6a10_0 .var "ALUSrc_out", 0 0;
o0000025b096aa0f8 .functor BUFZ 1, C4<z>; HiZ drive
v0000025b096a6ab0_0 .net "Branch_in", 0 0, o0000025b096aa0f8;  0 drivers
v0000025b096a6fb0_0 .var "Branch_out", 0 0;
o0000025b096aa158 .functor BUFZ 1, C4<z>; HiZ drive
v0000025b096a63d0_0 .net "Jump_in", 0 0, o0000025b096aa158;  0 drivers
v0000025b096a7050_0 .var "Jump_out", 0 0;
o0000025b096aa1b8 .functor BUFZ 1, C4<z>; HiZ drive
v0000025b096a7190_0 .net "MemRead_in", 0 0, o0000025b096aa1b8;  0 drivers
v0000025b096a5610_0 .var "MemRead_out", 0 0;
o0000025b096aa218 .functor BUFZ 1, C4<z>; HiZ drive
v0000025b096a5890_0 .net "MemToReg_in", 0 0, o0000025b096aa218;  0 drivers
v0000025b096a5930_0 .var "MemToReg_out", 0 0;
o0000025b096aa278 .functor BUFZ 1, C4<z>; HiZ drive
v0000025b09698a70_0 .net "MemWrite_in", 0 0, o0000025b096aa278;  0 drivers
v0000025b09698ed0_0 .var "MemWrite_out", 0 0;
o0000025b096aa2d8 .functor BUFZ 1, C4<z>; HiZ drive
v0000025b096f8eb0_0 .net "RegWrite_in", 0 0, o0000025b096aa2d8;  0 drivers
v0000025b096f9270_0 .var "RegWrite_out", 0 0;
o0000025b096aa338 .functor BUFZ 3, C4<zzz>; HiZ drive
v0000025b096f84b0_0 .net "alu_control_in", 2 0, o0000025b096aa338;  0 drivers
v0000025b096f89b0_0 .var "alu_control_out", 2 0;
o0000025b096aa398 .functor BUFZ 1, C4<z>; HiZ drive
v0000025b096f8c30_0 .net "clk", 0 0, o0000025b096aa398;  0 drivers
o0000025b096aa3c8 .functor BUFZ 32, C4<zzzzzzzzzzzzzzzzzzzzzzzzzzzzzzzz>; HiZ drive
v0000025b096f8870_0 .net "imm_in", 31 0, o0000025b096aa3c8;  0 drivers
v0000025b096f91d0_0 .var "imm_out", 31 0;
o0000025b096aa428 .functor BUFZ 32, C4<zzzzzzzzzzzzzzzzzzzzzzzzzzzzzzzz>; HiZ drive
v0000025b096f8d70_0 .net "pc_in", 31 0, o0000025b096aa428;  0 drivers
v0000025b096f8e10_0 .var "pc_out", 31 0;
o0000025b096aa488 .functor BUFZ 5, C4<zzzzz>; HiZ drive
v0000025b096f7dd0_0 .net "rd_in", 4 0, o0000025b096aa488;  0 drivers
v0000025b096f9090_0 .var "rd_out", 4 0;
o0000025b096aa4e8 .functor BUFZ 32, C4<zzzzzzzzzzzzzzzzzzzzzzzzzzzzzzzz>; HiZ drive
v0000025b096f8f50_0 .net "read_data1_in", 31 0, o0000025b096aa4e8;  0 drivers
v0000025b096f8af0_0 .var "read_data1_out", 31 0;
o0000025b096aa548 .functor BUFZ 32, C4<zzzzzzzzzzzzzzzzzzzzzzzzzzzzzzzz>; HiZ drive
v0000025b096f7830_0 .net "read_data2_in", 31 0, o0000025b096aa548;  0 drivers
v0000025b096f8050_0 .var "read_data2_out", 31 0;
o0000025b096aa5a8 .functor BUFZ 1, C4<z>; HiZ drive
v0000025b096f8370_0 .net "reset", 0 0, o0000025b096aa5a8;  0 drivers
E_0000025b0969db40 .event posedge, v0000025b096f8370_0, v0000025b096f8c30_0;
S_0000025b096768a0 .scope module, "imm_gen" "imm_gen" 7 1;
 .timescale 0 0;
    .port_info 0 /INPUT 32 "instruction";
    .port_info 1 /OUTPUT 32 "imm_out";
v0000025b096f7b50_0 .var "imm_out", 31 0;
o0000025b096aab48 .functor BUFZ 32, C4<zzzzzzzzzzzzzzzzzzzzzzzzzzzzzzzz>; HiZ drive
v0000025b096f9310_0 .net "instruction", 31 0, o0000025b096aab48;  0 drivers
E_0000025b0969e9c0 .event anyedge, v0000025b096f9310_0;
S_0000025b09676a30 .scope module, "mem_wb" "mem_wb" 8 1;
 .timescale 0 0;
    .port_info 0 /INPUT 1 "clk";
    .port_info 1 /INPUT 1 "reset";
    .port_info 2 /INPUT 32 "memory_data_in";
    .port_info 3 /INPUT 32 "alu_result_in";
    .port_info 4 /INPUT 5 "rd_in";
    .port_info 5 /INPUT 1 "RegWrite_in";
    .port_info 6 /INPUT 1 "MemToReg_in";
    .port_info 7 /OUTPUT 32 "memory_data_out";
    .port_info 8 /OUTPUT 32 "alu_result_out";
    .port_info 9 /OUTPUT 5 "rd_out";
    .port_info 10 /OUTPUT 1 "RegWrite_out";
    .port_info 11 /OUTPUT 1 "MemToReg_out";
o0000025b096aabd8 .functor BUFZ 1, C4<z>; HiZ drive
v0000025b096f8230_0 .net "MemToReg_in", 0 0, o0000025b096aabd8;  0 drivers
v0000025b096f7bf0_0 .var "MemToReg_out", 0 0;
o0000025b096aac38 .functor BUFZ 1, C4<z>; HiZ drive
v0000025b096f8cd0_0 .net "RegWrite_in", 0 0, o0000025b096aac38;  0 drivers
v0000025b096f7790_0 .var "RegWrite_out", 0 0;
o0000025b096aac98 .functor BUFZ 32, C4<zzzzzzzzzzzzzzzzzzzzzzzzzzzzzzzz>; HiZ drive
v0000025b096f7fb0_0 .net "alu_result_in", 31 0, o0000025b096aac98;  0 drivers
v0000025b096f75b0_0 .var "alu_result_out", 31 0;
o0000025b096aacf8 .functor BUFZ 1, C4<z>; HiZ drive
v0000025b096f7a10_0 .net "clk", 0 0, o0000025b096aacf8;  0 drivers
o0000025b096aad28 .functor BUFZ 32, C4<zzzzzzzzzzzzzzzzzzzzzzzzzzzzzzzz>; HiZ drive
v0000025b096f8550_0 .net "memory_data_in", 31 0, o0000025b096aad28;  0 drivers
v0000025b096f8ff0_0 .var "memory_data_out", 31 0;
o0000025b096aad88 .functor BUFZ 5, C4<zzzzz>; HiZ drive
v0000025b096f85f0_0 .net "rd_in", 4 0, o0000025b096aad88;  0 drivers
v0000025b096f9130_0 .var "rd_out", 4 0;
o0000025b096aade8 .functor BUFZ 1, C4<z>; HiZ drive
v0000025b096f8690_0 .net "reset", 0 0, o0000025b096aade8;  0 drivers
E_0000025b0969e880 .event posedge, v0000025b096f8690_0, v0000025b096f7a10_0;
S_0000025b09673f70 .scope module, "pipeline_cpu_top_v1_tb" "pipeline_cpu_top_v1_tb" 9 1;
 .timescale 0 0;
v0000025b096fdcd0_0 .var "clk", 0 0;
v0000025b096fc1f0_0 .var "reset", 0 0;
S_0000025b096f9ce0 .scope module, "dut" "pipeline_cpu_top_v1" 9 6, 10 1 0, S_0000025b09673f70;
 .timescale 0 0;
    .port_info 0 /INPUT 1 "clk";
    .port_info 1 /INPUT 1 "reset";
v0000025b096fdb90_0 .net "ALUOp", 1 0, v0000025b096f7510_0;  1 drivers
v0000025b096fd5f0_0 .net "ALUSrc", 0 0, v0000025b096f78d0_0;  1 drivers
v0000025b096fc830_0 .net "Branch", 0 0, v0000025b096f93b0_0;  1 drivers
v0000025b096fcbf0_0 .net "Jump", 0 0, v0000025b096f7650_0;  1 drivers
v0000025b096fc790_0 .net "MemRead", 0 0, v0000025b096f80f0_0;  1 drivers
v0000025b096fcd30_0 .net "MemToReg", 0 0, v0000025b096f76f0_0;  1 drivers
v0000025b096fd0f0_0 .net "MemWrite", 0 0, v0000025b096f7970_0;  1 drivers
v0000025b096fce70_0 .net "RegWrite", 0 0, v0000025b096f7ab0_0;  1 drivers
L_0000025b0970a138 .functor BUFT 1, C4<00000000000000000000000000000100>, C4<0>, C4<0>, C4<0>;
v0000025b096fd410_0 .net/2u *"_ivl_0", 31 0, L_0000025b0970a138;  1 drivers
v0000025b096fc8d0_0 .net "clk", 0 0, v0000025b096fdcd0_0;  1 drivers
v0000025b096fcfb0_0 .net "funct3", 2 0, L_0000025b097080e0;  1 drivers
v0000025b096fd690_0 .net "funct7", 6 0, L_0000025b09708ae0;  1 drivers
v0000025b096fc010_0 .net "if_id_instruction", 31 0, v0000025b096f7f10_0;  1 drivers
v0000025b096fc970_0 .net "if_id_pc", 31 0, v0000025b096f8730_0;  1 drivers
v0000025b096fc3d0_0 .net "instruction", 31 0, L_0000025b09697f60;  1 drivers
v0000025b096fcab0_0 .net "next_pc", 31 0, L_0000025b09708c20;  1 drivers
v0000025b096fca10_0 .net "opcode", 6 0, L_0000025b09708a40;  1 drivers
v0000025b096fcf10_0 .net "pc", 31 0, v0000025b096fd9b0_0;  1 drivers
v0000025b096fdc30_0 .net "rd", 4 0, L_0000025b09709b20;  1 drivers
v0000025b096fc0b0_0 .net "reset", 0 0, v0000025b096fc1f0_0;  1 drivers
v0000025b096fcb50_0 .net "rs1", 4 0, L_0000025b09709f80;  1 drivers
v0000025b096fcc90_0 .net "rs2", 4 0, L_0000025b09708f40;  1 drivers
L_0000025b09708c20 .arith/sum 32, v0000025b096fd9b0_0, L_0000025b0970a138;
L_0000025b09708a40 .part v0000025b096f7f10_0, 0, 7;
L_0000025b09709b20 .part v0000025b096f7f10_0, 7, 5;
L_0000025b097080e0 .part v0000025b096f7f10_0, 12, 3;
L_0000025b09709f80 .part v0000025b096f7f10_0, 15, 5;
L_0000025b09708f40 .part v0000025b096f7f10_0, 20, 5;
L_0000025b09708ae0 .part v0000025b096f7f10_0, 25, 7;
S_0000025b0966b850 .scope module, "ctrl" "control_unit" 10 88, 11 1 0, S_0000025b096f9ce0;
 .timescale 0 0;
    .port_info 0 /INPUT 7 "opcode";
    .port_info 1 /OUTPUT 1 "RegWrite";
    .port_info 2 /OUTPUT 1 "MemRead";
    .port_info 3 /OUTPUT 1 "MemWrite";
    .port_info 4 /OUTPUT 1 "ALUSrc";
    .port_info 5 /OUTPUT 1 "MemToReg";
    .port_info 6 /OUTPUT 1 "Branch";
    .port_info 7 /OUTPUT 1 "Jump";
    .port_info 8 /OUTPUT 2 "ALUOp";
v0000025b096f7510_0 .var "ALUOp", 1 0;
v0000025b096f78d0_0 .var "ALUSrc", 0 0;
v0000025b096f93b0_0 .var "Branch", 0 0;
v0000025b096f7650_0 .var "Jump", 0 0;
v0000025b096f80f0_0 .var "MemRead", 0 0;
v0000025b096f76f0_0 .var "MemToReg", 0 0;
v0000025b096f7970_0 .var "MemWrite", 0 0;
v0000025b096f7ab0_0 .var "RegWrite", 0 0;
v0000025b096f82d0_0 .net "opcode", 6 0, L_0000025b09708a40;  alias, 1 drivers
E_0000025b0969e780 .event anyedge, v0000025b096f82d0_0;
S_0000025b0966b9e0 .scope module, "if_id_inst" "if_id" 10 44, 12 1 0, S_0000025b096f9ce0;
 .timescale 0 0;
    .port_info 0 /INPUT 1 "clk";
    .port_info 1 /INPUT 1 "reset";
    .port_info 2 /INPUT 32 "pc_in";
    .port_info 3 /INPUT 32 "instruction_in";
    .port_info 4 /OUTPUT 32 "pc_out";
    .port_info 5 /OUTPUT 32 "instruction_out";
v0000025b096f7d30_0 .net "clk", 0 0, v0000025b096fdcd0_0;  alias, 1 drivers
v0000025b096f7e70_0 .net "instruction_in", 31 0, L_0000025b09697f60;  alias, 1 drivers
v0000025b096f7f10_0 .var "instruction_out", 31 0;
v0000025b096f8190_0 .net "pc_in", 31 0, v0000025b096fd9b0_0;  alias, 1 drivers
v0000025b096f8730_0 .var "pc_out", 31 0;
v0000025b096f8410_0 .net "reset", 0 0, v0000025b096fc1f0_0;  alias, 1 drivers
E_0000025b0969e5c0 .event posedge, v0000025b096f8410_0, v0000025b096f7d30_0;
S_0000025b09666390 .scope module, "imem" "instr_mem" 10 30, 13 1 0, S_0000025b096f9ce0;
 .timescale 0 0;
    .port_info 0 /INPUT 32 "address";
    .port_info 1 /OUTPUT 32 "instruction";
L_0000025b09697f60 .functor BUFZ 32, L_0000025b09709800, C4<00000000000000000000000000000000>, C4<00000000000000000000000000000000>, C4<00000000000000000000000000000000>;
v0000025b096f87d0_0 .net *"_ivl_0", 31 0, L_0000025b09709800;  1 drivers
v0000025b096f8910_0 .net *"_ivl_3", 29 0, L_0000025b097093a0;  1 drivers
v0000025b096f8a50_0 .net "address", 31 0, v0000025b096fd9b0_0;  alias, 1 drivers
v0000025b096f8b90_0 .var/i "i", 31 0;
v0000025b096fc150_0 .net "instruction", 31 0, L_0000025b09697f60;  alias, 1 drivers
v0000025b096fd190 .array "memory", 255 0, 31 0;
L_0000025b09709800 .array/port v0000025b096fd190, L_0000025b097093a0;
L_0000025b097093a0 .part v0000025b096fd9b0_0, 2, 30;
S_0000025b09666520 .scope module, "pc_inst" "pc" 10 19, 14 1 0, S_0000025b096f9ce0;
 .timescale 0 0;
    .port_info 0 /INPUT 1 "clk";
    .port_info 1 /INPUT 1 "reset";
    .port_info 2 /INPUT 32 "next_pc";
    .port_info 3 /OUTPUT 32 "pc_out";
v0000025b096fbed0_0 .net "clk", 0 0, v0000025b096fdcd0_0;  alias, 1 drivers
v0000025b096fbf70_0 .net "next_pc", 31 0, L_0000025b09708c20;  alias, 1 drivers
v0000025b096fd9b0_0 .var "pc_out", 31 0;
v0000025b096fd050_0 .net "reset", 0 0, v0000025b096fc1f0_0;  alias, 1 drivers
S_0000025b09674100 .scope module, "regfile" "regfile" 15 1;
 .timescale 0 0;
    .port_info 0 /INPUT 1 "clk";
    .port_info 1 /INPUT 1 "reg_write";
    .port_info 2 /INPUT 5 "rs1";
    .port_info 3 /INPUT 5 "rs2";
    .port_info 4 /INPUT 5 "rd";
    .port_info 5 /INPUT 32 "write_data";
    .port_info 6 /OUTPUT 32 "read_data1";
    .port_info 7 /OUTPUT 32 "read_data2";
v0000025b096fda50_0 .net *"_ivl_0", 31 0, L_0000025b09709940;  1 drivers
v0000025b096fdd70_0 .net *"_ivl_10", 31 0, L_0000025b097099e0;  1 drivers
v0000025b096fd230_0 .net *"_ivl_12", 6 0, L_0000025b09709440;  1 drivers
L_0000025b0970a258 .functor BUFT 1, C4<00>, C4<0>, C4<0>, C4<0>;
v0000025b096fc290_0 .net *"_ivl_15", 1 0, L_0000025b0970a258;  1 drivers
v0000025b096fc330_0 .net *"_ivl_18", 31 0, L_0000025b09708400;  1 drivers
L_0000025b0970a2a0 .functor BUFT 1, C4<000000000000000000000000000>, C4<0>, C4<0>, C4<0>;
v0000025b096fd4b0_0 .net *"_ivl_21", 26 0, L_0000025b0970a2a0;  1 drivers
L_0000025b0970a2e8 .functor BUFT 1, C4<00000000000000000000000000000000>, C4<0>, C4<0>, C4<0>;
v0000025b096fd910_0 .net/2u *"_ivl_22", 31 0, L_0000025b0970a2e8;  1 drivers
v0000025b096fc470_0 .net *"_ivl_24", 0 0, L_0000025b09709300;  1 drivers
L_0000025b0970a330 .functor BUFT 1, C4<00000000000000000000000000000000>, C4<0>, C4<0>, C4<0>;
v0000025b096fd870_0 .net/2u *"_ivl_26", 31 0, L_0000025b0970a330;  1 drivers
v0000025b096fdaf0_0 .net *"_ivl_28", 31 0, L_0000025b09708b80;  1 drivers
L_0000025b0970a180 .functor BUFT 1, C4<000000000000000000000000000>, C4<0>, C4<0>, C4<0>;
v0000025b096fc510_0 .net *"_ivl_3", 26 0, L_0000025b0970a180;  1 drivers
v0000025b096fc5b0_0 .net *"_ivl_30", 6 0, L_0000025b09708cc0;  1 drivers
L_0000025b0970a378 .functor BUFT 1, C4<00>, C4<0>, C4<0>, C4<0>;
v0000025b096fc650_0 .net *"_ivl_33", 1 0, L_0000025b0970a378;  1 drivers
L_0000025b0970a1c8 .functor BUFT 1, C4<00000000000000000000000000000000>, C4<0>, C4<0>, C4<0>;
v0000025b096fd2d0_0 .net/2u *"_ivl_4", 31 0, L_0000025b0970a1c8;  1 drivers
v0000025b096fd7d0_0 .net *"_ivl_6", 0 0, L_0000025b09709580;  1 drivers
L_0000025b0970a210 .functor BUFT 1, C4<00000000000000000000000000000000>, C4<0>, C4<0>, C4<0>;
v0000025b096fc6f0_0 .net/2u *"_ivl_8", 31 0, L_0000025b0970a210;  1 drivers
o0000025b096abc58 .functor BUFZ 1, C4<z>; HiZ drive
v0000025b096fd730_0 .net "clk", 0 0, o0000025b096abc58;  0 drivers
o0000025b096abc88 .functor BUFZ 5, C4<zzzzz>; HiZ drive
v0000025b096fd370_0 .net "rd", 4 0, o0000025b096abc88;  0 drivers
v0000025b096fcdd0_0 .net "read_data1", 31 0, L_0000025b09709760;  1 drivers
v0000025b096fd550_0 .net "read_data2", 31 0, L_0000025b097098a0;  1 drivers
o0000025b096abd18 .functor BUFZ 1, C4<z>; HiZ drive
v0000025b097094e0_0 .net "reg_write", 0 0, o0000025b096abd18;  0 drivers
v0000025b09708360 .array "registers", 0 31, 31 0;
o0000025b096abd48 .functor BUFZ 5, C4<zzzzz>; HiZ drive
v0000025b09708540_0 .net "rs1", 4 0, o0000025b096abd48;  0 drivers
o0000025b096abd78 .functor BUFZ 5, C4<zzzzz>; HiZ drive
v0000025b097082c0_0 .net "rs2", 4 0, o0000025b096abd78;  0 drivers
o0000025b096abda8 .functor BUFZ 32, C4<zzzzzzzzzzzzzzzzzzzzzzzzzzzzzzzz>; HiZ drive
v0000025b09708180_0 .net "write_data", 31 0, o0000025b096abda8;  0 drivers
E_0000025b0969e600 .event posedge, v0000025b096fd730_0;
L_0000025b09709940 .concat [ 5 27 0 0], o0000025b096abd48, L_0000025b0970a180;
L_0000025b09709580 .cmp/eq 32, L_0000025b09709940, L_0000025b0970a1c8;
L_0000025b097099e0 .array/port v0000025b09708360, L_0000025b09709440;
L_0000025b09709440 .concat [ 5 2 0 0], o0000025b096abd48, L_0000025b0970a258;
L_0000025b09709760 .functor MUXZ 32, L_0000025b097099e0, L_0000025b0970a210, L_0000025b09709580, C4<>;
L_0000025b09708400 .concat [ 5 27 0 0], o0000025b096abd78, L_0000025b0970a2a0;
L_0000025b09709300 .cmp/eq 32, L_0000025b09708400, L_0000025b0970a2e8;
L_0000025b09708b80 .array/port v0000025b09708360, L_0000025b09708cc0;
L_0000025b09708cc0 .concat [ 5 2 0 0], o0000025b096abd78, L_0000025b0970a378;
L_0000025b097098a0 .functor MUXZ 32, L_0000025b09708b80, L_0000025b0970a330, L_0000025b09709300, C4<>;
    .scope S_0000025b09681950;
T_0 ;
    %wait E_0000025b0969e380;
    %load/vec4 v0000025b096a5c50_0;
    %dup/vec4;
    %pushi/vec4 0, 0, 3;
    %cmp/u;
    %jmp/1 T_0.0, 6;
    %dup/vec4;
    %pushi/vec4 1, 0, 3;
    %cmp/u;
    %jmp/1 T_0.1, 6;
    %dup/vec4;
    %pushi/vec4 2, 0, 3;
    %cmp/u;
    %jmp/1 T_0.2, 6;
    %dup/vec4;
    %pushi/vec4 3, 0, 3;
    %cmp/u;
    %jmp/1 T_0.3, 6;
    %dup/vec4;
    %pushi/vec4 4, 0, 3;
    %cmp/u;
    %jmp/1 T_0.4, 6;
    %pushi/vec4 0, 0, 32;
    %store/vec4 v0000025b096a5e30_0, 0, 32;
    %jmp T_0.6;
T_0.0 ;
    %load/vec4 v0000025b096a5ed0_0;
    %load/vec4 v0000025b096a7230_0;
    %add;
    %store/vec4 v0000025b096a5e30_0, 0, 32;
    %jmp T_0.6;
T_0.1 ;
    %load/vec4 v0000025b096a5ed0_0;
    %load/vec4 v0000025b096a7230_0;
    %sub;
    %store/vec4 v0000025b096a5e30_0, 0, 32;
    %jmp T_0.6;
T_0.2 ;
    %load/vec4 v0000025b096a5ed0_0;
    %load/vec4 v0000025b096a7230_0;
    %and;
    %store/vec4 v0000025b096a5e30_0, 0, 32;
    %jmp T_0.6;
T_0.3 ;
    %load/vec4 v0000025b096a5ed0_0;
    %load/vec4 v0000025b096a7230_0;
    %or;
    %store/vec4 v0000025b096a5e30_0, 0, 32;
    %jmp T_0.6;
T_0.4 ;
    %load/vec4 v0000025b096a5ed0_0;
    %load/vec4 v0000025b096a7230_0;
    %xor;
    %store/vec4 v0000025b096a5e30_0, 0, 32;
    %jmp T_0.6;
T_0.6 ;
    %pop/vec4 1;
    %jmp T_0;
    .thread T_0, $push;
    .scope S_0000025b09681ae0;
T_1 ;
    %wait E_0000025b0969e840;
    %load/vec4 v0000025b096a56b0_0;
    %dup/vec4;
    %pushi/vec4 0, 0, 2;
    %cmp/u;
    %jmp/1 T_1.0, 6;
    %dup/vec4;
    %pushi/vec4 1, 0, 2;
    %cmp/u;
    %jmp/1 T_1.1, 6;
    %dup/vec4;
    %pushi/vec4 2, 0, 2;
    %cmp/u;
    %jmp/1 T_1.2, 6;
    %pushi/vec4 0, 0, 3;
    %store/vec4 v0000025b096a5bb0_0, 0, 3;
    %jmp T_1.4;
T_1.0 ;
    %pushi/vec4 0, 0, 3;
    %store/vec4 v0000025b096a5bb0_0, 0, 3;
    %jmp T_1.4;
T_1.1 ;
    %pushi/vec4 1, 0, 3;
    %store/vec4 v0000025b096a5bb0_0, 0, 3;
    %jmp T_1.4;
T_1.2 ;
    %load/vec4 v0000025b096a6830_0;
    %load/vec4 v0000025b096a6510_0;
    %concat/vec4; draw_concat_vec4
    %dup/vec4;
    %pushi/vec4 0, 0, 10;
    %cmp/u;
    %jmp/1 T_1.5, 6;
    %dup/vec4;
    %pushi/vec4 256, 0, 10;
    %cmp/u;
    %jmp/1 T_1.6, 6;
    %dup/vec4;
    %pushi/vec4 7, 0, 10;
    %cmp/u;
    %jmp/1 T_1.7, 6;
    %dup/vec4;
    %pushi/vec4 6, 0, 10;
    %cmp/u;
    %jmp/1 T_1.8, 6;
    %dup/vec4;
    %pushi/vec4 4, 0, 10;
    %cmp/u;
    %jmp/1 T_1.9, 6;
    %pushi/vec4 0, 0, 3;
    %store/vec4 v0000025b096a5bb0_0, 0, 3;
    %jmp T_1.11;
T_1.5 ;
    %pushi/vec4 0, 0, 3;
    %store/vec4 v0000025b096a5bb0_0, 0, 3;
    %jmp T_1.11;
T_1.6 ;
    %pushi/vec4 1, 0, 3;
    %store/vec4 v0000025b096a5bb0_0, 0, 3;
    %jmp T_1.11;
T_1.7 ;
    %pushi/vec4 2, 0, 3;
    %store/vec4 v0000025b096a5bb0_0, 0, 3;
    %jmp T_1.11;
T_1.8 ;
    %pushi/vec4 3, 0, 3;
    %store/vec4 v0000025b096a5bb0_0, 0, 3;
    %jmp T_1.11;
T_1.9 ;
    %pushi/vec4 4, 0, 3;
    %store/vec4 v0000025b096a5bb0_0, 0, 3;
    %jmp T_1.11;
T_1.11 ;
    %pop/vec4 1;
    %jmp T_1.4;
T_1.4 ;
    %pop/vec4 1;
    %jmp T_1;
    .thread T_1, $push;
    .scope S_0000025b096892e0;
T_2 ;
    %pushi/vec4 0, 0, 32;
    %store/vec4 v0000025b096a6290_0, 0, 32;
T_2.0 ;
    %load/vec4 v0000025b096a6290_0;
    %cmpi/s 256, 0, 32;
    %jmp/0xz T_2.1, 5;
    %pushi/vec4 0, 0, 32;
    %ix/getv/s 4, v0000025b096a6290_0;
    %store/vec4a v0000025b096a5d90, 4, 0;
    %load/vec4 v0000025b096a6290_0;
    %addi 1, 0, 32;
    %store/vec4 v0000025b096a6290_0, 0, 32;
    %jmp T_2.0;
T_2.1 ;
    %end;
    .thread T_2;
    .scope S_0000025b096892e0;
T_3 ;
    %wait E_0000025b0969e580;
    %load/vec4 v0000025b096a5430_0;
    %flag_set/vec4 8;
    %jmp/0xz  T_3.0, 8;
    %load/vec4 v0000025b096a6790_0;
    %load/vec4 v0000025b096a5b10_0;
    %parti/s 30, 2, 3;
    %ix/vec4 3;
    %ix/load 4, 0, 0; Constant delay
    %assign/vec4/a/d v0000025b096a5d90, 0, 4;
T_3.0 ;
    %jmp T_3;
    .thread T_3;
    .scope S_0000025b09689470;
T_4 ;
    %wait E_0000025b0969e700;
    %load/vec4 v0000025b096a6d30_0;
    %flag_set/vec4 8;
    %jmp/0xz  T_4.0, 8;
    %pushi/vec4 0, 0, 32;
    %assign/vec4 v0000025b096a6970_0, 0;
    %pushi/vec4 0, 0, 32;
    %assign/vec4 v0000025b096a61f0_0, 0;
    %pushi/vec4 0, 0, 5;
    %assign/vec4 v0000025b096a65b0_0, 0;
    %pushi/vec4 0, 0, 1;
    %assign/vec4 v0000025b096a57f0_0, 0;
    %pushi/vec4 0, 0, 1;
    %assign/vec4 v0000025b096a6e70_0, 0;
    %pushi/vec4 0, 0, 1;
    %assign/vec4 v0000025b096a6150_0, 0;
    %pushi/vec4 0, 0, 1;
    %assign/vec4 v0000025b096a70f0_0, 0;
    %jmp T_4.1;
T_4.0 ;
    %load/vec4 v0000025b096a6bf0_0;
    %assign/vec4 v0000025b096a6970_0, 0;
    %load/vec4 v0000025b096a6650_0;
    %assign/vec4 v0000025b096a61f0_0, 0;
    %load/vec4 v0000025b096a6330_0;
    %assign/vec4 v0000025b096a65b0_0, 0;
    %load/vec4 v0000025b096a6c90_0;
    %assign/vec4 v0000025b096a57f0_0, 0;
    %load/vec4 v0000025b096a6b50_0;
    %assign/vec4 v0000025b096a6e70_0, 0;
    %load/vec4 v0000025b096a68d0_0;
    %assign/vec4 v0000025b096a6150_0, 0;
    %load/vec4 v0000025b096a6010_0;
    %assign/vec4 v0000025b096a70f0_0, 0;
T_4.1 ;
    %jmp T_4;
    .thread T_4;
    .scope S_0000025b096795c0;
T_5 ;
    %wait E_0000025b0969db40;
    %load/vec4 v0000025b096f8370_0;
    %flag_set/vec4 8;
    %jmp/0xz  T_5.0, 8;
    %pushi/vec4 0, 0, 32;
    %assign/vec4 v0000025b096f8e10_0, 0;
    %pushi/vec4 0, 0, 32;
    %assign/vec4 v0000025b096f8af0_0, 0;
    %pushi/vec4 0, 0, 32;
    %assign/vec4 v0000025b096f8050_0, 0;
    %pushi/vec4 0, 0, 32;
    %assign/vec4 v0000025b096f91d0_0, 0;
    %pushi/vec4 0, 0, 5;
    %assign/vec4 v0000025b096f9090_0, 0;
    %pushi/vec4 0, 0, 1;
    %assign/vec4 v0000025b096f9270_0, 0;
    %pushi/vec4 0, 0, 1;
    %assign/vec4 v0000025b096a5610_0, 0;
    %pushi/vec4 0, 0, 1;
    %assign/vec4 v0000025b09698ed0_0, 0;
    %pushi/vec4 0, 0, 1;
    %assign/vec4 v0000025b096a5930_0, 0;
    %pushi/vec4 0, 0, 1;
    %assign/vec4 v0000025b096a6a10_0, 0;
    %pushi/vec4 0, 0, 1;
    %assign/vec4 v0000025b096a6fb0_0, 0;
    %pushi/vec4 0, 0, 1;
    %assign/vec4 v0000025b096a7050_0, 0;
    %pushi/vec4 0, 0, 3;
    %assign/vec4 v0000025b096f89b0_0, 0;
    %jmp T_5.1;
T_5.0 ;
    %load/vec4 v0000025b096f8d70_0;
    %assign/vec4 v0000025b096f8e10_0, 0;
    %load/vec4 v0000025b096f8f50_0;
    %assign/vec4 v0000025b096f8af0_0, 0;
    %load/vec4 v0000025b096f7830_0;
    %assign/vec4 v0000025b096f8050_0, 0;
    %load/vec4 v0000025b096f8870_0;
    %assign/vec4 v0000025b096f91d0_0, 0;
    %load/vec4 v0000025b096f7dd0_0;
    %assign/vec4 v0000025b096f9090_0, 0;
    %load/vec4 v0000025b096f8eb0_0;
    %assign/vec4 v0000025b096f9270_0, 0;
    %load/vec4 v0000025b096a7190_0;
    %assign/vec4 v0000025b096a5610_0, 0;
    %load/vec4 v0000025b09698a70_0;
    %assign/vec4 v0000025b09698ed0_0, 0;
    %load/vec4 v0000025b096a5890_0;
    %assign/vec4 v0000025b096a5930_0, 0;
    %load/vec4 v0000025b096a6dd0_0;
    %assign/vec4 v0000025b096a6a10_0, 0;
    %load/vec4 v0000025b096a6ab0_0;
    %assign/vec4 v0000025b096a6fb0_0, 0;
    %load/vec4 v0000025b096a63d0_0;
    %assign/vec4 v0000025b096a7050_0, 0;
    %load/vec4 v0000025b096f84b0_0;
    %assign/vec4 v0000025b096f89b0_0, 0;
T_5.1 ;
    %jmp T_5;
    .thread T_5;
    .scope S_0000025b096768a0;
T_6 ;
    %wait E_0000025b0969e9c0;
    %load/vec4 v0000025b096f9310_0;
    %parti/s 7, 0, 2;
    %dup/vec4;
    %pushi/vec4 19, 0, 7;
    %cmp/u;
    %jmp/1 T_6.0, 6;
    %dup/vec4;
    %pushi/vec4 3, 0, 7;
    %cmp/u;
    %jmp/1 T_6.1, 6;
    %dup/vec4;
    %pushi/vec4 35, 0, 7;
    %cmp/u;
    %jmp/1 T_6.2, 6;
    %dup/vec4;
    %pushi/vec4 99, 0, 7;
    %cmp/u;
    %jmp/1 T_6.3, 6;
    %dup/vec4;
    %pushi/vec4 111, 0, 7;
    %cmp/u;
    %jmp/1 T_6.4, 6;
    %pushi/vec4 0, 0, 32;
    %store/vec4 v0000025b096f7b50_0, 0, 32;
    %jmp T_6.6;
T_6.0 ;
    %load/vec4 v0000025b096f9310_0;
    %parti/s 1, 31, 6;
    %replicate 20;
    %load/vec4 v0000025b096f9310_0;
    %parti/s 12, 20, 6;
    %concat/vec4; draw_concat_vec4
    %store/vec4 v0000025b096f7b50_0, 0, 32;
    %jmp T_6.6;
T_6.1 ;
    %load/vec4 v0000025b096f9310_0;
    %parti/s 1, 31, 6;
    %replicate 20;
    %load/vec4 v0000025b096f9310_0;
    %parti/s 12, 20, 6;
    %concat/vec4; draw_concat_vec4
    %store/vec4 v0000025b096f7b50_0, 0, 32;
    %jmp T_6.6;
T_6.2 ;
    %load/vec4 v0000025b096f9310_0;
    %parti/s 1, 31, 6;
    %replicate 20;
    %load/vec4 v0000025b096f9310_0;
    %parti/s 7, 25, 6;
    %concat/vec4; draw_concat_vec4
    %load/vec4 v0000025b096f9310_0;
    %parti/s 5, 7, 4;
    %concat/vec4; draw_concat_vec4
    %store/vec4 v0000025b096f7b50_0, 0, 32;
    %jmp T_6.6;
T_6.3 ;
    %load/vec4 v0000025b096f9310_0;
    %parti/s 1, 31, 6;
    %replicate 19;
    %load/vec4 v0000025b096f9310_0;
    %parti/s 1, 31, 6;
    %concat/vec4; draw_concat_vec4
    %load/vec4 v0000025b096f9310_0;
    %parti/s 1, 7, 4;
    %concat/vec4; draw_concat_vec4
    %load/vec4 v0000025b096f9310_0;
    %parti/s 6, 25, 6;
    %concat/vec4; draw_concat_vec4
    %load/vec4 v0000025b096f9310_0;
    %parti/s 4, 8, 5;
    %concat/vec4; draw_concat_vec4
    %concati/vec4 0, 0, 1;
    %store/vec4 v0000025b096f7b50_0, 0, 32;
    %jmp T_6.6;
T_6.4 ;
    %load/vec4 v0000025b096f9310_0;
    %parti/s 1, 31, 6;
    %replicate 11;
    %load/vec4 v0000025b096f9310_0;
    %parti/s 1, 31, 6;
    %concat/vec4; draw_concat_vec4
    %load/vec4 v0000025b096f9310_0;
    %parti/s 8, 12, 5;
    %concat/vec4; draw_concat_vec4
    %load/vec4 v0000025b096f9310_0;
    %parti/s 1, 20, 6;
    %concat/vec4; draw_concat_vec4
    %load/vec4 v0000025b096f9310_0;
    %parti/s 10, 21, 6;
    %concat/vec4; draw_concat_vec4
    %concati/vec4 0, 0, 1;
    %store/vec4 v0000025b096f7b50_0, 0, 32;
    %jmp T_6.6;
T_6.6 ;
    %pop/vec4 1;
    %jmp T_6;
    .thread T_6, $push;
    .scope S_0000025b09676a30;
T_7 ;
    %wait E_0000025b0969e880;
    %load/vec4 v0000025b096f8690_0;
    %flag_set/vec4 8;
    %jmp/0xz  T_7.0, 8;
    %pushi/vec4 0, 0, 32;
    %assign/vec4 v0000025b096f8ff0_0, 0;
    %pushi/vec4 0, 0, 32;
    %assign/vec4 v0000025b096f75b0_0, 0;
    %pushi/vec4 0, 0, 5;
    %assign/vec4 v0000025b096f9130_0, 0;
    %pushi/vec4 0, 0, 1;
    %assign/vec4 v0000025b096f7790_0, 0;
    %pushi/vec4 0, 0, 1;
    %assign/vec4 v0000025b096f7bf0_0, 0;
    %jmp T_7.1;
T_7.0 ;
    %load/vec4 v0000025b096f8550_0;
    %assign/vec4 v0000025b096f8ff0_0, 0;
    %load/vec4 v0000025b096f7fb0_0;
    %assign/vec4 v0000025b096f75b0_0, 0;
    %load/vec4 v0000025b096f85f0_0;
    %assign/vec4 v0000025b096f9130_0, 0;
    %load/vec4 v0000025b096f8cd0_0;
    %assign/vec4 v0000025b096f7790_0, 0;
    %load/vec4 v0000025b096f8230_0;
    %assign/vec4 v0000025b096f7bf0_0, 0;
T_7.1 ;
    %jmp T_7;
    .thread T_7;
    .scope S_0000025b09666520;
T_8 ;
    %wait E_0000025b0969e5c0;
    %load/vec4 v0000025b096fd050_0;
    %flag_set/vec4 8;
    %jmp/0xz  T_8.0, 8;
    %pushi/vec4 0, 0, 32;
    %assign/vec4 v0000025b096fd9b0_0, 0;
    %jmp T_8.1;
T_8.0 ;
    %load/vec4 v0000025b096fbf70_0;
    %assign/vec4 v0000025b096fd9b0_0, 0;
T_8.1 ;
    %jmp T_8;
    .thread T_8;
    .scope S_0000025b09666390;
T_9 ;
    %pushi/vec4 0, 0, 32;
    %store/vec4 v0000025b096f8b90_0, 0, 32;
T_9.0 ;
    %load/vec4 v0000025b096f8b90_0;
    %cmpi/s 256, 0, 32;
    %jmp/0xz T_9.1, 5;
    %pushi/vec4 0, 0, 32;
    %ix/getv/s 4, v0000025b096f8b90_0;
    %store/vec4a v0000025b096fd190, 4, 0;
    %load/vec4 v0000025b096f8b90_0;
    %addi 1, 0, 32;
    %store/vec4 v0000025b096f8b90_0, 0, 32;
    %jmp T_9.0;
T_9.1 ;
    %pushi/vec4 5243155, 0, 32;
    %ix/load 4, 0, 0;
    %flag_set/imm 4, 0;
    %store/vec4a v0000025b096fd190, 4, 0;
    %pushi/vec4 8388847, 0, 32;
    %ix/load 4, 1, 0;
    %flag_set/imm 4, 0;
    %store/vec4a v0000025b096fd190, 4, 0;
    %pushi/vec4 1048979, 0, 32;
    %ix/load 4, 2, 0;
    %flag_set/imm 4, 0;
    %store/vec4a v0000025b096fd190, 4, 0;
    %pushi/vec4 103809555, 0, 32;
    %ix/load 4, 3, 0;
    %flag_set/imm 4, 0;
    %store/vec4a v0000025b096fd190, 4, 0;
    %end;
    .thread T_9;
    .scope S_0000025b0966b9e0;
T_10 ;
    %wait E_0000025b0969e5c0;
    %load/vec4 v0000025b096f8410_0;
    %flag_set/vec4 8;
    %jmp/0xz  T_10.0, 8;
    %pushi/vec4 0, 0, 32;
    %assign/vec4 v0000025b096f8730_0, 0;
    %pushi/vec4 0, 0, 32;
    %assign/vec4 v0000025b096f7f10_0, 0;
    %jmp T_10.1;
T_10.0 ;
    %load/vec4 v0000025b096f8190_0;
    %assign/vec4 v0000025b096f8730_0, 0;
    %load/vec4 v0000025b096f7e70_0;
    %assign/vec4 v0000025b096f7f10_0, 0;
T_10.1 ;
    %jmp T_10;
    .thread T_10;
    .scope S_0000025b0966b850;
T_11 ;
    %wait E_0000025b0969e780;
    %pushi/vec4 0, 0, 1;
    %store/vec4 v0000025b096f7ab0_0, 0, 1;
    %pushi/vec4 0, 0, 1;
    %store/vec4 v0000025b096f80f0_0, 0, 1;
    %pushi/vec4 0, 0, 1;
    %store/vec4 v0000025b096f7970_0, 0, 1;
    %pushi/vec4 0, 0, 1;
    %store/vec4 v0000025b096f78d0_0, 0, 1;
    %pushi/vec4 0, 0, 1;
    %store/vec4 v0000025b096f76f0_0, 0, 1;
    %pushi/vec4 0, 0, 1;
    %store/vec4 v0000025b096f93b0_0, 0, 1;
    %pushi/vec4 0, 0, 1;
    %store/vec4 v0000025b096f7650_0, 0, 1;
    %pushi/vec4 0, 0, 2;
    %store/vec4 v0000025b096f7510_0, 0, 2;
    %load/vec4 v0000025b096f82d0_0;
    %dup/vec4;
    %pushi/vec4 51, 0, 7;
    %cmp/u;
    %jmp/1 T_11.0, 6;
    %dup/vec4;
    %pushi/vec4 19, 0, 7;
    %cmp/u;
    %jmp/1 T_11.1, 6;
    %dup/vec4;
    %pushi/vec4 3, 0, 7;
    %cmp/u;
    %jmp/1 T_11.2, 6;
    %dup/vec4;
    %pushi/vec4 35, 0, 7;
    %cmp/u;
    %jmp/1 T_11.3, 6;
    %dup/vec4;
    %pushi/vec4 99, 0, 7;
    %cmp/u;
    %jmp/1 T_11.4, 6;
    %dup/vec4;
    %pushi/vec4 111, 0, 7;
    %cmp/u;
    %jmp/1 T_11.5, 6;
    %jmp T_11.6;
T_11.0 ;
    %pushi/vec4 1, 0, 1;
    %store/vec4 v0000025b096f7ab0_0, 0, 1;
    %pushi/vec4 0, 0, 1;
    %store/vec4 v0000025b096f78d0_0, 0, 1;
    %pushi/vec4 2, 0, 2;
    %store/vec4 v0000025b096f7510_0, 0, 2;
    %jmp T_11.6;
T_11.1 ;
    %pushi/vec4 1, 0, 1;
    %store/vec4 v0000025b096f7ab0_0, 0, 1;
    %pushi/vec4 1, 0, 1;
    %store/vec4 v0000025b096f78d0_0, 0, 1;
    %pushi/vec4 0, 0, 2;
    %store/vec4 v0000025b096f7510_0, 0, 2;
    %jmp T_11.6;
T_11.2 ;
    %pushi/vec4 1, 0, 1;
    %store/vec4 v0000025b096f7ab0_0, 0, 1;
    %pushi/vec4 1, 0, 1;
    %store/vec4 v0000025b096f80f0_0, 0, 1;
    %pushi/vec4 1, 0, 1;
    %store/vec4 v0000025b096f78d0_0, 0, 1;
    %pushi/vec4 1, 0, 1;
    %store/vec4 v0000025b096f76f0_0, 0, 1;
    %pushi/vec4 0, 0, 2;
    %store/vec4 v0000025b096f7510_0, 0, 2;
    %jmp T_11.6;
T_11.3 ;
    %pushi/vec4 1, 0, 1;
    %store/vec4 v0000025b096f7970_0, 0, 1;
    %pushi/vec4 1, 0, 1;
    %store/vec4 v0000025b096f78d0_0, 0, 1;
    %pushi/vec4 0, 0, 2;
    %store/vec4 v0000025b096f7510_0, 0, 2;
    %jmp T_11.6;
T_11.4 ;
    %pushi/vec4 1, 0, 1;
    %store/vec4 v0000025b096f93b0_0, 0, 1;
    %pushi/vec4 1, 0, 2;
    %store/vec4 v0000025b096f7510_0, 0, 2;
    %jmp T_11.6;
T_11.5 ;
    %pushi/vec4 1, 0, 1;
    %store/vec4 v0000025b096f7ab0_0, 0, 1;
    %pushi/vec4 1, 0, 1;
    %store/vec4 v0000025b096f7650_0, 0, 1;
    %jmp T_11.6;
T_11.6 ;
    %pop/vec4 1;
    %jmp T_11;
    .thread T_11, $push;
    .scope S_0000025b09673f70;
T_12 ;
    %pushi/vec4 0, 0, 1;
    %store/vec4 v0000025b096fdcd0_0, 0, 1;
T_12.0 ;
    %delay 5, 0;
    %load/vec4 v0000025b096fdcd0_0;
    %inv;
    %store/vec4 v0000025b096fdcd0_0, 0, 1;
    %jmp T_12.0;
    %end;
    .thread T_12;
    .scope S_0000025b09673f70;
T_13 ;
    %vpi_call 9 18 "$dumpfile", "dump.vcd" {0 0 0};
    %vpi_call 9 19 "$dumpvars", 32'sb00000000000000000000000000000000, S_0000025b09673f70 {0 0 0};
    %pushi/vec4 1, 0, 1;
    %store/vec4 v0000025b096fc1f0_0, 0, 1;
    %delay 10, 0;
    %pushi/vec4 0, 0, 1;
    %store/vec4 v0000025b096fc1f0_0, 0, 1;
    %delay 100, 0;
    %vpi_call 9 28 "$finish" {0 0 0};
    %end;
    .thread T_13;
    .scope S_0000025b09674100;
T_14 ;
    %wait E_0000025b0969e600;
    %load/vec4 v0000025b097094e0_0;
    %flag_set/vec4 9;
    %flag_get/vec4 9;
    %jmp/0 T_14.2, 9;
    %load/vec4 v0000025b096fd370_0;
    %pad/u 32;
    %pushi/vec4 0, 0, 32;
    %cmp/ne;
    %flag_get/vec4 4;
    %and;
T_14.2;
    %flag_set/vec4 8;
    %jmp/0xz  T_14.0, 8;
    %load/vec4 v0000025b09708180_0;
    %load/vec4 v0000025b096fd370_0;
    %pad/u 7;
    %ix/vec4 3;
    %ix/load 4, 0, 0; Constant delay
    %assign/vec4/a/d v0000025b09708360, 0, 4;
T_14.0 ;
    %jmp T_14;
    .thread T_14;
# The file index is used to find the file name in the following table.
:file_names 16;
    "N/A";
    "<interactive>";
    "rtl\ALU.v";
    "rtl\alu_control.v";
    "rtl\data_mem.v";
    "rtl\ex_mem.v";
    "rtl\id_ex.v";
    "rtl\imm_gen.v";
    "rtl\mem_wb.v";
    "tb\pipeline_cpu_top_v1_tb.v";
    "rtl\pipeline_cpu_top_v1.v";
    "rtl\control_unit.v";
    "rtl\if_id.v";
    "rtl\instr_mem.v";
    "rtl\pc.v";
    "rtl\regfile.v";
