#! /c/Source/iverilog-install/bin/vvp
:ivl_version "12.0 (devel)" "(s20150603-1539-g2693dd32b)";
:ivl_delay_selection "TYPICAL";
:vpi_time_precision + 0;
:vpi_module "D:\icarus\iverilog\lib\ivl\system.vpi";
:vpi_module "D:\icarus\iverilog\lib\ivl\vhdl_sys.vpi";
:vpi_module "D:\icarus\iverilog\lib\ivl\vhdl_textio.vpi";
:vpi_module "D:\icarus\iverilog\lib\ivl\v2005_math.vpi";
:vpi_module "D:\icarus\iverilog\lib\ivl\va_math.vpi";
S_00000182cadf7450 .scope module, "data_mem" "data_mem" 2 1;
 .timescale 0 0;
    .port_info 0 /INPUT 1 "clk";
    .port_info 1 /INPUT 1 "mem_read";
    .port_info 2 /INPUT 1 "mem_write";
    .port_info 3 /INPUT 32 "address";
    .port_info 4 /INPUT 32 "write_data";
    .port_info 5 /OUTPUT 32 "read_data";
v00000182cae1bec0_0 .net *"_ivl_0", 31 0, L_00000182cae82bb0;  1 drivers
v00000182cae1bb00_0 .net *"_ivl_3", 29 0, L_00000182cae83650;  1 drivers
L_00000182cae840d8 .functor BUFT 1, C4<00000000000000000000000000000000>, C4<0>, C4<0>, C4<0>;
v00000182cae1bf60_0 .net/2u *"_ivl_4", 31 0, L_00000182cae840d8;  1 drivers
o00000182cae25398 .functor BUFZ 32, C4<zzzzzzzzzzzzzzzzzzzzzzzzzzzzzzzz>; HiZ drive
v00000182cae1b100_0 .net "address", 31 0, o00000182cae25398;  0 drivers
o00000182cae253c8 .functor BUFZ 1, C4<z>; HiZ drive
v00000182cae1bba0_0 .net "clk", 0 0, o00000182cae253c8;  0 drivers
v00000182cae1bc40_0 .var/i "i", 31 0;
o00000182cae25428 .functor BUFZ 1, C4<z>; HiZ drive
v00000182cae1bd80_0 .net "mem_read", 0 0, o00000182cae25428;  0 drivers
o00000182cae25458 .functor BUFZ 1, C4<z>; HiZ drive
v00000182cae1c000_0 .net "mem_write", 0 0, o00000182cae25458;  0 drivers
v00000182cae1c3c0 .array "memory", 255 0, 31 0;
v00000182cae1c140_0 .net "read_data", 31 0, L_00000182cae83f10;  1 drivers
o00000182cae254b8 .functor BUFZ 32, C4<zzzzzzzzzzzzzzzzzzzzzzzzzzzzzzzz>; HiZ drive
v00000182cae1b420_0 .net "write_data", 31 0, o00000182cae254b8;  0 drivers
E_00000182cae18410 .event posedge, v00000182cae1bba0_0;
L_00000182cae82bb0 .array/port v00000182cae1c3c0, L_00000182cae83650;
L_00000182cae83650 .part o00000182cae25398, 2, 30;
L_00000182cae83f10 .functor MUXZ 32, L_00000182cae840d8, L_00000182cae82bb0, o00000182cae25428, C4<>;
S_00000182cadf75e0 .scope module, "ex_mem" "ex_mem" 3 1;
 .timescale 0 0;
    .port_info 0 /INPUT 1 "clk";
    .port_info 1 /INPUT 1 "reset";
    .port_info 2 /INPUT 32 "alu_result_in";
    .port_info 3 /INPUT 32 "write_data_in";
    .port_info 4 /INPUT 5 "rd_in";
    .port_info 5 /INPUT 1 "RegWrite_in";
    .port_info 6 /INPUT 1 "MemRead_in";
    .port_info 7 /INPUT 1 "MemWrite_in";
    .port_info 8 /INPUT 1 "MemToReg_in";
    .port_info 9 /OUTPUT 32 "alu_result_out";
    .port_info 10 /OUTPUT 32 "write_data_out";
    .port_info 11 /OUTPUT 5 "rd_out";
    .port_info 12 /OUTPUT 1 "RegWrite_out";
    .port_info 13 /OUTPUT 1 "MemRead_out";
    .port_info 14 /OUTPUT 1 "MemWrite_out";
    .port_info 15 /OUTPUT 1 "MemToReg_out";
o00000182cae25608 .functor BUFZ 1, C4<z>; HiZ drive
v00000182cae1c1e0_0 .net "MemRead_in", 0 0, o00000182cae25608;  0 drivers
v00000182cae1af20_0 .var "MemRead_out", 0 0;
o00000182cae25668 .functor BUFZ 1, C4<z>; HiZ drive
v00000182cae1b9c0_0 .net "MemToReg_in", 0 0, o00000182cae25668;  0 drivers
v00000182cae1ba60_0 .var "MemToReg_out", 0 0;
o00000182cae256c8 .functor BUFZ 1, C4<z>; HiZ drive
v00000182cae1b380_0 .net "MemWrite_in", 0 0, o00000182cae256c8;  0 drivers
v00000182cae1cb40_0 .var "MemWrite_out", 0 0;
o00000182cae25728 .functor BUFZ 1, C4<z>; HiZ drive
v00000182cae1ca00_0 .net "RegWrite_in", 0 0, o00000182cae25728;  0 drivers
v00000182cae1b7e0_0 .var "RegWrite_out", 0 0;
o00000182cae25788 .functor BUFZ 32, C4<zzzzzzzzzzzzzzzzzzzzzzzzzzzzzzzz>; HiZ drive
v00000182cae1b1a0_0 .net "alu_result_in", 31 0, o00000182cae25788;  0 drivers
v00000182cae1c280_0 .var "alu_result_out", 31 0;
o00000182cae257e8 .functor BUFZ 1, C4<z>; HiZ drive
v00000182cae1b880_0 .net "clk", 0 0, o00000182cae257e8;  0 drivers
o00000182cae25818 .functor BUFZ 5, C4<zzzzz>; HiZ drive
v00000182cae1c460_0 .net "rd_in", 4 0, o00000182cae25818;  0 drivers
v00000182cae1b4c0_0 .var "rd_out", 4 0;
o00000182cae25878 .functor BUFZ 1, C4<z>; HiZ drive
v00000182cae1c320_0 .net "reset", 0 0, o00000182cae25878;  0 drivers
o00000182cae258a8 .functor BUFZ 32, C4<zzzzzzzzzzzzzzzzzzzzzzzzzzzzzzzz>; HiZ drive
v00000182cae1b240_0 .net "write_data_in", 31 0, o00000182cae258a8;  0 drivers
v00000182cae1c500_0 .var "write_data_out", 31 0;
E_00000182cae18a50 .event posedge, v00000182cae1c320_0, v00000182cae1b880_0;
S_00000182cae00b00 .scope module, "mem_wb" "mem_wb" 4 1;
 .timescale 0 0;
    .port_info 0 /INPUT 1 "clk";
    .port_info 1 /INPUT 1 "reset";
    .port_info 2 /INPUT 32 "memory_data_in";
    .port_info 3 /INPUT 32 "alu_result_in";
    .port_info 4 /INPUT 5 "rd_in";
    .port_info 5 /INPUT 1 "RegWrite_in";
    .port_info 6 /INPUT 1 "MemToReg_in";
    .port_info 7 /OUTPUT 32 "memory_data_out";
    .port_info 8 /OUTPUT 32 "alu_result_out";
    .port_info 9 /OUTPUT 5 "rd_out";
    .port_info 10 /OUTPUT 1 "RegWrite_out";
    .port_info 11 /OUTPUT 1 "MemToReg_out";
o00000182cae25c08 .functor BUFZ 1, C4<z>; HiZ drive
v00000182cae1c5a0_0 .net "MemToReg_in", 0 0, o00000182cae25c08;  0 drivers
v00000182cae1c640_0 .var "MemToReg_out", 0 0;
o00000182cae25c68 .functor BUFZ 1, C4<z>; HiZ drive
v00000182cae1c820_0 .net "RegWrite_in", 0 0, o00000182cae25c68;  0 drivers
v00000182cae1c8c0_0 .var "RegWrite_out", 0 0;
o00000182cae25cc8 .functor BUFZ 32, C4<zzzzzzzzzzzzzzzzzzzzzzzzzzzzzzzz>; HiZ drive
v00000182cae1b6a0_0 .net "alu_result_in", 31 0, o00000182cae25cc8;  0 drivers
v00000182cae1b560_0 .var "alu_result_out", 31 0;
o00000182cae25d28 .functor BUFZ 1, C4<z>; HiZ drive
v00000182cae1c960_0 .net "clk", 0 0, o00000182cae25d28;  0 drivers
o00000182cae25d58 .functor BUFZ 32, C4<zzzzzzzzzzzzzzzzzzzzzzzzzzzzzzzz>; HiZ drive
v00000182cae1b600_0 .net "memory_data_in", 31 0, o00000182cae25d58;  0 drivers
v00000182cae1caa0_0 .var "memory_data_out", 31 0;
o00000182cae25db8 .functor BUFZ 5, C4<zzzzz>; HiZ drive
v00000182cae1afc0_0 .net "rd_in", 4 0, o00000182cae25db8;  0 drivers
v00000182cae1cbe0_0 .var "rd_out", 4 0;
o00000182cae25e18 .functor BUFZ 1, C4<z>; HiZ drive
v00000182cae1b740_0 .net "reset", 0 0, o00000182cae25e18;  0 drivers
E_00000182cae18490 .event posedge, v00000182cae1b740_0, v00000182cae1c960_0;
S_00000182cae00c90 .scope module, "pipeline_cpu_top_v2_tb" "pipeline_cpu_top_v2_tb" 5 1;
 .timescale 0 0;
v00000182cae83dd0_0 .var "clk", 0 0;
v00000182cae835b0_0 .var "reset", 0 0;
S_00000182cade68a0 .scope module, "dut" "pipeline_cpu_top_v2" 5 6, 6 1 0, S_00000182cae00c90;
 .timescale 0 0;
    .port_info 0 /INPUT 1 "clk";
    .port_info 1 /INPUT 1 "reset";
v00000182cae811e0_0 .net "ALUOp", 1 0, v00000182cae6c110_0;  1 drivers
v00000182cae80e20_0 .net "ALUSrc", 0 0, v00000182cae6cb10_0;  1 drivers
v00000182cae80100_0 .net "Branch", 0 0, v00000182cae6bf30_0;  1 drivers
v00000182cae80ec0_0 .net "Jump", 0 0, v00000182cae6d150_0;  1 drivers
v00000182cae81460_0 .net "MemRead", 0 0, v00000182cae6bb70_0;  1 drivers
v00000182cae81500_0 .net "MemToReg", 0 0, v00000182cae6c9d0_0;  1 drivers
v00000182cae81b40_0 .net "MemWrite", 0 0, v00000182cae6c070_0;  1 drivers
v00000182cae801a0_0 .net "RegWrite", 0 0, v00000182cae6d010_0;  1 drivers
L_00000182cae84120 .functor BUFT 1, C4<00000000000000000000000000000100>, C4<0>, C4<0>, C4<0>;
v00000182cae815a0_0 .net/2u *"_ivl_0", 31 0, L_00000182cae84120;  1 drivers
v00000182cae81e60_0 .net "alu_control", 2 0, v00000182cae1cd20_0;  1 drivers
v00000182cae81f00_0 .net "alu_operand_b", 31 0, L_00000182caedd7c0;  1 drivers
v00000182cae81fa0_0 .net "alu_result", 31 0, v00000182cae6d0b0_0;  1 drivers
v00000182cae80380_0 .net "clk", 0 0, v00000182cae83dd0_0;  1 drivers
v00000182cae80420_0 .net "funct3", 2 0, L_00000182cae82610;  1 drivers
v00000182cae82b10_0 .net "funct7", 6 0, L_00000182cae82cf0;  1 drivers
v00000182cae82c50_0 .net "id_ex_ALUSrc", 0 0, v00000182cae6c570_0;  1 drivers
v00000182cae838d0_0 .net "id_ex_Branch", 0 0, v00000182cae6bad0_0;  1 drivers
v00000182cae83d30_0 .net "id_ex_Jump", 0 0, v00000182cae6c430_0;  1 drivers
v00000182cae836f0_0 .net "id_ex_MemRead", 0 0, v00000182cae6be90_0;  1 drivers
v00000182cae83330_0 .net "id_ex_MemToReg", 0 0, v00000182cae6c4d0_0;  1 drivers
v00000182cae83970_0 .net "id_ex_MemWrite", 0 0, v00000182cae6ce30_0;  1 drivers
v00000182cae83a10_0 .net "id_ex_RegWrite", 0 0, v00000182cae6c250_0;  1 drivers
v00000182cae83e70_0 .net "id_ex_alu_control", 2 0, v00000182cae6c7f0_0;  1 drivers
v00000182cae83ab0_0 .net "id_ex_imm", 31 0, v00000182cae6ca70_0;  1 drivers
v00000182cae82390_0 .net "id_ex_pc", 31 0, v00000182cae6cbb0_0;  1 drivers
v00000182cae830b0_0 .net "id_ex_rd", 4 0, v00000182cae6c6b0_0;  1 drivers
v00000182cae83c90_0 .net "id_ex_read_data1", 31 0, v00000182cae6b710_0;  1 drivers
v00000182cae83790_0 .net "id_ex_read_data2", 31 0, v00000182cae6b530_0;  1 drivers
v00000182cae82430_0 .net "if_id_instruction", 31 0, v00000182cae6b5d0_0;  1 drivers
v00000182cae824d0_0 .net "if_id_pc", 31 0, v00000182cae6b7b0_0;  1 drivers
v00000182cae82d90_0 .net "imm_out", 31 0, v00000182cae81320_0;  1 drivers
v00000182cae82e30_0 .net "instruction", 31 0, L_00000182cadfb190;  1 drivers
v00000182cae83b50_0 .net "next_pc", 31 0, L_00000182cae82110;  1 drivers
v00000182cae82ed0_0 .net "opcode", 6 0, L_00000182cae822f0;  1 drivers
v00000182cae83fb0_0 .net "pc", 31 0, v00000182cae804c0_0;  1 drivers
v00000182cae82f70_0 .net "rd", 4 0, L_00000182cae82570;  1 drivers
v00000182cae83510_0 .net "read_data1", 31 0, L_00000182cae83290;  1 drivers
v00000182cae83010_0 .net "read_data2", 31 0, L_00000182caedc5a0;  1 drivers
v00000182cae83830_0 .net "reset", 0 0, v00000182cae835b0_0;  1 drivers
v00000182cae83bf0_0 .net "rs1", 4 0, L_00000182cae833d0;  1 drivers
v00000182cae821b0_0 .net "rs2", 4 0, L_00000182cae826b0;  1 drivers
v00000182cae82250_0 .net "zero", 0 0, L_00000182caedc640;  1 drivers
L_00000182cae82110 .arith/sum 32, v00000182cae804c0_0, L_00000182cae84120;
L_00000182cae822f0 .part v00000182cae6b5d0_0, 0, 7;
L_00000182cae82570 .part v00000182cae6b5d0_0, 7, 5;
L_00000182cae82610 .part v00000182cae6b5d0_0, 12, 3;
L_00000182cae833d0 .part v00000182cae6b5d0_0, 15, 5;
L_00000182cae826b0 .part v00000182cae6b5d0_0, 20, 5;
L_00000182cae82cf0 .part v00000182cae6b5d0_0, 25, 7;
L_00000182caedd7c0 .functor MUXZ 32, v00000182cae6b530_0, v00000182cae6ca70_0, v00000182cae6c570_0, C4<>;
S_00000182cade6a30 .scope module, "alu_ctrl" "alu_control" 6 141, 7 1 0, S_00000182cade68a0;
 .timescale 0 0;
    .port_info 0 /INPUT 2 "ALUOp";
    .port_info 1 /INPUT 3 "funct3";
    .port_info 2 /INPUT 7 "funct7";
    .port_info 3 /OUTPUT 3 "alu_control";
v00000182cae1cc80_0 .net "ALUOp", 1 0, v00000182cae6c110_0;  alias, 1 drivers
v00000182cae1cd20_0 .var "alu_control", 2 0;
v00000182cae1cdc0_0 .net "funct3", 2 0, L_00000182cae82610;  alias, 1 drivers
v00000182cae1b060_0 .net "funct7", 6 0, L_00000182cae82cf0;  alias, 1 drivers
E_00000182cae184d0 .event anyedge, v00000182cae1cc80_0, v00000182cae1b060_0, v00000182cae1cdc0_0;
S_00000182cade3f70 .scope module, "alu_inst" "ALU" 6 230, 8 1 0, S_00000182cade68a0;
 .timescale 0 0;
    .port_info 0 /INPUT 32 "a";
    .port_info 1 /INPUT 32 "b";
    .port_info 2 /INPUT 3 "alu_control";
    .port_info 3 /OUTPUT 32 "result";
    .port_info 4 /OUTPUT 1 "zero";
L_00000182cae84480 .functor BUFT 1, C4<00000000000000000000000000000000>, C4<0>, C4<0>, C4<0>;
v00000182cae1b2e0_0 .net/2u *"_ivl_0", 31 0, L_00000182cae84480;  1 drivers
v00000182cae6b490_0 .net "a", 31 0, v00000182cae6b710_0;  alias, 1 drivers
v00000182cae6ba30_0 .net "alu_control", 2 0, v00000182cae6c7f0_0;  alias, 1 drivers
v00000182cae6bfd0_0 .net "b", 31 0, L_00000182caedd7c0;  alias, 1 drivers
v00000182cae6d0b0_0 .var "result", 31 0;
v00000182cae6c750_0 .net "zero", 0 0, L_00000182caedc640;  alias, 1 drivers
E_00000182cae18c50 .event anyedge, v00000182cae6ba30_0, v00000182cae6b490_0, v00000182cae6bfd0_0;
L_00000182caedc640 .cmp/eq 32, v00000182cae6d0b0_0, L_00000182cae84480;
S_00000182cade4100 .scope module, "ctrl" "control_unit" 6 87, 9 1 0, S_00000182cade68a0;
 .timescale 0 0;
    .port_info 0 /INPUT 7 "opcode";
    .port_info 1 /OUTPUT 1 "RegWrite";
    .port_info 2 /OUTPUT 1 "MemRead";
    .port_info 3 /OUTPUT 1 "MemWrite";
    .port_info 4 /OUTPUT 1 "ALUSrc";
    .port_info 5 /OUTPUT 1 "MemToReg";
    .port_info 6 /OUTPUT 1 "Branch";
    .port_info 7 /OUTPUT 1 "Jump";
    .port_info 8 /OUTPUT 2 "ALUOp";
v00000182cae6c110_0 .var "ALUOp", 1 0;
v00000182cae6cb10_0 .var "ALUSrc", 0 0;
v00000182cae6bf30_0 .var "Branch", 0 0;
v00000182cae6d150_0 .var "Jump", 0 0;
v00000182cae6bb70_0 .var "MemRead", 0 0;
v00000182cae6c9d0_0 .var "MemToReg", 0 0;
v00000182cae6c070_0 .var "MemWrite", 0 0;
v00000182cae6d010_0 .var "RegWrite", 0 0;
v00000182cae6b3f0_0 .net "opcode", 6 0, L_00000182cae822f0;  alias, 1 drivers
E_00000182cae186d0 .event anyedge, v00000182cae6b3f0_0;
S_00000182cade11a0 .scope module, "id_ex_inst" "id_ex" 6 172, 10 1 0, S_00000182cade68a0;
 .timescale 0 0;
    .port_info 0 /INPUT 1 "clk";
    .port_info 1 /INPUT 1 "reset";
    .port_info 2 /INPUT 32 "pc_in";
    .port_info 3 /INPUT 32 "read_data1_in";
    .port_info 4 /INPUT 32 "read_data2_in";
    .port_info 5 /INPUT 32 "imm_in";
    .port_info 6 /INPUT 5 "rd_in";
    .port_info 7 /INPUT 1 "RegWrite_in";
    .port_info 8 /INPUT 1 "MemRead_in";
    .port_info 9 /INPUT 1 "MemWrite_in";
    .port_info 10 /INPUT 1 "MemToReg_in";
    .port_info 11 /INPUT 1 "ALUSrc_in";
    .port_info 12 /INPUT 1 "Branch_in";
    .port_info 13 /INPUT 1 "Jump_in";
    .port_info 14 /INPUT 3 "alu_control_in";
    .port_info 15 /OUTPUT 32 "pc_out";
    .port_info 16 /OUTPUT 32 "read_data1_out";
    .port_info 17 /OUTPUT 32 "read_data2_out";
    .port_info 18 /OUTPUT 32 "imm_out";
    .port_info 19 /OUTPUT 5 "rd_out";
    .port_info 20 /OUTPUT 1 "RegWrite_out";
    .port_info 21 /OUTPUT 1 "MemRead_out";
    .port_info 22 /OUTPUT 1 "MemWrite_out";
    .port_info 23 /OUTPUT 1 "MemToReg_out";
    .port_info 24 /OUTPUT 1 "ALUSrc_out";
    .port_info 25 /OUTPUT 1 "Branch_out";
    .port_info 26 /OUTPUT 1 "Jump_out";
    .port_info 27 /OUTPUT 3 "alu_control_out";
v00000182cae6cf70_0 .net "ALUSrc_in", 0 0, v00000182cae6cb10_0;  alias, 1 drivers
v00000182cae6c570_0 .var "ALUSrc_out", 0 0;
v00000182cae6bd50_0 .net "Branch_in", 0 0, v00000182cae6bf30_0;  alias, 1 drivers
v00000182cae6bad0_0 .var "Branch_out", 0 0;
v00000182cae6bc10_0 .net "Jump_in", 0 0, v00000182cae6d150_0;  alias, 1 drivers
v00000182cae6c430_0 .var "Jump_out", 0 0;
v00000182cae6b670_0 .net "MemRead_in", 0 0, v00000182cae6bb70_0;  alias, 1 drivers
v00000182cae6be90_0 .var "MemRead_out", 0 0;
v00000182cae6bcb0_0 .net "MemToReg_in", 0 0, v00000182cae6c9d0_0;  alias, 1 drivers
v00000182cae6c4d0_0 .var "MemToReg_out", 0 0;
v00000182cae6bdf0_0 .net "MemWrite_in", 0 0, v00000182cae6c070_0;  alias, 1 drivers
v00000182cae6ce30_0 .var "MemWrite_out", 0 0;
v00000182cae6c1b0_0 .net "RegWrite_in", 0 0, v00000182cae6d010_0;  alias, 1 drivers
v00000182cae6c250_0 .var "RegWrite_out", 0 0;
v00000182cae6ccf0_0 .net "alu_control_in", 2 0, v00000182cae1cd20_0;  alias, 1 drivers
v00000182cae6c7f0_0 .var "alu_control_out", 2 0;
v00000182cae6c2f0_0 .net "clk", 0 0, v00000182cae83dd0_0;  alias, 1 drivers
v00000182cae6c390_0 .net "imm_in", 31 0, v00000182cae81320_0;  alias, 1 drivers
v00000182cae6ca70_0 .var "imm_out", 31 0;
v00000182cae6c610_0 .net "pc_in", 31 0, v00000182cae6b7b0_0;  alias, 1 drivers
v00000182cae6cbb0_0 .var "pc_out", 31 0;
v00000182cae6cd90_0 .net "rd_in", 4 0, L_00000182cae82570;  alias, 1 drivers
v00000182cae6c6b0_0 .var "rd_out", 4 0;
v00000182cae6c890_0 .net "read_data1_in", 31 0, L_00000182cae83290;  alias, 1 drivers
v00000182cae6b710_0 .var "read_data1_out", 31 0;
v00000182cae6d290_0 .net "read_data2_in", 31 0, L_00000182caedc5a0;  alias, 1 drivers
v00000182cae6b530_0 .var "read_data2_out", 31 0;
v00000182cae6c930_0 .net "reset", 0 0, v00000182cae835b0_0;  alias, 1 drivers
E_00000182cae18450 .event posedge, v00000182cae6c930_0, v00000182cae6c2f0_0;
S_00000182caddb850 .scope module, "if_id_inst" "if_id" 6 43, 11 1 0, S_00000182cade68a0;
 .timescale 0 0;
    .port_info 0 /INPUT 1 "clk";
    .port_info 1 /INPUT 1 "reset";
    .port_info 2 /INPUT 32 "pc_in";
    .port_info 3 /INPUT 32 "instruction_in";
    .port_info 4 /OUTPUT 32 "pc_out";
    .port_info 5 /OUTPUT 32 "instruction_out";
v00000182cae6cc50_0 .net "clk", 0 0, v00000182cae83dd0_0;  alias, 1 drivers
v00000182cae6ced0_0 .net "instruction_in", 31 0, L_00000182cadfb190;  alias, 1 drivers
v00000182cae6b5d0_0 .var "instruction_out", 31 0;
v00000182cae6d1f0_0 .net "pc_in", 31 0, v00000182cae804c0_0;  alias, 1 drivers
v00000182cae6b7b0_0 .var "pc_out", 31 0;
v00000182cae6b850_0 .net "reset", 0 0, v00000182cae835b0_0;  alias, 1 drivers
S_00000182caddb9e0 .scope module, "imem" "instr_mem" 6 29, 12 1 0, S_00000182cade68a0;
 .timescale 0 0;
    .port_info 0 /INPUT 32 "address";
    .port_info 1 /OUTPUT 32 "instruction";
L_00000182cadfb190 .functor BUFZ 32, L_00000182cae83150, C4<00000000000000000000000000000000>, C4<00000000000000000000000000000000>, C4<00000000000000000000000000000000>;
v00000182cae6b8f0_0 .net *"_ivl_0", 31 0, L_00000182cae83150;  1 drivers
v00000182cae80600_0 .net *"_ivl_3", 29 0, L_00000182cae82a70;  1 drivers
v00000182cae81c80_0 .net "address", 31 0, v00000182cae804c0_0;  alias, 1 drivers
v00000182cae809c0_0 .var/i "i", 31 0;
v00000182cae81280_0 .net "instruction", 31 0, L_00000182cadfb190;  alias, 1 drivers
v00000182cae806a0 .array "memory", 255 0, 31 0;
L_00000182cae83150 .array/port v00000182cae806a0, L_00000182cae82a70;
L_00000182cae82a70 .part v00000182cae804c0_0, 2, 30;
S_00000182cadd6390 .scope module, "immgen" "imm_gen" 6 130, 13 1 0, S_00000182cade68a0;
 .timescale 0 0;
    .port_info 0 /INPUT 32 "instruction";
    .port_info 1 /OUTPUT 32 "imm_out";
v00000182cae81320_0 .var "imm_out", 31 0;
v00000182cae81000_0 .net "instruction", 31 0, v00000182cae6b5d0_0;  alias, 1 drivers
E_00000182cae18990 .event anyedge, v00000182cae6b5d0_0;
S_00000182cadd6520 .scope module, "pc_inst" "pc" 6 18, 14 1 0, S_00000182cade68a0;
 .timescale 0 0;
    .port_info 0 /INPUT 1 "clk";
    .port_info 1 /INPUT 1 "reset";
    .port_info 2 /INPUT 32 "next_pc";
    .port_info 3 /OUTPUT 32 "pc_out";
v00000182cae81820_0 .net "clk", 0 0, v00000182cae83dd0_0;  alias, 1 drivers
v00000182cae80c40_0 .net "next_pc", 31 0, L_00000182cae82110;  alias, 1 drivers
v00000182cae804c0_0 .var "pc_out", 31 0;
v00000182cae816e0_0 .net "reset", 0 0, v00000182cae835b0_0;  alias, 1 drivers
S_00000182cadce5c0 .scope module, "rf" "regfile" 6 108, 15 1 0, S_00000182cade68a0;
 .timescale 0 0;
    .port_info 0 /INPUT 1 "clk";
    .port_info 1 /INPUT 1 "reg_write";
    .port_info 2 /INPUT 5 "rs1";
    .port_info 3 /INPUT 5 "rs2";
    .port_info 4 /INPUT 5 "rd";
    .port_info 5 /INPUT 32 "write_data";
    .port_info 6 /OUTPUT 32 "read_data1";
    .port_info 7 /OUTPUT 32 "read_data2";
v00000182cae80560_0 .net *"_ivl_0", 31 0, L_00000182cae82750;  1 drivers
v00000182cae80b00_0 .net *"_ivl_10", 31 0, L_00000182cae82890;  1 drivers
v00000182cae81d20_0 .net *"_ivl_12", 6 0, L_00000182cae831f0;  1 drivers
L_00000182cae84240 .functor BUFT 1, C4<00>, C4<0>, C4<0>, C4<0>;
v00000182cae807e0_0 .net *"_ivl_15", 1 0, L_00000182cae84240;  1 drivers
v00000182cae80740_0 .net *"_ivl_18", 31 0, L_00000182cae82930;  1 drivers
L_00000182cae84288 .functor BUFT 1, C4<000000000000000000000000000>, C4<0>, C4<0>, C4<0>;
v00000182cae80880_0 .net *"_ivl_21", 26 0, L_00000182cae84288;  1 drivers
L_00000182cae842d0 .functor BUFT 1, C4<00000000000000000000000000000000>, C4<0>, C4<0>, C4<0>;
v00000182cae81aa0_0 .net/2u *"_ivl_22", 31 0, L_00000182cae842d0;  1 drivers
v00000182cae80920_0 .net *"_ivl_24", 0 0, L_00000182cae83470;  1 drivers
L_00000182cae84318 .functor BUFT 1, C4<00000000000000000000000000000000>, C4<0>, C4<0>, C4<0>;
v00000182cae80a60_0 .net/2u *"_ivl_26", 31 0, L_00000182cae84318;  1 drivers
v00000182cae80240_0 .net *"_ivl_28", 31 0, L_00000182cae829d0;  1 drivers
L_00000182cae84168 .functor BUFT 1, C4<000000000000000000000000000>, C4<0>, C4<0>, C4<0>;
v00000182cae81be0_0 .net *"_ivl_3", 26 0, L_00000182cae84168;  1 drivers
v00000182cae81a00_0 .net *"_ivl_30", 6 0, L_00000182caeddf40;  1 drivers
L_00000182cae84360 .functor BUFT 1, C4<00>, C4<0>, C4<0>, C4<0>;
v00000182cae810a0_0 .net *"_ivl_33", 1 0, L_00000182cae84360;  1 drivers
L_00000182cae841b0 .functor BUFT 1, C4<00000000000000000000000000000000>, C4<0>, C4<0>, C4<0>;
v00000182cae818c0_0 .net/2u *"_ivl_4", 31 0, L_00000182cae841b0;  1 drivers
v00000182cae813c0_0 .net *"_ivl_6", 0 0, L_00000182cae827f0;  1 drivers
L_00000182cae841f8 .functor BUFT 1, C4<00000000000000000000000000000000>, C4<0>, C4<0>, C4<0>;
v00000182cae81780_0 .net/2u *"_ivl_8", 31 0, L_00000182cae841f8;  1 drivers
v00000182cae81dc0_0 .net "clk", 0 0, v00000182cae83dd0_0;  alias, 1 drivers
L_00000182cae843f0 .functor BUFT 1, C4<00000>, C4<0>, C4<0>, C4<0>;
v00000182cae80d80_0 .net "rd", 4 0, L_00000182cae843f0;  1 drivers
v00000182cae80ba0_0 .net "read_data1", 31 0, L_00000182cae83290;  alias, 1 drivers
v00000182cae81640_0 .net "read_data2", 31 0, L_00000182caedc5a0;  alias, 1 drivers
L_00000182cae843a8 .functor BUFT 1, C4<0>, C4<0>, C4<0>, C4<0>;
v00000182cae81140_0 .net "reg_write", 0 0, L_00000182cae843a8;  1 drivers
v00000182cae81960 .array "registers", 0 31, 31 0;
v00000182cae802e0_0 .net "rs1", 4 0, L_00000182cae833d0;  alias, 1 drivers
v00000182cae80f60_0 .net "rs2", 4 0, L_00000182cae826b0;  alias, 1 drivers
L_00000182cae84438 .functor BUFT 1, C4<00000000000000000000000000000000>, C4<0>, C4<0>, C4<0>;
v00000182cae80ce0_0 .net "write_data", 31 0, L_00000182cae84438;  1 drivers
E_00000182cae182d0 .event posedge, v00000182cae6c2f0_0;
L_00000182cae82750 .concat [ 5 27 0 0], L_00000182cae833d0, L_00000182cae84168;
L_00000182cae827f0 .cmp/eq 32, L_00000182cae82750, L_00000182cae841b0;
L_00000182cae82890 .array/port v00000182cae81960, L_00000182cae831f0;
L_00000182cae831f0 .concat [ 5 2 0 0], L_00000182cae833d0, L_00000182cae84240;
L_00000182cae83290 .functor MUXZ 32, L_00000182cae82890, L_00000182cae841f8, L_00000182cae827f0, C4<>;
L_00000182cae82930 .concat [ 5 27 0 0], L_00000182cae826b0, L_00000182cae84288;
L_00000182cae83470 .cmp/eq 32, L_00000182cae82930, L_00000182cae842d0;
L_00000182cae829d0 .array/port v00000182cae81960, L_00000182caeddf40;
L_00000182caeddf40 .concat [ 5 2 0 0], L_00000182cae826b0, L_00000182cae84360;
L_00000182caedc5a0 .functor MUXZ 32, L_00000182cae829d0, L_00000182cae84318, L_00000182cae83470, C4<>;
    .scope S_00000182cadf7450;
T_0 ;
    %pushi/vec4 0, 0, 32;
    %store/vec4 v00000182cae1bc40_0, 0, 32;
T_0.0 ;
    %load/vec4 v00000182cae1bc40_0;
    %cmpi/s 256, 0, 32;
    %jmp/0xz T_0.1, 5;
    %pushi/vec4 0, 0, 32;
    %ix/getv/s 4, v00000182cae1bc40_0;
    %store/vec4a v00000182cae1c3c0, 4, 0;
    %load/vec4 v00000182cae1bc40_0;
    %addi 1, 0, 32;
    %store/vec4 v00000182cae1bc40_0, 0, 32;
    %jmp T_0.0;
T_0.1 ;
    %end;
    .thread T_0;
    .scope S_00000182cadf7450;
T_1 ;
    %wait E_00000182cae18410;
    %load/vec4 v00000182cae1c000_0;
    %flag_set/vec4 8;
    %jmp/0xz  T_1.0, 8;
    %load/vec4 v00000182cae1b420_0;
    %load/vec4 v00000182cae1b100_0;
    %parti/s 30, 2, 3;
    %ix/vec4 3;
    %ix/load 4, 0, 0; Constant delay
    %assign/vec4/a/d v00000182cae1c3c0, 0, 4;
T_1.0 ;
    %jmp T_1;
    .thread T_1;
    .scope S_00000182cadf75e0;
T_2 ;
    %wait E_00000182cae18a50;
    %load/vec4 v00000182cae1c320_0;
    %flag_set/vec4 8;
    %jmp/0xz  T_2.0, 8;
    %pushi/vec4 0, 0, 32;
    %assign/vec4 v00000182cae1c280_0, 0;
    %pushi/vec4 0, 0, 32;
    %assign/vec4 v00000182cae1c500_0, 0;
    %pushi/vec4 0, 0, 5;
    %assign/vec4 v00000182cae1b4c0_0, 0;
    %pushi/vec4 0, 0, 1;
    %assign/vec4 v00000182cae1b7e0_0, 0;
    %pushi/vec4 0, 0, 1;
    %assign/vec4 v00000182cae1af20_0, 0;
    %pushi/vec4 0, 0, 1;
    %assign/vec4 v00000182cae1cb40_0, 0;
    %pushi/vec4 0, 0, 1;
    %assign/vec4 v00000182cae1ba60_0, 0;
    %jmp T_2.1;
T_2.0 ;
    %load/vec4 v00000182cae1b1a0_0;
    %assign/vec4 v00000182cae1c280_0, 0;
    %load/vec4 v00000182cae1b240_0;
    %assign/vec4 v00000182cae1c500_0, 0;
    %load/vec4 v00000182cae1c460_0;
    %assign/vec4 v00000182cae1b4c0_0, 0;
    %load/vec4 v00000182cae1ca00_0;
    %assign/vec4 v00000182cae1b7e0_0, 0;
    %load/vec4 v00000182cae1c1e0_0;
    %assign/vec4 v00000182cae1af20_0, 0;
    %load/vec4 v00000182cae1b380_0;
    %assign/vec4 v00000182cae1cb40_0, 0;
    %load/vec4 v00000182cae1b9c0_0;
    %assign/vec4 v00000182cae1ba60_0, 0;
T_2.1 ;
    %jmp T_2;
    .thread T_2;
    .scope S_00000182cae00b00;
T_3 ;
    %wait E_00000182cae18490;
    %load/vec4 v00000182cae1b740_0;
    %flag_set/vec4 8;
    %jmp/0xz  T_3.0, 8;
    %pushi/vec4 0, 0, 32;
    %assign/vec4 v00000182cae1caa0_0, 0;
    %pushi/vec4 0, 0, 32;
    %assign/vec4 v00000182cae1b560_0, 0;
    %pushi/vec4 0, 0, 5;
    %assign/vec4 v00000182cae1cbe0_0, 0;
    %pushi/vec4 0, 0, 1;
    %assign/vec4 v00000182cae1c8c0_0, 0;
    %pushi/vec4 0, 0, 1;
    %assign/vec4 v00000182cae1c640_0, 0;
    %jmp T_3.1;
T_3.0 ;
    %load/vec4 v00000182cae1b600_0;
    %assign/vec4 v00000182cae1caa0_0, 0;
    %load/vec4 v00000182cae1b6a0_0;
    %assign/vec4 v00000182cae1b560_0, 0;
    %load/vec4 v00000182cae1afc0_0;
    %assign/vec4 v00000182cae1cbe0_0, 0;
    %load/vec4 v00000182cae1c820_0;
    %assign/vec4 v00000182cae1c8c0_0, 0;
    %load/vec4 v00000182cae1c5a0_0;
    %assign/vec4 v00000182cae1c640_0, 0;
T_3.1 ;
    %jmp T_3;
    .thread T_3;
    .scope S_00000182cadd6520;
T_4 ;
    %wait E_00000182cae18450;
    %load/vec4 v00000182cae816e0_0;
    %flag_set/vec4 8;
    %jmp/0xz  T_4.0, 8;
    %pushi/vec4 0, 0, 32;
    %assign/vec4 v00000182cae804c0_0, 0;
    %jmp T_4.1;
T_4.0 ;
    %load/vec4 v00000182cae80c40_0;
    %assign/vec4 v00000182cae804c0_0, 0;
T_4.1 ;
    %jmp T_4;
    .thread T_4;
    .scope S_00000182caddb9e0;
T_5 ;
    %pushi/vec4 0, 0, 32;
    %store/vec4 v00000182cae809c0_0, 0, 32;
T_5.0 ;
    %load/vec4 v00000182cae809c0_0;
    %cmpi/s 256, 0, 32;
    %jmp/0xz T_5.1, 5;
    %pushi/vec4 0, 0, 32;
    %ix/getv/s 4, v00000182cae809c0_0;
    %store/vec4a v00000182cae806a0, 4, 0;
    %load/vec4 v00000182cae809c0_0;
    %addi 1, 0, 32;
    %store/vec4 v00000182cae809c0_0, 0, 32;
    %jmp T_5.0;
T_5.1 ;
    %pushi/vec4 5243155, 0, 32;
    %ix/load 4, 0, 0;
    %flag_set/imm 4, 0;
    %store/vec4a v00000182cae806a0, 4, 0;
    %pushi/vec4 8388847, 0, 32;
    %ix/load 4, 1, 0;
    %flag_set/imm 4, 0;
    %store/vec4a v00000182cae806a0, 4, 0;
    %pushi/vec4 1048979, 0, 32;
    %ix/load 4, 2, 0;
    %flag_set/imm 4, 0;
    %store/vec4a v00000182cae806a0, 4, 0;
    %pushi/vec4 103809555, 0, 32;
    %ix/load 4, 3, 0;
    %flag_set/imm 4, 0;
    %store/vec4a v00000182cae806a0, 4, 0;
    %end;
    .thread T_5;
    .scope S_00000182caddb850;
T_6 ;
    %wait E_00000182cae18450;
    %load/vec4 v00000182cae6b850_0;
    %flag_set/vec4 8;
    %jmp/0xz  T_6.0, 8;
    %pushi/vec4 0, 0, 32;
    %assign/vec4 v00000182cae6b7b0_0, 0;
    %pushi/vec4 0, 0, 32;
    %assign/vec4 v00000182cae6b5d0_0, 0;
    %jmp T_6.1;
T_6.0 ;
    %load/vec4 v00000182cae6d1f0_0;
    %assign/vec4 v00000182cae6b7b0_0, 0;
    %load/vec4 v00000182cae6ced0_0;
    %assign/vec4 v00000182cae6b5d0_0, 0;
T_6.1 ;
    %jmp T_6;
    .thread T_6;
    .scope S_00000182cade4100;
T_7 ;
    %wait E_00000182cae186d0;
    %pushi/vec4 0, 0, 1;
    %store/vec4 v00000182cae6d010_0, 0, 1;
    %pushi/vec4 0, 0, 1;
    %store/vec4 v00000182cae6bb70_0, 0, 1;
    %pushi/vec4 0, 0, 1;
    %store/vec4 v00000182cae6c070_0, 0, 1;
    %pushi/vec4 0, 0, 1;
    %store/vec4 v00000182cae6cb10_0, 0, 1;
    %pushi/vec4 0, 0, 1;
    %store/vec4 v00000182cae6c9d0_0, 0, 1;
    %pushi/vec4 0, 0, 1;
    %store/vec4 v00000182cae6bf30_0, 0, 1;
    %pushi/vec4 0, 0, 1;
    %store/vec4 v00000182cae6d150_0, 0, 1;
    %pushi/vec4 0, 0, 2;
    %store/vec4 v00000182cae6c110_0, 0, 2;
    %load/vec4 v00000182cae6b3f0_0;
    %dup/vec4;
    %pushi/vec4 51, 0, 7;
    %cmp/u;
    %jmp/1 T_7.0, 6;
    %dup/vec4;
    %pushi/vec4 19, 0, 7;
    %cmp/u;
    %jmp/1 T_7.1, 6;
    %dup/vec4;
    %pushi/vec4 3, 0, 7;
    %cmp/u;
    %jmp/1 T_7.2, 6;
    %dup/vec4;
    %pushi/vec4 35, 0, 7;
    %cmp/u;
    %jmp/1 T_7.3, 6;
    %dup/vec4;
    %pushi/vec4 99, 0, 7;
    %cmp/u;
    %jmp/1 T_7.4, 6;
    %dup/vec4;
    %pushi/vec4 111, 0, 7;
    %cmp/u;
    %jmp/1 T_7.5, 6;
    %jmp T_7.6;
T_7.0 ;
    %pushi/vec4 1, 0, 1;
    %store/vec4 v00000182cae6d010_0, 0, 1;
    %pushi/vec4 0, 0, 1;
    %store/vec4 v00000182cae6cb10_0, 0, 1;
    %pushi/vec4 2, 0, 2;
    %store/vec4 v00000182cae6c110_0, 0, 2;
    %jmp T_7.6;
T_7.1 ;
    %pushi/vec4 1, 0, 1;
    %store/vec4 v00000182cae6d010_0, 0, 1;
    %pushi/vec4 1, 0, 1;
    %store/vec4 v00000182cae6cb10_0, 0, 1;
    %pushi/vec4 0, 0, 2;
    %store/vec4 v00000182cae6c110_0, 0, 2;
    %jmp T_7.6;
T_7.2 ;
    %pushi/vec4 1, 0, 1;
    %store/vec4 v00000182cae6d010_0, 0, 1;
    %pushi/vec4 1, 0, 1;
    %store/vec4 v00000182cae6bb70_0, 0, 1;
    %pushi/vec4 1, 0, 1;
    %store/vec4 v00000182cae6cb10_0, 0, 1;
    %pushi/vec4 1, 0, 1;
    %store/vec4 v00000182cae6c9d0_0, 0, 1;
    %pushi/vec4 0, 0, 2;
    %store/vec4 v00000182cae6c110_0, 0, 2;
    %jmp T_7.6;
T_7.3 ;
    %pushi/vec4 1, 0, 1;
    %store/vec4 v00000182cae6c070_0, 0, 1;
    %pushi/vec4 1, 0, 1;
    %store/vec4 v00000182cae6cb10_0, 0, 1;
    %pushi/vec4 0, 0, 2;
    %store/vec4 v00000182cae6c110_0, 0, 2;
    %jmp T_7.6;
T_7.4 ;
    %pushi/vec4 1, 0, 1;
    %store/vec4 v00000182cae6bf30_0, 0, 1;
    %pushi/vec4 1, 0, 2;
    %store/vec4 v00000182cae6c110_0, 0, 2;
    %jmp T_7.6;
T_7.5 ;
    %pushi/vec4 1, 0, 1;
    %store/vec4 v00000182cae6d010_0, 0, 1;
    %pushi/vec4 1, 0, 1;
    %store/vec4 v00000182cae6d150_0, 0, 1;
    %jmp T_7.6;
T_7.6 ;
    %pop/vec4 1;
    %jmp T_7;
    .thread T_7, $push;
    .scope S_00000182cadce5c0;
T_8 ;
    %wait E_00000182cae182d0;
    %load/vec4 v00000182cae81140_0;
    %flag_set/vec4 9;
    %flag_get/vec4 9;
    %jmp/0 T_8.2, 9;
    %load/vec4 v00000182cae80d80_0;
    %pad/u 32;
    %pushi/vec4 0, 0, 32;
    %cmp/ne;
    %flag_get/vec4 4;
    %and;
T_8.2;
    %flag_set/vec4 8;
    %jmp/0xz  T_8.0, 8;
    %load/vec4 v00000182cae80ce0_0;
    %load/vec4 v00000182cae80d80_0;
    %pad/u 7;
    %ix/vec4 3;
    %ix/load 4, 0, 0; Constant delay
    %assign/vec4/a/d v00000182cae81960, 0, 4;
T_8.0 ;
    %jmp T_8;
    .thread T_8;
    .scope S_00000182cadd6390;
T_9 ;
    %wait E_00000182cae18990;
    %load/vec4 v00000182cae81000_0;
    %parti/s 7, 0, 2;
    %dup/vec4;
    %pushi/vec4 19, 0, 7;
    %cmp/u;
    %jmp/1 T_9.0, 6;
    %dup/vec4;
    %pushi/vec4 3, 0, 7;
    %cmp/u;
    %jmp/1 T_9.1, 6;
    %dup/vec4;
    %pushi/vec4 35, 0, 7;
    %cmp/u;
    %jmp/1 T_9.2, 6;
    %dup/vec4;
    %pushi/vec4 99, 0, 7;
    %cmp/u;
    %jmp/1 T_9.3, 6;
    %dup/vec4;
    %pushi/vec4 111, 0, 7;
    %cmp/u;
    %jmp/1 T_9.4, 6;
    %pushi/vec4 0, 0, 32;
    %store/vec4 v00000182cae81320_0, 0, 32;
    %jmp T_9.6;
T_9.0 ;
    %load/vec4 v00000182cae81000_0;
    %parti/s 1, 31, 6;
    %replicate 20;
    %load/vec4 v00000182cae81000_0;
    %parti/s 12, 20, 6;
    %concat/vec4; draw_concat_vec4
    %store/vec4 v00000182cae81320_0, 0, 32;
    %jmp T_9.6;
T_9.1 ;
    %load/vec4 v00000182cae81000_0;
    %parti/s 1, 31, 6;
    %replicate 20;
    %load/vec4 v00000182cae81000_0;
    %parti/s 12, 20, 6;
    %concat/vec4; draw_concat_vec4
    %store/vec4 v00000182cae81320_0, 0, 32;
    %jmp T_9.6;
T_9.2 ;
    %load/vec4 v00000182cae81000_0;
    %parti/s 1, 31, 6;
    %replicate 20;
    %load/vec4 v00000182cae81000_0;
    %parti/s 7, 25, 6;
    %concat/vec4; draw_concat_vec4
    %load/vec4 v00000182cae81000_0;
    %parti/s 5, 7, 4;
    %concat/vec4; draw_concat_vec4
    %store/vec4 v00000182cae81320_0, 0, 32;
    %jmp T_9.6;
T_9.3 ;
    %load/vec4 v00000182cae81000_0;
    %parti/s 1, 31, 6;
    %replicate 19;
    %load/vec4 v00000182cae81000_0;
    %parti/s 1, 31, 6;
    %concat/vec4; draw_concat_vec4
    %load/vec4 v00000182cae81000_0;
    %parti/s 1, 7, 4;
    %concat/vec4; draw_concat_vec4
    %load/vec4 v00000182cae81000_0;
    %parti/s 6, 25, 6;
    %concat/vec4; draw_concat_vec4
    %load/vec4 v00000182cae81000_0;
    %parti/s 4, 8, 5;
    %concat/vec4; draw_concat_vec4
    %concati/vec4 0, 0, 1;
    %store/vec4 v00000182cae81320_0, 0, 32;
    %jmp T_9.6;
T_9.4 ;
    %load/vec4 v00000182cae81000_0;
    %parti/s 1, 31, 6;
    %replicate 11;
    %load/vec4 v00000182cae81000_0;
    %parti/s 1, 31, 6;
    %concat/vec4; draw_concat_vec4
    %load/vec4 v00000182cae81000_0;
    %parti/s 8, 12, 5;
    %concat/vec4; draw_concat_vec4
    %load/vec4 v00000182cae81000_0;
    %parti/s 1, 20, 6;
    %concat/vec4; draw_concat_vec4
    %load/vec4 v00000182cae81000_0;
    %parti/s 10, 21, 6;
    %concat/vec4; draw_concat_vec4
    %concati/vec4 0, 0, 1;
    %store/vec4 v00000182cae81320_0, 0, 32;
    %jmp T_9.6;
T_9.6 ;
    %pop/vec4 1;
    %jmp T_9;
    .thread T_9, $push;
    .scope S_00000182cade6a30;
T_10 ;
    %wait E_00000182cae184d0;
    %load/vec4 v00000182cae1cc80_0;
    %dup/vec4;
    %pushi/vec4 0, 0, 2;
    %cmp/u;
    %jmp/1 T_10.0, 6;
    %dup/vec4;
    %pushi/vec4 1, 0, 2;
    %cmp/u;
    %jmp/1 T_10.1, 6;
    %dup/vec4;
    %pushi/vec4 2, 0, 2;
    %cmp/u;
    %jmp/1 T_10.2, 6;
    %pushi/vec4 0, 0, 3;
    %store/vec4 v00000182cae1cd20_0, 0, 3;
    %jmp T_10.4;
T_10.0 ;
    %pushi/vec4 0, 0, 3;
    %store/vec4 v00000182cae1cd20_0, 0, 3;
    %jmp T_10.4;
T_10.1 ;
    %pushi/vec4 1, 0, 3;
    %store/vec4 v00000182cae1cd20_0, 0, 3;
    %jmp T_10.4;
T_10.2 ;
    %load/vec4 v00000182cae1b060_0;
    %load/vec4 v00000182cae1cdc0_0;
    %concat/vec4; draw_concat_vec4
    %dup/vec4;
    %pushi/vec4 0, 0, 10;
    %cmp/u;
    %jmp/1 T_10.5, 6;
    %dup/vec4;
    %pushi/vec4 256, 0, 10;
    %cmp/u;
    %jmp/1 T_10.6, 6;
    %dup/vec4;
    %pushi/vec4 7, 0, 10;
    %cmp/u;
    %jmp/1 T_10.7, 6;
    %dup/vec4;
    %pushi/vec4 6, 0, 10;
    %cmp/u;
    %jmp/1 T_10.8, 6;
    %dup/vec4;
    %pushi/vec4 4, 0, 10;
    %cmp/u;
    %jmp/1 T_10.9, 6;
    %pushi/vec4 0, 0, 3;
    %store/vec4 v00000182cae1cd20_0, 0, 3;
    %jmp T_10.11;
T_10.5 ;
    %pushi/vec4 0, 0, 3;
    %store/vec4 v00000182cae1cd20_0, 0, 3;
    %jmp T_10.11;
T_10.6 ;
    %pushi/vec4 1, 0, 3;
    %store/vec4 v00000182cae1cd20_0, 0, 3;
    %jmp T_10.11;
T_10.7 ;
    %pushi/vec4 2, 0, 3;
    %store/vec4 v00000182cae1cd20_0, 0, 3;
    %jmp T_10.11;
T_10.8 ;
    %pushi/vec4 3, 0, 3;
    %store/vec4 v00000182cae1cd20_0, 0, 3;
    %jmp T_10.11;
T_10.9 ;
    %pushi/vec4 4, 0, 3;
    %store/vec4 v00000182cae1cd20_0, 0, 3;
    %jmp T_10.11;
T_10.11 ;
    %pop/vec4 1;
    %jmp T_10.4;
T_10.4 ;
    %pop/vec4 1;
    %jmp T_10;
    .thread T_10, $push;
    .scope S_00000182cade11a0;
T_11 ;
    %wait E_00000182cae18450;
    %load/vec4 v00000182cae6c930_0;
    %flag_set/vec4 8;
    %jmp/0xz  T_11.0, 8;
    %pushi/vec4 0, 0, 32;
    %assign/vec4 v00000182cae6cbb0_0, 0;
    %pushi/vec4 0, 0, 32;
    %assign/vec4 v00000182cae6b710_0, 0;
    %pushi/vec4 0, 0, 32;
    %assign/vec4 v00000182cae6b530_0, 0;
    %pushi/vec4 0, 0, 32;
    %assign/vec4 v00000182cae6ca70_0, 0;
    %pushi/vec4 0, 0, 5;
    %assign/vec4 v00000182cae6c6b0_0, 0;
    %pushi/vec4 0, 0, 1;
    %assign/vec4 v00000182cae6c250_0, 0;
    %pushi/vec4 0, 0, 1;
    %assign/vec4 v00000182cae6be90_0, 0;
    %pushi/vec4 0, 0, 1;
    %assign/vec4 v00000182cae6ce30_0, 0;
    %pushi/vec4 0, 0, 1;
    %assign/vec4 v00000182cae6c4d0_0, 0;
    %pushi/vec4 0, 0, 1;
    %assign/vec4 v00000182cae6c570_0, 0;
    %pushi/vec4 0, 0, 1;
    %assign/vec4 v00000182cae6bad0_0, 0;
    %pushi/vec4 0, 0, 1;
    %assign/vec4 v00000182cae6c430_0, 0;
    %pushi/vec4 0, 0, 3;
    %assign/vec4 v00000182cae6c7f0_0, 0;
    %jmp T_11.1;
T_11.0 ;
    %load/vec4 v00000182cae6c610_0;
    %assign/vec4 v00000182cae6cbb0_0, 0;
    %load/vec4 v00000182cae6c890_0;
    %assign/vec4 v00000182cae6b710_0, 0;
    %load/vec4 v00000182cae6d290_0;
    %assign/vec4 v00000182cae6b530_0, 0;
    %load/vec4 v00000182cae6c390_0;
    %assign/vec4 v00000182cae6ca70_0, 0;
    %load/vec4 v00000182cae6cd90_0;
    %assign/vec4 v00000182cae6c6b0_0, 0;
    %load/vec4 v00000182cae6c1b0_0;
    %assign/vec4 v00000182cae6c250_0, 0;
    %load/vec4 v00000182cae6b670_0;
    %assign/vec4 v00000182cae6be90_0, 0;
    %load/vec4 v00000182cae6bdf0_0;
    %assign/vec4 v00000182cae6ce30_0, 0;
    %load/vec4 v00000182cae6bcb0_0;
    %assign/vec4 v00000182cae6c4d0_0, 0;
    %load/vec4 v00000182cae6cf70_0;
    %assign/vec4 v00000182cae6c570_0, 0;
    %load/vec4 v00000182cae6bd50_0;
    %assign/vec4 v00000182cae6bad0_0, 0;
    %load/vec4 v00000182cae6bc10_0;
    %assign/vec4 v00000182cae6c430_0, 0;
    %load/vec4 v00000182cae6ccf0_0;
    %assign/vec4 v00000182cae6c7f0_0, 0;
T_11.1 ;
    %jmp T_11;
    .thread T_11;
    .scope S_00000182cade3f70;
T_12 ;
    %wait E_00000182cae18c50;
    %load/vec4 v00000182cae6ba30_0;
    %dup/vec4;
    %pushi/vec4 0, 0, 3;
    %cmp/u;
    %jmp/1 T_12.0, 6;
    %dup/vec4;
    %pushi/vec4 1, 0, 3;
    %cmp/u;
    %jmp/1 T_12.1, 6;
    %dup/vec4;
    %pushi/vec4 2, 0, 3;
    %cmp/u;
    %jmp/1 T_12.2, 6;
    %dup/vec4;
    %pushi/vec4 3, 0, 3;
    %cmp/u;
    %jmp/1 T_12.3, 6;
    %dup/vec4;
    %pushi/vec4 4, 0, 3;
    %cmp/u;
    %jmp/1 T_12.4, 6;
    %pushi/vec4 0, 0, 32;
    %store/vec4 v00000182cae6d0b0_0, 0, 32;
    %jmp T_12.6;
T_12.0 ;
    %load/vec4 v00000182cae6b490_0;
    %load/vec4 v00000182cae6bfd0_0;
    %add;
    %store/vec4 v00000182cae6d0b0_0, 0, 32;
    %jmp T_12.6;
T_12.1 ;
    %load/vec4 v00000182cae6b490_0;
    %load/vec4 v00000182cae6bfd0_0;
    %sub;
    %store/vec4 v00000182cae6d0b0_0, 0, 32;
    %jmp T_12.6;
T_12.2 ;
    %load/vec4 v00000182cae6b490_0;
    %load/vec4 v00000182cae6bfd0_0;
    %and;
    %store/vec4 v00000182cae6d0b0_0, 0, 32;
    %jmp T_12.6;
T_12.3 ;
    %load/vec4 v00000182cae6b490_0;
    %load/vec4 v00000182cae6bfd0_0;
    %or;
    %store/vec4 v00000182cae6d0b0_0, 0, 32;
    %jmp T_12.6;
T_12.4 ;
    %load/vec4 v00000182cae6b490_0;
    %load/vec4 v00000182cae6bfd0_0;
    %xor;
    %store/vec4 v00000182cae6d0b0_0, 0, 32;
    %jmp T_12.6;
T_12.6 ;
    %pop/vec4 1;
    %jmp T_12;
    .thread T_12, $push;
    .scope S_00000182cae00c90;
T_13 ;
    %pushi/vec4 0, 0, 1;
    %store/vec4 v00000182cae83dd0_0, 0, 1;
T_13.0 ;
    %delay 5, 0;
    %load/vec4 v00000182cae83dd0_0;
    %inv;
    %store/vec4 v00000182cae83dd0_0, 0, 1;
    %jmp T_13.0;
    %end;
    .thread T_13;
    .scope S_00000182cae00c90;
T_14 ;
    %vpi_call 5 27 "$dumpfile", "dump.vcd" {0 0 0};
    %vpi_call 5 28 "$dumpvars", 32'sb00000000000000000000000000000000, S_00000182cae00c90 {0 0 0};
    %pushi/vec4 1, 0, 1;
    %store/vec4 v00000182cae835b0_0, 0, 1;
    %delay 20, 0;
    %pushi/vec4 0, 0, 1;
    %store/vec4 v00000182cae835b0_0, 0, 1;
    %delay 200, 0;
    %vpi_call 5 38 "$finish" {0 0 0};
    %end;
    .thread T_14;
# The file index is used to find the file name in the following table.
:file_names 16;
    "N/A";
    "<interactive>";
    "rtl\data_mem.v";
    "rtl\ex_mem.v";
    "rtl\mem_wb.v";
    "tb\pipeline_cpu_top_v2_tb.v";
    "rtl\pipeline_cpu_top_v2.v";
    "rtl\alu_control.v";
    "rtl\ALU.v";
    "rtl\control_unit.v";
    "rtl\id_ex.v";
    "rtl\if_id.v";
    "rtl\instr_mem.v";
    "rtl\imm_gen.v";
    "rtl\pc.v";
    "rtl\regfile.v";
