#! /c/Source/iverilog-install/bin/vvp
:ivl_version "12.0 (devel)" "(s20150603-1539-g2693dd32b)";
:ivl_delay_selection "TYPICAL";
:vpi_time_precision + 0;
:vpi_module "D:\icarus\iverilog\lib\ivl\system.vpi";
:vpi_module "D:\icarus\iverilog\lib\ivl\vhdl_sys.vpi";
:vpi_module "D:\icarus\iverilog\lib\ivl\vhdl_textio.vpi";
:vpi_module "D:\icarus\iverilog\lib\ivl\v2005_math.vpi";
:vpi_module "D:\icarus\iverilog\lib\ivl\va_math.vpi";
S_000001a9766bc710 .scope module, "cpu_top" "cpu_top" 2 1;
 .timescale 0 0;
    .port_info 0 /INPUT 1 "clk";
    .port_info 1 /INPUT 1 "reset";
L_000001a9766ea5a0 .functor AND 1, v000001a9766e01f0_0, L_000001a9767d2aa0, C4<1>, C4<1>;
v000001a97676b540_0 .net "ALUOp", 1 0, v000001a9766ed810_0;  1 drivers
v000001a97676b180_0 .net "ALUSrc", 0 0, v000001a9766ebdd0_0;  1 drivers
v000001a97676ba40_0 .net "Branch", 0 0, v000001a9766e01f0_0;  1 drivers
v000001a97676b220_0 .net "Jump", 0 0, v000001a9767698f0_0;  1 drivers
v000001a97676b680_0 .net "MemRead", 0 0, v000001a976769170_0;  1 drivers
v000001a97676a8c0_0 .net "MemToReg", 0 0, v000001a976769a30_0;  1 drivers
v000001a97676a960_0 .net "MemWrite", 0 0, v000001a976769490_0;  1 drivers
v000001a97676aa00_0 .net "RegWrite", 0 0, v000001a976769f30_0;  1 drivers
L_000001a97677a178 .functor BUFT 1, C4<00000000000000000000000000000100>, C4<0>, C4<0>, C4<0>;
v000001a97676aaa0_0 .net/2u *"_ivl_12", 31 0, L_000001a97677a178;  1 drivers
v000001a97676bf40_0 .net *"_ivl_22", 31 0, L_000001a976779c90;  1 drivers
v000001a97676b360_0 .net *"_ivl_28", 31 0, L_000001a9767d3cc0;  1 drivers
v000001a97676bb80_0 .net "alu_control", 2 0, v000001a9766ebf10_0;  1 drivers
v000001a97676a3c0_0 .net "alu_operand_b", 31 0, L_000001a9767d21e0;  1 drivers
v000001a97676a1e0_0 .net "alu_result", 31 0, v000001a9766ed4f0_0;  1 drivers
v000001a97676a140_0 .net "branch_taken", 0 0, L_000001a9766ea5a0;  1 drivers
v000001a97676bd60_0 .net "branch_target", 31 0, L_000001a976779dd0;  1 drivers
o000001a9767207a8 .functor BUFZ 1, C4<z>; HiZ drive
v000001a97676a280_0 .net "clk", 0 0, o000001a9767207a8;  0 drivers
v000001a97676ab40_0 .net "funct3", 2 0, L_000001a976778750;  1 drivers
v000001a97676bae0_0 .net "funct7", 6 0, L_000001a976778a70;  1 drivers
v000001a97676b400_0 .net "imm_out", 31 0, v000001a9767686d0_0;  1 drivers
v000001a97676b7c0_0 .net "instruction", 31 0, L_000001a9766eaa00;  1 drivers
v000001a97676abe0_0 .net "jal_target", 31 0, L_000001a9767793d0;  1 drivers
v000001a97676a820_0 .net "memory_data", 31 0, L_000001a9767d4080;  1 drivers
v000001a97676a640_0 .net "next_pc", 31 0, L_000001a9767795b0;  1 drivers
v000001a97676bc20_0 .net "opcode", 6 0, L_000001a9767796f0;  1 drivers
v000001a97676be00_0 .net "pc", 31 0, v000001a976768770_0;  1 drivers
v000001a97676b720_0 .net "pc_plus4", 31 0, L_000001a976779bf0;  1 drivers
v000001a97676a6e0_0 .net "rd", 4 0, L_000001a976779290;  1 drivers
v000001a97676bea0_0 .net "read_data1", 31 0, L_000001a976778ed0;  1 drivers
v000001a97676bfe0_0 .net "read_data2", 31 0, L_000001a976779830;  1 drivers
o000001a976720b98 .functor BUFZ 1, C4<z>; HiZ drive
v000001a97676b4a0_0 .net "reset", 0 0, o000001a976720b98;  0 drivers
v000001a97676adc0_0 .net "rs1", 4 0, L_000001a9767782f0;  1 drivers
v000001a97676af00_0 .net "rs2", 4 0, L_000001a976779330;  1 drivers
v000001a97676a5a0_0 .net "write_back_data", 31 0, L_000001a9767d26e0;  1 drivers
v000001a97676b5e0_0 .net "zero", 0 0, L_000001a9767d2aa0;  1 drivers
L_000001a9767796f0 .part L_000001a9766eaa00, 0, 7;
L_000001a976779290 .part L_000001a9766eaa00, 7, 5;
L_000001a976778750 .part L_000001a9766eaa00, 12, 3;
L_000001a9767782f0 .part L_000001a9766eaa00, 15, 5;
L_000001a976779330 .part L_000001a9766eaa00, 20, 5;
L_000001a976778a70 .part L_000001a9766eaa00, 25, 7;
L_000001a976779bf0 .arith/sum 32, v000001a976768770_0, L_000001a97677a178;
L_000001a976779dd0 .arith/sum 32, v000001a976768770_0, v000001a9767686d0_0;
L_000001a9767793d0 .arith/sum 32, v000001a976768770_0, v000001a9767686d0_0;
L_000001a976779c90 .functor MUXZ 32, L_000001a976779bf0, L_000001a976779dd0, L_000001a9766ea5a0, C4<>;
L_000001a9767795b0 .functor MUXZ 32, L_000001a976779c90, L_000001a9767793d0, v000001a9767698f0_0, C4<>;
L_000001a9767d21e0 .functor MUXZ 32, L_000001a976779830, v000001a9767686d0_0, v000001a9766ebdd0_0, C4<>;
L_000001a9767d3cc0 .functor MUXZ 32, v000001a9766ed4f0_0, L_000001a9767d4080, v000001a976769a30_0, C4<>;
L_000001a9767d26e0 .functor MUXZ 32, L_000001a9767d3cc0, L_000001a976779bf0, v000001a9767698f0_0, C4<>;
S_000001a9766c2c30 .scope module, "alu_ctrl" "alu_control" 2 171, 3 1 0, S_000001a9766bc710;
 .timescale 0 0;
    .port_info 0 /INPUT 2 "ALUOp";
    .port_info 1 /INPUT 3 "funct3";
    .port_info 2 /INPUT 7 "funct7";
    .port_info 3 /OUTPUT 3 "alu_control";
v000001a9766ec870_0 .net "ALUOp", 1 0, v000001a9766ed810_0;  alias, 1 drivers
v000001a9766ebf10_0 .var "alu_control", 2 0;
v000001a9766eccd0_0 .net "funct3", 2 0, L_000001a976778750;  alias, 1 drivers
v000001a9766ebc90_0 .net "funct7", 6 0, L_000001a976778a70;  alias, 1 drivers
E_000001a976705480 .event anyedge, v000001a9766ec870_0, v000001a9766ebc90_0, v000001a9766eccd0_0;
S_000001a9766c2dc0 .scope module, "alu_inst" "ALU" 2 192, 4 1 0, S_000001a9766bc710;
 .timescale 0 0;
    .port_info 0 /INPUT 32 "a";
    .port_info 1 /INPUT 32 "b";
    .port_info 2 /INPUT 3 "alu_control";
    .port_info 3 /OUTPUT 32 "result";
    .port_info 4 /OUTPUT 1 "zero";
L_000001a97677a400 .functor BUFT 1, C4<00000000000000000000000000000000>, C4<0>, C4<0>, C4<0>;
v000001a9766ecd70_0 .net/2u *"_ivl_0", 31 0, L_000001a97677a400;  1 drivers
v000001a9766ed770_0 .net "a", 31 0, L_000001a976778ed0;  alias, 1 drivers
v000001a9766ecff0_0 .net "alu_control", 2 0, v000001a9766ebf10_0;  alias, 1 drivers
v000001a9766ec4b0_0 .net "b", 31 0, L_000001a9767d21e0;  alias, 1 drivers
v000001a9766ed4f0_0 .var "result", 31 0;
v000001a9766ed590_0 .net "zero", 0 0, L_000001a9767d2aa0;  alias, 1 drivers
E_000001a976705300 .event anyedge, v000001a9766ebf10_0, v000001a9766ed770_0, v000001a9766ec4b0_0;
L_000001a9767d2aa0 .cmp/eq 32, v000001a9766ed4f0_0, L_000001a97677a400;
S_000001a9766a4b10 .scope module, "ctrl" "control_unit" 2 120, 5 1 0, S_000001a9766bc710;
 .timescale 0 0;
    .port_info 0 /INPUT 7 "opcode";
    .port_info 1 /OUTPUT 1 "RegWrite";
    .port_info 2 /OUTPUT 1 "MemRead";
    .port_info 3 /OUTPUT 1 "MemWrite";
    .port_info 4 /OUTPUT 1 "ALUSrc";
    .port_info 5 /OUTPUT 1 "MemToReg";
    .port_info 6 /OUTPUT 1 "Branch";
    .port_info 7 /OUTPUT 1 "Jump";
    .port_info 8 /OUTPUT 2 "ALUOp";
v000001a9766ed810_0 .var "ALUOp", 1 0;
v000001a9766ebdd0_0 .var "ALUSrc", 0 0;
v000001a9766e01f0_0 .var "Branch", 0 0;
v000001a9767698f0_0 .var "Jump", 0 0;
v000001a976769170_0 .var "MemRead", 0 0;
v000001a976769a30_0 .var "MemToReg", 0 0;
v000001a976769490_0 .var "MemWrite", 0 0;
v000001a976769f30_0 .var "RegWrite", 0 0;
v000001a976768950_0 .net "opcode", 6 0, L_000001a9767796f0;  alias, 1 drivers
E_000001a976704e40 .event anyedge, v000001a976768950_0;
S_000001a9766a4ca0 .scope module, "dmem" "data_mem" 2 208, 6 1 0, S_000001a9766bc710;
 .timescale 0 0;
    .port_info 0 /INPUT 1 "clk";
    .port_info 1 /INPUT 1 "mem_read";
    .port_info 2 /INPUT 1 "mem_write";
    .port_info 3 /INPUT 32 "address";
    .port_info 4 /INPUT 32 "write_data";
    .port_info 5 /OUTPUT 32 "read_data";
v000001a9767693f0_0 .net *"_ivl_0", 31 0, L_000001a9767d23c0;  1 drivers
v000001a9767681d0_0 .net *"_ivl_3", 29 0, L_000001a9767d2500;  1 drivers
L_000001a97677a448 .functor BUFT 1, C4<00000000000000000000000000000000>, C4<0>, C4<0>, C4<0>;
v000001a976768310_0 .net/2u *"_ivl_4", 31 0, L_000001a97677a448;  1 drivers
v000001a976769fd0_0 .net "address", 31 0, v000001a9766ed4f0_0;  alias, 1 drivers
v000001a9767684f0_0 .net "clk", 0 0, o000001a9767207a8;  alias, 0 drivers
v000001a976768e50_0 .var/i "i", 31 0;
v000001a976769350_0 .net "mem_read", 0 0, v000001a976769170_0;  alias, 1 drivers
v000001a976769cb0_0 .net "mem_write", 0 0, v000001a976769490_0;  alias, 1 drivers
v000001a976768450 .array "memory", 255 0, 31 0;
v000001a976768130_0 .net "read_data", 31 0, L_000001a9767d4080;  alias, 1 drivers
v000001a9767683b0_0 .net "write_data", 31 0, L_000001a976779830;  alias, 1 drivers
E_000001a976705380 .event posedge, v000001a9767684f0_0;
L_000001a9767d23c0 .array/port v000001a976768450, L_000001a9767d2500;
L_000001a9767d2500 .part v000001a9766ed4f0_0, 2, 30;
L_000001a9767d4080 .functor MUXZ 32, L_000001a97677a448, L_000001a9767d23c0, v000001a976769170_0, C4<>;
S_000001a97669f1e0 .scope module, "imem" "instr_mem" 2 109, 7 1 0, S_000001a9766bc710;
 .timescale 0 0;
    .port_info 0 /INPUT 32 "address";
    .port_info 1 /OUTPUT 32 "instruction";
L_000001a9766eaa00 .functor BUFZ 32, L_000001a9767787f0, C4<00000000000000000000000000000000>, C4<00000000000000000000000000000000>, C4<00000000000000000000000000000000>;
v000001a976768590_0 .net *"_ivl_0", 31 0, L_000001a9767787f0;  1 drivers
v000001a976769d50_0 .net *"_ivl_3", 29 0, L_000001a976778d90;  1 drivers
v000001a976768810_0 .net "address", 31 0, v000001a976768770_0;  alias, 1 drivers
v000001a9767690d0_0 .var/i "i", 31 0;
v000001a976768630_0 .net "instruction", 31 0, L_000001a9766eaa00;  alias, 1 drivers
v000001a976768270 .array "memory", 255 0, 31 0;
L_000001a9767787f0 .array/port v000001a976768270, L_000001a976778d90;
L_000001a976778d90 .part v000001a976768770_0, 2, 30;
S_000001a97669f370 .scope module, "immgen" "imm_gen" 2 160, 8 1 0, S_000001a9766bc710;
 .timescale 0 0;
    .port_info 0 /INPUT 32 "instruction";
    .port_info 1 /OUTPUT 32 "imm_out";
v000001a9767686d0_0 .var "imm_out", 31 0;
v000001a976768d10_0 .net "instruction", 31 0, L_000001a9766eaa00;  alias, 1 drivers
E_000001a976704cc0 .event anyedge, v000001a976768630_0;
S_000001a97669ec30 .scope module, "pc_inst" "pc" 2 94, 9 1 0, S_000001a9766bc710;
 .timescale 0 0;
    .port_info 0 /INPUT 1 "clk";
    .port_info 1 /INPUT 1 "reset";
    .port_info 2 /INPUT 32 "next_pc";
    .port_info 3 /OUTPUT 32 "pc_out";
v000001a976769df0_0 .net "clk", 0 0, o000001a9767207a8;  alias, 0 drivers
v000001a976769530_0 .net "next_pc", 31 0, L_000001a9767795b0;  alias, 1 drivers
v000001a976768770_0 .var "pc_out", 31 0;
v000001a976769e90_0 .net "reset", 0 0, o000001a976720b98;  alias, 0 drivers
E_000001a976704740 .event posedge, v000001a976769e90_0, v000001a9767684f0_0;
S_000001a97669edc0 .scope module, "rf" "regfile" 2 140, 10 1 0, S_000001a9766bc710;
 .timescale 0 0;
    .port_info 0 /INPUT 1 "clk";
    .port_info 1 /INPUT 1 "reg_write";
    .port_info 2 /INPUT 5 "rs1";
    .port_info 3 /INPUT 5 "rs2";
    .port_info 4 /INPUT 5 "rd";
    .port_info 5 /INPUT 32 "write_data";
    .port_info 6 /OUTPUT 32 "read_data1";
    .port_info 7 /OUTPUT 32 "read_data2";
v000001a976769210_0 .net *"_ivl_0", 31 0, L_000001a9767790b0;  1 drivers
v000001a9767695d0_0 .net *"_ivl_10", 31 0, L_000001a976778bb0;  1 drivers
v000001a976769ad0_0 .net *"_ivl_12", 6 0, L_000001a976778c50;  1 drivers
L_000001a97677a298 .functor BUFT 1, C4<00>, C4<0>, C4<0>, C4<0>;
v000001a976768ef0_0 .net *"_ivl_15", 1 0, L_000001a97677a298;  1 drivers
v000001a9767688b0_0 .net *"_ivl_18", 31 0, L_000001a976779010;  1 drivers
L_000001a97677a2e0 .functor BUFT 1, C4<000000000000000000000000000>, C4<0>, C4<0>, C4<0>;
v000001a9767689f0_0 .net *"_ivl_21", 26 0, L_000001a97677a2e0;  1 drivers
L_000001a97677a328 .functor BUFT 1, C4<00000000000000000000000000000000>, C4<0>, C4<0>, C4<0>;
v000001a976768a90_0 .net/2u *"_ivl_22", 31 0, L_000001a97677a328;  1 drivers
v000001a976768b30_0 .net *"_ivl_24", 0 0, L_000001a976778f70;  1 drivers
L_000001a97677a370 .functor BUFT 1, C4<00000000000000000000000000000000>, C4<0>, C4<0>, C4<0>;
v000001a976768bd0_0 .net/2u *"_ivl_26", 31 0, L_000001a97677a370;  1 drivers
v000001a976769670_0 .net *"_ivl_28", 31 0, L_000001a9767791f0;  1 drivers
L_000001a97677a1c0 .functor BUFT 1, C4<000000000000000000000000000>, C4<0>, C4<0>, C4<0>;
v000001a976768c70_0 .net *"_ivl_3", 26 0, L_000001a97677a1c0;  1 drivers
v000001a976768f90_0 .net *"_ivl_30", 6 0, L_000001a976779790;  1 drivers
L_000001a97677a3b8 .functor BUFT 1, C4<00>, C4<0>, C4<0>, C4<0>;
v000001a976768db0_0 .net *"_ivl_33", 1 0, L_000001a97677a3b8;  1 drivers
L_000001a97677a208 .functor BUFT 1, C4<00000000000000000000000000000000>, C4<0>, C4<0>, C4<0>;
v000001a976769b70_0 .net/2u *"_ivl_4", 31 0, L_000001a97677a208;  1 drivers
v000001a9767692b0_0 .net *"_ivl_6", 0 0, L_000001a976778890;  1 drivers
L_000001a97677a250 .functor BUFT 1, C4<00000000000000000000000000000000>, C4<0>, C4<0>, C4<0>;
v000001a976769710_0 .net/2u *"_ivl_8", 31 0, L_000001a97677a250;  1 drivers
v000001a976769990_0 .net "clk", 0 0, o000001a9767207a8;  alias, 0 drivers
v000001a976769030_0 .net "rd", 4 0, L_000001a976779290;  alias, 1 drivers
v000001a9767697b0_0 .net "read_data1", 31 0, L_000001a976778ed0;  alias, 1 drivers
v000001a976769850_0 .net "read_data2", 31 0, L_000001a976779830;  alias, 1 drivers
v000001a976769c10_0 .net "reg_write", 0 0, v000001a976769f30_0;  alias, 1 drivers
v000001a97676bcc0 .array "registers", 0 31, 31 0;
v000001a97676ad20_0 .net "rs1", 4 0, L_000001a9767782f0;  alias, 1 drivers
v000001a97676ae60_0 .net "rs2", 4 0, L_000001a976779330;  alias, 1 drivers
v000001a97676b2c0_0 .net "write_data", 31 0, L_000001a9767d26e0;  alias, 1 drivers
L_000001a9767790b0 .concat [ 5 27 0 0], L_000001a9767782f0, L_000001a97677a1c0;
L_000001a976778890 .cmp/eq 32, L_000001a9767790b0, L_000001a97677a208;
L_000001a976778bb0 .array/port v000001a97676bcc0, L_000001a976778c50;
L_000001a976778c50 .concat [ 5 2 0 0], L_000001a9767782f0, L_000001a97677a298;
L_000001a976778ed0 .functor MUXZ 32, L_000001a976778bb0, L_000001a97677a250, L_000001a976778890, C4<>;
L_000001a976779010 .concat [ 5 27 0 0], L_000001a976779330, L_000001a97677a2e0;
L_000001a976778f70 .cmp/eq 32, L_000001a976779010, L_000001a97677a328;
L_000001a9767791f0 .array/port v000001a97676bcc0, L_000001a976779790;
L_000001a976779790 .concat [ 5 2 0 0], L_000001a976779330, L_000001a97677a3b8;
L_000001a976779830 .functor MUXZ 32, L_000001a9767791f0, L_000001a97677a370, L_000001a976778f70, C4<>;
S_000001a9766bc8a0 .scope module, "pipeline_cpu_top_v4_tb" "pipeline_cpu_top_v4_tb" 11 1;
 .timescale 0 0;
v000001a976779510_0 .var "clk", 0 0;
v000001a976778250_0 .var "reset", 0 0;
S_000001a976696cd0 .scope module, "dut" "pipeline_cpu_top_v4" 11 6, 12 1 0, S_000001a9766bc8a0;
 .timescale 0 0;
    .port_info 0 /INPUT 1 "clk";
    .port_info 1 /INPUT 1 "reset";
v000001a976772f50_0 .net "ALUOp", 1 0, v000001a97676e880_0;  1 drivers
v000001a976773a90_0 .net "ALUSrc", 0 0, v000001a97676e9c0_0;  1 drivers
v000001a976773b30_0 .net "Branch", 0 0, v000001a97676d700_0;  1 drivers
v000001a976773090_0 .net "Jump", 0 0, v000001a97676db60_0;  1 drivers
v000001a976773270_0 .net "MemRead", 0 0, v000001a97676e740_0;  1 drivers
v000001a9767738b0_0 .net "MemToReg", 0 0, v000001a97676e920_0;  1 drivers
v000001a976772af0_0 .net "MemWrite", 0 0, v000001a97676d200_0;  1 drivers
v000001a976773310_0 .net "RegWrite", 0 0, v000001a97676e2e0_0;  1 drivers
L_000001a97677a490 .functor BUFT 1, C4<00000000000000000000000000000100>, C4<0>, C4<0>, C4<0>;
v000001a9767733b0_0 .net/2u *"_ivl_0", 31 0, L_000001a97677a490;  1 drivers
v000001a9767725f0_0 .net "alu_control", 2 0, v000001a97676a460_0;  1 drivers
v000001a976773e50_0 .net "alu_operand_b", 31 0, L_000001a9767d32c0;  1 drivers
v000001a976772690_0 .net "alu_result", 31 0, v000001a97676b040_0;  1 drivers
v000001a976773bd0_0 .net "clk", 0 0, v000001a976779510_0;  1 drivers
v000001a9767727d0_0 .net "ex_mem_MemRead", 0 0, v000001a97676d160_0;  1 drivers
v000001a976773630_0 .net "ex_mem_MemToReg", 0 0, v000001a97676d520_0;  1 drivers
v000001a9767724b0_0 .net "ex_mem_MemWrite", 0 0, v000001a97676d8e0_0;  1 drivers
v000001a976773ef0_0 .net "ex_mem_RegWrite", 0 0, v000001a97676e560_0;  1 drivers
v000001a976773450_0 .net "ex_mem_alu_result", 31 0, v000001a97676f000_0;  1 drivers
v000001a976772b90_0 .net "ex_mem_rd", 4 0, v000001a97676ece0_0;  1 drivers
v000001a9767734f0_0 .net "ex_mem_write_data", 31 0, v000001a97676ed80_0;  1 drivers
v000001a976772870_0 .net "funct3", 2 0, L_000001a9767d3a40;  1 drivers
v000001a9767736d0_0 .net "funct7", 6 0, L_000001a9767d3680;  1 drivers
v000001a976774030_0 .net "id_ex_ALUSrc", 0 0, v000001a97676e060_0;  1 drivers
v000001a976772190_0 .net "id_ex_Branch", 0 0, v000001a97676e6a0_0;  1 drivers
v000001a976772230_0 .net "id_ex_Jump", 0 0, v000001a97676e100_0;  1 drivers
v000001a9767722d0_0 .net "id_ex_MemRead", 0 0, v000001a97676eec0_0;  1 drivers
v000001a976772c30_0 .net "id_ex_MemToReg", 0 0, v000001a97676e7e0_0;  1 drivers
v000001a976772370_0 .net "id_ex_MemWrite", 0 0, v000001a97676dac0_0;  1 drivers
v000001a976772910_0 .net "id_ex_RegWrite", 0 0, v000001a97676e240_0;  1 drivers
v000001a9767729b0_0 .net "id_ex_alu_control", 2 0, v000001a9767704d0_0;  1 drivers
v000001a976772cd0_0 .net "id_ex_imm", 31 0, v000001a97676fa30_0;  1 drivers
v000001a976779150_0 .net "id_ex_pc", 31 0, v000001a976770f70_0;  1 drivers
v000001a976778390_0 .net "id_ex_rd", 4 0, v000001a976770bb0_0;  1 drivers
v000001a976779e70_0 .net "id_ex_read_data1", 31 0, v000001a97676f210_0;  1 drivers
v000001a976779a10_0 .net "id_ex_read_data2", 31 0, v000001a976770430_0;  1 drivers
v000001a976779ab0_0 .net "if_id_instruction", 31 0, v000001a976770c50_0;  1 drivers
v000001a976778e30_0 .net "if_id_pc", 31 0, v000001a976770070_0;  1 drivers
v000001a976778930_0 .net "imm_out", 31 0, v000001a9767701b0_0;  1 drivers
v000001a976778430_0 .net "instruction", 31 0, L_000001a9766ea6f0;  1 drivers
v000001a976779fb0_0 .net "mem_wb_MemToReg", 0 0, v000001a97676fcb0_0;  1 drivers
v000001a976778b10_0 .net "mem_wb_RegWrite", 0 0, v000001a97676f530_0;  1 drivers
v000001a976778610_0 .net "mem_wb_alu_result", 31 0, v000001a976770610_0;  1 drivers
v000001a9767784d0_0 .net "mem_wb_memory_data", 31 0, v000001a97676f5d0_0;  1 drivers
v000001a976779b50_0 .net "mem_wb_rd", 4 0, v000001a97676ff30_0;  1 drivers
v000001a9767798d0_0 .net "memory_data", 31 0, L_000001a9767d3fe0;  1 drivers
v000001a976779970_0 .net "next_pc", 31 0, L_000001a9767d3d60;  1 drivers
v000001a976779470_0 .net "opcode", 6 0, L_000001a9767d2320;  1 drivers
v000001a976779650_0 .net "pc", 31 0, v000001a97676f8f0_0;  1 drivers
v000001a9767781b0_0 .net "rd", 4 0, L_000001a9767d3180;  1 drivers
v000001a976778cf0_0 .net "read_data1", 31 0, L_000001a9767d3860;  1 drivers
v000001a976778570_0 .net "read_data2", 31 0, L_000001a9767d3f40;  1 drivers
v000001a976779d30_0 .net "reset", 0 0, v000001a976778250_0;  1 drivers
v000001a9767789d0_0 .net "rs1", 4 0, L_000001a9767d3ae0;  1 drivers
v000001a97677a050_0 .net "rs2", 4 0, L_000001a9767d39a0;  1 drivers
v000001a976779f10_0 .net "write_back_data", 31 0, L_000001a9767d28c0;  1 drivers
v000001a9767786b0_0 .net "zero", 0 0, L_000001a9767d2280;  1 drivers
L_000001a9767d3d60 .arith/sum 32, v000001a97676f8f0_0, L_000001a97677a490;
L_000001a9767d2320 .part v000001a976770c50_0, 0, 7;
L_000001a9767d3180 .part v000001a976770c50_0, 7, 5;
L_000001a9767d3a40 .part v000001a976770c50_0, 12, 3;
L_000001a9767d3ae0 .part v000001a976770c50_0, 15, 5;
L_000001a9767d39a0 .part v000001a976770c50_0, 20, 5;
L_000001a9767d3680 .part v000001a976770c50_0, 25, 7;
L_000001a9767d32c0 .functor MUXZ 32, v000001a976770430_0, v000001a97676fa30_0, v000001a97676e060_0, C4<>;
L_000001a9767d28c0 .functor MUXZ 32, v000001a976770610_0, v000001a97676f5d0_0, v000001a97676fcb0_0, C4<>;
S_000001a976694630 .scope module, "alu_ctrl" "alu_control" 12 163, 3 1 0, S_000001a976696cd0;
 .timescale 0 0;
    .port_info 0 /INPUT 2 "ALUOp";
    .port_info 1 /INPUT 3 "funct3";
    .port_info 2 /INPUT 7 "funct7";
    .port_info 3 /OUTPUT 3 "alu_control";
v000001a97676a320_0 .net "ALUOp", 1 0, v000001a97676e880_0;  alias, 1 drivers
v000001a97676a460_0 .var "alu_control", 2 0;
v000001a97676ac80_0 .net "funct3", 2 0, L_000001a9767d3a40;  alias, 1 drivers
v000001a97676a780_0 .net "funct7", 6 0, L_000001a9767d3680;  alias, 1 drivers
E_000001a9767047c0 .event anyedge, v000001a97676a320_0, v000001a97676a780_0, v000001a97676ac80_0;
S_000001a9766947c0 .scope module, "alu_inst" "ALU" 12 252, 4 1 0, S_000001a976696cd0;
 .timescale 0 0;
    .port_info 0 /INPUT 32 "a";
    .port_info 1 /INPUT 32 "b";
    .port_info 2 /INPUT 3 "alu_control";
    .port_info 3 /OUTPUT 32 "result";
    .port_info 4 /OUTPUT 1 "zero";
L_000001a97677a718 .functor BUFT 1, C4<00000000000000000000000000000000>, C4<0>, C4<0>, C4<0>;
v000001a97676afa0_0 .net/2u *"_ivl_0", 31 0, L_000001a97677a718;  1 drivers
v000001a97676a500_0 .net "a", 31 0, v000001a97676f210_0;  alias, 1 drivers
v000001a97676b9a0_0 .net "alu_control", 2 0, v000001a9767704d0_0;  alias, 1 drivers
v000001a97676b860_0 .net "b", 31 0, L_000001a9767d32c0;  alias, 1 drivers
v000001a97676b040_0 .var "result", 31 0;
v000001a97676b0e0_0 .net "zero", 0 0, L_000001a9767d2280;  alias, 1 drivers
E_000001a976704b40 .event anyedge, v000001a97676b9a0_0, v000001a97676a500_0, v000001a97676b860_0;
L_000001a9767d2280 .cmp/eq 32, v000001a97676b040_0, L_000001a97677a718;
S_000001a97668b460 .scope module, "ctrl" "control_unit" 12 89, 5 1 0, S_000001a976696cd0;
 .timescale 0 0;
    .port_info 0 /INPUT 7 "opcode";
    .port_info 1 /OUTPUT 1 "RegWrite";
    .port_info 2 /OUTPUT 1 "MemRead";
    .port_info 3 /OUTPUT 1 "MemWrite";
    .port_info 4 /OUTPUT 1 "ALUSrc";
    .port_info 5 /OUTPUT 1 "MemToReg";
    .port_info 6 /OUTPUT 1 "Branch";
    .port_info 7 /OUTPUT 1 "Jump";
    .port_info 8 /OUTPUT 2 "ALUOp";
v000001a97676e880_0 .var "ALUOp", 1 0;
v000001a97676e9c0_0 .var "ALUSrc", 0 0;
v000001a97676d700_0 .var "Branch", 0 0;
v000001a97676db60_0 .var "Jump", 0 0;
v000001a97676e740_0 .var "MemRead", 0 0;
v000001a97676e920_0 .var "MemToReg", 0 0;
v000001a97676d200_0 .var "MemWrite", 0 0;
v000001a97676e2e0_0 .var "RegWrite", 0 0;
v000001a97676dd40_0 .net "opcode", 6 0, L_000001a9767d2320;  alias, 1 drivers
E_000001a976704fc0 .event anyedge, v000001a97676dd40_0;
S_000001a97668b5f0 .scope module, "dmem" "data_mem" 12 311, 6 1 0, S_000001a976696cd0;
 .timescale 0 0;
    .port_info 0 /INPUT 1 "clk";
    .port_info 1 /INPUT 1 "mem_read";
    .port_info 2 /INPUT 1 "mem_write";
    .port_info 3 /INPUT 32 "address";
    .port_info 4 /INPUT 32 "write_data";
    .port_info 5 /OUTPUT 32 "read_data";
v000001a97676d7a0_0 .net *"_ivl_0", 31 0, L_000001a9767d2be0;  1 drivers
v000001a97676d340_0 .net *"_ivl_3", 29 0, L_000001a9767d2780;  1 drivers
L_000001a97677a760 .functor BUFT 1, C4<00000000000000000000000000000000>, C4<0>, C4<0>, C4<0>;
v000001a97676dde0_0 .net/2u *"_ivl_4", 31 0, L_000001a97677a760;  1 drivers
v000001a97676ea60_0 .net "address", 31 0, v000001a97676f000_0;  alias, 1 drivers
v000001a97676eb00_0 .net "clk", 0 0, v000001a976779510_0;  alias, 1 drivers
v000001a97676de80_0 .var/i "i", 31 0;
v000001a97676d840_0 .net "mem_read", 0 0, v000001a97676d160_0;  alias, 1 drivers
v000001a97676d980_0 .net "mem_write", 0 0, v000001a97676d8e0_0;  alias, 1 drivers
v000001a97676eba0 .array "memory", 255 0, 31 0;
v000001a97676df20_0 .net "read_data", 31 0, L_000001a9767d3fe0;  alias, 1 drivers
v000001a97676d5c0_0 .net "write_data", 31 0, v000001a97676ed80_0;  alias, 1 drivers
E_000001a976704900 .event posedge, v000001a97676eb00_0;
L_000001a9767d2be0 .array/port v000001a97676eba0, L_000001a9767d2780;
L_000001a9767d2780 .part v000001a97676f000_0, 2, 30;
L_000001a9767d3fe0 .functor MUXZ 32, L_000001a97677a760, L_000001a9767d2be0, v000001a97676d160_0, C4<>;
S_000001a976683ea0 .scope module, "ex_mem_inst" "ex_mem" 12 278, 13 1 0, S_000001a976696cd0;
 .timescale 0 0;
    .port_info 0 /INPUT 1 "clk";
    .port_info 1 /INPUT 1 "reset";
    .port_info 2 /INPUT 32 "alu_result_in";
    .port_info 3 /INPUT 32 "write_data_in";
    .port_info 4 /INPUT 5 "rd_in";
    .port_info 5 /INPUT 1 "RegWrite_in";
    .port_info 6 /INPUT 1 "MemRead_in";
    .port_info 7 /INPUT 1 "MemWrite_in";
    .port_info 8 /INPUT 1 "MemToReg_in";
    .port_info 9 /OUTPUT 32 "alu_result_out";
    .port_info 10 /OUTPUT 32 "write_data_out";
    .port_info 11 /OUTPUT 5 "rd_out";
    .port_info 12 /OUTPUT 1 "RegWrite_out";
    .port_info 13 /OUTPUT 1 "MemRead_out";
    .port_info 14 /OUTPUT 1 "MemWrite_out";
    .port_info 15 /OUTPUT 1 "MemToReg_out";
v000001a97676d480_0 .net "MemRead_in", 0 0, v000001a97676eec0_0;  alias, 1 drivers
v000001a97676d160_0 .var "MemRead_out", 0 0;
v000001a97676dfc0_0 .net "MemToReg_in", 0 0, v000001a97676e7e0_0;  alias, 1 drivers
v000001a97676d520_0 .var "MemToReg_out", 0 0;
v000001a97676e380_0 .net "MemWrite_in", 0 0, v000001a97676dac0_0;  alias, 1 drivers
v000001a97676d8e0_0 .var "MemWrite_out", 0 0;
v000001a97676d2a0_0 .net "RegWrite_in", 0 0, v000001a97676e240_0;  alias, 1 drivers
v000001a97676e560_0 .var "RegWrite_out", 0 0;
v000001a97676d3e0_0 .net "alu_result_in", 31 0, v000001a97676b040_0;  alias, 1 drivers
v000001a97676f000_0 .var "alu_result_out", 31 0;
v000001a97676ec40_0 .net "clk", 0 0, v000001a976779510_0;  alias, 1 drivers
v000001a97676ef60_0 .net "rd_in", 4 0, v000001a976770bb0_0;  alias, 1 drivers
v000001a97676ece0_0 .var "rd_out", 4 0;
v000001a97676e600_0 .net "reset", 0 0, v000001a976778250_0;  alias, 1 drivers
v000001a97676d660_0 .net "write_data_in", 31 0, v000001a976770430_0;  alias, 1 drivers
v000001a97676ed80_0 .var "write_data_out", 31 0;
E_000001a976704880 .event posedge, v000001a97676e600_0, v000001a97676eb00_0;
S_000001a976684030 .scope module, "id_ex_inst" "id_ex" 12 194, 14 1 0, S_000001a976696cd0;
 .timescale 0 0;
    .port_info 0 /INPUT 1 "clk";
    .port_info 1 /INPUT 1 "reset";
    .port_info 2 /INPUT 32 "pc_in";
    .port_info 3 /INPUT 32 "read_data1_in";
    .port_info 4 /INPUT 32 "read_data2_in";
    .port_info 5 /INPUT 32 "imm_in";
    .port_info 6 /INPUT 5 "rd_in";
    .port_info 7 /INPUT 1 "RegWrite_in";
    .port_info 8 /INPUT 1 "MemRead_in";
    .port_info 9 /INPUT 1 "MemWrite_in";
    .port_info 10 /INPUT 1 "MemToReg_in";
    .port_info 11 /INPUT 1 "ALUSrc_in";
    .port_info 12 /INPUT 1 "Branch_in";
    .port_info 13 /INPUT 1 "Jump_in";
    .port_info 14 /INPUT 3 "alu_control_in";
    .port_info 15 /OUTPUT 32 "pc_out";
    .port_info 16 /OUTPUT 32 "read_data1_out";
    .port_info 17 /OUTPUT 32 "read_data2_out";
    .port_info 18 /OUTPUT 32 "imm_out";
    .port_info 19 /OUTPUT 5 "rd_out";
    .port_info 20 /OUTPUT 1 "RegWrite_out";
    .port_info 21 /OUTPUT 1 "MemRead_out";
    .port_info 22 /OUTPUT 1 "MemWrite_out";
    .port_info 23 /OUTPUT 1 "MemToReg_out";
    .port_info 24 /OUTPUT 1 "ALUSrc_out";
    .port_info 25 /OUTPUT 1 "Branch_out";
    .port_info 26 /OUTPUT 1 "Jump_out";
    .port_info 27 /OUTPUT 3 "alu_control_out";
v000001a97676dca0_0 .net "ALUSrc_in", 0 0, v000001a97676e9c0_0;  alias, 1 drivers
v000001a97676e060_0 .var "ALUSrc_out", 0 0;
v000001a97676e4c0_0 .net "Branch_in", 0 0, v000001a97676d700_0;  alias, 1 drivers
v000001a97676e6a0_0 .var "Branch_out", 0 0;
v000001a97676da20_0 .net "Jump_in", 0 0, v000001a97676db60_0;  alias, 1 drivers
v000001a97676e100_0 .var "Jump_out", 0 0;
v000001a97676ee20_0 .net "MemRead_in", 0 0, v000001a97676e740_0;  alias, 1 drivers
v000001a97676eec0_0 .var "MemRead_out", 0 0;
v000001a97676e1a0_0 .net "MemToReg_in", 0 0, v000001a97676e920_0;  alias, 1 drivers
v000001a97676e7e0_0 .var "MemToReg_out", 0 0;
v000001a97676e420_0 .net "MemWrite_in", 0 0, v000001a97676d200_0;  alias, 1 drivers
v000001a97676dac0_0 .var "MemWrite_out", 0 0;
v000001a97676dc00_0 .net "RegWrite_in", 0 0, v000001a97676e2e0_0;  alias, 1 drivers
v000001a97676e240_0 .var "RegWrite_out", 0 0;
v000001a976770250_0 .net "alu_control_in", 2 0, v000001a97676a460_0;  alias, 1 drivers
v000001a9767704d0_0 .var "alu_control_out", 2 0;
v000001a97676f990_0 .net "clk", 0 0, v000001a976779510_0;  alias, 1 drivers
v000001a97676f2b0_0 .net "imm_in", 31 0, v000001a9767701b0_0;  alias, 1 drivers
v000001a97676fa30_0 .var "imm_out", 31 0;
v000001a976770b10_0 .net "pc_in", 31 0, v000001a976770070_0;  alias, 1 drivers
v000001a976770f70_0 .var "pc_out", 31 0;
v000001a976770390_0 .net "rd_in", 4 0, L_000001a9767d3180;  alias, 1 drivers
v000001a976770bb0_0 .var "rd_out", 4 0;
v000001a97676f3f0_0 .net "read_data1_in", 31 0, L_000001a9767d3860;  alias, 1 drivers
v000001a97676f210_0 .var "read_data1_out", 31 0;
v000001a97676f170_0 .net "read_data2_in", 31 0, L_000001a9767d3f40;  alias, 1 drivers
v000001a976770430_0 .var "read_data2_out", 31 0;
v000001a97676f490_0 .net "reset", 0 0, v000001a976778250_0;  alias, 1 drivers
S_000001a976771f90 .scope module, "if_id_inst" "if_id" 12 43, 15 1 0, S_000001a976696cd0;
 .timescale 0 0;
    .port_info 0 /INPUT 1 "clk";
    .port_info 1 /INPUT 1 "reset";
    .port_info 2 /INPUT 32 "pc_in";
    .port_info 3 /INPUT 32 "instruction_in";
    .port_info 4 /OUTPUT 32 "pc_out";
    .port_info 5 /OUTPUT 32 "instruction_out";
v000001a97676f7b0_0 .net "clk", 0 0, v000001a976779510_0;  alias, 1 drivers
v000001a97676fb70_0 .net "instruction_in", 31 0, L_000001a9766ea6f0;  alias, 1 drivers
v000001a976770c50_0 .var "instruction_out", 31 0;
v000001a976770110_0 .net "pc_in", 31 0, v000001a97676f8f0_0;  alias, 1 drivers
v000001a976770070_0 .var "pc_out", 31 0;
v000001a97676f670_0 .net "reset", 0 0, v000001a976778250_0;  alias, 1 drivers
S_000001a976771180 .scope module, "imem" "instr_mem" 12 29, 7 1 0, S_000001a976696cd0;
 .timescale 0 0;
    .port_info 0 /INPUT 32 "address";
    .port_info 1 /OUTPUT 32 "instruction";
L_000001a9766ea6f0 .functor BUFZ 32, L_000001a9767d2640, C4<00000000000000000000000000000000>, C4<00000000000000000000000000000000>, C4<00000000000000000000000000000000>;
v000001a97676fad0_0 .net *"_ivl_0", 31 0, L_000001a9767d2640;  1 drivers
v000001a97676f350_0 .net *"_ivl_3", 29 0, L_000001a9767d25a0;  1 drivers
v000001a976770cf0_0 .net "address", 31 0, v000001a97676f8f0_0;  alias, 1 drivers
v000001a976770930_0 .var/i "i", 31 0;
v000001a97676f850_0 .net "instruction", 31 0, L_000001a9766ea6f0;  alias, 1 drivers
v000001a9767709d0 .array "memory", 255 0, 31 0;
L_000001a9767d2640 .array/port v000001a9767709d0, L_000001a9767d25a0;
L_000001a9767d25a0 .part v000001a97676f8f0_0, 2, 30;
S_000001a976771310 .scope module, "immgen" "imm_gen" 12 150, 8 1 0, S_000001a976696cd0;
 .timescale 0 0;
    .port_info 0 /INPUT 32 "instruction";
    .port_info 1 /OUTPUT 32 "imm_out";
v000001a9767701b0_0 .var "imm_out", 31 0;
v000001a976770e30_0 .net "instruction", 31 0, v000001a976770c50_0;  alias, 1 drivers
E_000001a9767048c0 .event anyedge, v000001a976770c50_0;
S_000001a976771ae0 .scope module, "mem_wb_inst" "mem_wb" 12 330, 16 1 0, S_000001a976696cd0;
 .timescale 0 0;
    .port_info 0 /INPUT 1 "clk";
    .port_info 1 /INPUT 1 "reset";
    .port_info 2 /INPUT 32 "memory_data_in";
    .port_info 3 /INPUT 32 "alu_result_in";
    .port_info 4 /INPUT 5 "rd_in";
    .port_info 5 /INPUT 1 "RegWrite_in";
    .port_info 6 /INPUT 1 "MemToReg_in";
    .port_info 7 /OUTPUT 32 "memory_data_out";
    .port_info 8 /OUTPUT 32 "alu_result_out";
    .port_info 9 /OUTPUT 5 "rd_out";
    .port_info 10 /OUTPUT 1 "RegWrite_out";
    .port_info 11 /OUTPUT 1 "MemToReg_out";
v000001a976770570_0 .net "MemToReg_in", 0 0, v000001a97676d520_0;  alias, 1 drivers
v000001a97676fcb0_0 .var "MemToReg_out", 0 0;
v000001a976770d90_0 .net "RegWrite_in", 0 0, v000001a97676e560_0;  alias, 1 drivers
v000001a97676f530_0 .var "RegWrite_out", 0 0;
v000001a9767702f0_0 .net "alu_result_in", 31 0, v000001a97676f000_0;  alias, 1 drivers
v000001a976770610_0 .var "alu_result_out", 31 0;
v000001a9767706b0_0 .net "clk", 0 0, v000001a976779510_0;  alias, 1 drivers
v000001a976770750_0 .net "memory_data_in", 31 0, L_000001a9767d3fe0;  alias, 1 drivers
v000001a97676f5d0_0 .var "memory_data_out", 31 0;
v000001a97676ffd0_0 .net "rd_in", 4 0, v000001a97676ece0_0;  alias, 1 drivers
v000001a97676ff30_0 .var "rd_out", 4 0;
v000001a976770ed0_0 .net "reset", 0 0, v000001a976778250_0;  alias, 1 drivers
S_000001a976771c70 .scope module, "pc_inst" "pc" 12 18, 9 1 0, S_000001a976696cd0;
 .timescale 0 0;
    .port_info 0 /INPUT 1 "clk";
    .port_info 1 /INPUT 1 "reset";
    .port_info 2 /INPUT 32 "next_pc";
    .port_info 3 /OUTPUT 32 "pc_out";
v000001a97676f710_0 .net "clk", 0 0, v000001a976779510_0;  alias, 1 drivers
v000001a976771010_0 .net "next_pc", 31 0, L_000001a9767d3d60;  alias, 1 drivers
v000001a97676f8f0_0 .var "pc_out", 31 0;
v000001a97676fc10_0 .net "reset", 0 0, v000001a976778250_0;  alias, 1 drivers
S_000001a976771e00 .scope module, "rf" "regfile" 12 126, 10 1 0, S_000001a976696cd0;
 .timescale 0 0;
    .port_info 0 /INPUT 1 "clk";
    .port_info 1 /INPUT 1 "reg_write";
    .port_info 2 /INPUT 5 "rs1";
    .port_info 3 /INPUT 5 "rs2";
    .port_info 4 /INPUT 5 "rd";
    .port_info 5 /INPUT 32 "write_data";
    .port_info 6 /OUTPUT 32 "read_data1";
    .port_info 7 /OUTPUT 32 "read_data2";
v000001a97676fd50_0 .net *"_ivl_0", 31 0, L_000001a9767d3b80;  1 drivers
v000001a9767707f0_0 .net *"_ivl_10", 31 0, L_000001a9767d2e60;  1 drivers
v000001a97676fdf0_0 .net *"_ivl_12", 6 0, L_000001a9767d2460;  1 drivers
L_000001a97677a5b0 .functor BUFT 1, C4<00>, C4<0>, C4<0>, C4<0>;
v000001a976770890_0 .net *"_ivl_15", 1 0, L_000001a97677a5b0;  1 drivers
v000001a97676fe90_0 .net *"_ivl_18", 31 0, L_000001a9767d3360;  1 drivers
L_000001a97677a5f8 .functor BUFT 1, C4<000000000000000000000000000>, C4<0>, C4<0>, C4<0>;
v000001a976770a70_0 .net *"_ivl_21", 26 0, L_000001a97677a5f8;  1 drivers
L_000001a97677a640 .functor BUFT 1, C4<00000000000000000000000000000000>, C4<0>, C4<0>, C4<0>;
v000001a976773950_0 .net/2u *"_ivl_22", 31 0, L_000001a97677a640;  1 drivers
v000001a9767739f0_0 .net *"_ivl_24", 0 0, L_000001a9767d2c80;  1 drivers
L_000001a97677a688 .functor BUFT 1, C4<00000000000000000000000000000000>, C4<0>, C4<0>, C4<0>;
v000001a976773d10_0 .net/2u *"_ivl_26", 31 0, L_000001a97677a688;  1 drivers
v000001a976773590_0 .net *"_ivl_28", 31 0, L_000001a9767d3220;  1 drivers
L_000001a97677a4d8 .functor BUFT 1, C4<000000000000000000000000000>, C4<0>, C4<0>, C4<0>;
v000001a976772550_0 .net *"_ivl_3", 26 0, L_000001a97677a4d8;  1 drivers
v000001a976772a50_0 .net *"_ivl_30", 6 0, L_000001a9767d2dc0;  1 drivers
L_000001a97677a6d0 .functor BUFT 1, C4<00>, C4<0>, C4<0>, C4<0>;
v000001a976773db0_0 .net *"_ivl_33", 1 0, L_000001a97677a6d0;  1 drivers
L_000001a97677a520 .functor BUFT 1, C4<00000000000000000000000000000000>, C4<0>, C4<0>, C4<0>;
v000001a9767731d0_0 .net/2u *"_ivl_4", 31 0, L_000001a97677a520;  1 drivers
v000001a976772ff0_0 .net *"_ivl_6", 0 0, L_000001a9767d2820;  1 drivers
L_000001a97677a568 .functor BUFT 1, C4<00000000000000000000000000000000>, C4<0>, C4<0>, C4<0>;
v000001a976772d70_0 .net/2u *"_ivl_8", 31 0, L_000001a97677a568;  1 drivers
v000001a976772410_0 .net "clk", 0 0, v000001a976779510_0;  alias, 1 drivers
v000001a976773f90_0 .net "rd", 4 0, v000001a97676ff30_0;  alias, 1 drivers
v000001a976772e10_0 .net "read_data1", 31 0, L_000001a9767d3860;  alias, 1 drivers
v000001a976773770_0 .net "read_data2", 31 0, L_000001a9767d3f40;  alias, 1 drivers
v000001a976772eb0_0 .net "reg_write", 0 0, v000001a97676f530_0;  alias, 1 drivers
v000001a976773c70 .array "registers", 0 31, 31 0;
v000001a976773130_0 .net "rs1", 4 0, L_000001a9767d3ae0;  alias, 1 drivers
v000001a976772730_0 .net "rs2", 4 0, L_000001a9767d39a0;  alias, 1 drivers
v000001a976773810_0 .net "write_data", 31 0, L_000001a9767d28c0;  alias, 1 drivers
L_000001a9767d3b80 .concat [ 5 27 0 0], L_000001a9767d3ae0, L_000001a97677a4d8;
L_000001a9767d2820 .cmp/eq 32, L_000001a9767d3b80, L_000001a97677a520;
L_000001a9767d2e60 .array/port v000001a976773c70, L_000001a9767d2460;
L_000001a9767d2460 .concat [ 5 2 0 0], L_000001a9767d3ae0, L_000001a97677a5b0;
L_000001a9767d3860 .functor MUXZ 32, L_000001a9767d2e60, L_000001a97677a568, L_000001a9767d2820, C4<>;
L_000001a9767d3360 .concat [ 5 27 0 0], L_000001a9767d39a0, L_000001a97677a5f8;
L_000001a9767d2c80 .cmp/eq 32, L_000001a9767d3360, L_000001a97677a640;
L_000001a9767d3220 .array/port v000001a976773c70, L_000001a9767d2dc0;
L_000001a9767d2dc0 .concat [ 5 2 0 0], L_000001a9767d39a0, L_000001a97677a6d0;
L_000001a9767d3f40 .functor MUXZ 32, L_000001a9767d3220, L_000001a97677a688, L_000001a9767d2c80, C4<>;
    .scope S_000001a97669ec30;
T_0 ;
    %wait E_000001a976704740;
    %load/vec4 v000001a976769e90_0;
    %flag_set/vec4 8;
    %jmp/0xz  T_0.0, 8;
    %pushi/vec4 0, 0, 32;
    %assign/vec4 v000001a976768770_0, 0;
    %jmp T_0.1;
T_0.0 ;
    %load/vec4 v000001a976769530_0;
    %assign/vec4 v000001a976768770_0, 0;
T_0.1 ;
    %jmp T_0;
    .thread T_0;
    .scope S_000001a97669f1e0;
T_1 ;
    %pushi/vec4 0, 0, 32;
    %store/vec4 v000001a9767690d0_0, 0, 32;
T_1.0 ;
    %load/vec4 v000001a9767690d0_0;
    %cmpi/s 256, 0, 32;
    %jmp/0xz T_1.1, 5;
    %pushi/vec4 0, 0, 32;
    %ix/getv/s 4, v000001a9767690d0_0;
    %store/vec4a v000001a976768270, 4, 0;
    %load/vec4 v000001a9767690d0_0;
    %addi 1, 0, 32;
    %store/vec4 v000001a9767690d0_0, 0, 32;
    %jmp T_1.0;
T_1.1 ;
    %pushi/vec4 5243155, 0, 32;
    %ix/load 4, 0, 0;
    %flag_set/imm 4, 0;
    %store/vec4a v000001a976768270, 4, 0;
    %pushi/vec4 8963, 0, 32;
    %ix/load 4, 1, 0;
    %flag_set/imm 4, 0;
    %store/vec4a v000001a976768270, 4, 0;
    %pushi/vec4 1048979, 0, 32;
    %ix/load 4, 2, 0;
    %flag_set/imm 4, 0;
    %store/vec4a v000001a976768270, 4, 0;
    %end;
    .thread T_1;
    .scope S_000001a9766a4b10;
T_2 ;
    %wait E_000001a976704e40;
    %pushi/vec4 0, 0, 1;
    %store/vec4 v000001a976769f30_0, 0, 1;
    %pushi/vec4 0, 0, 1;
    %store/vec4 v000001a976769170_0, 0, 1;
    %pushi/vec4 0, 0, 1;
    %store/vec4 v000001a976769490_0, 0, 1;
    %pushi/vec4 0, 0, 1;
    %store/vec4 v000001a9766ebdd0_0, 0, 1;
    %pushi/vec4 0, 0, 1;
    %store/vec4 v000001a976769a30_0, 0, 1;
    %pushi/vec4 0, 0, 1;
    %store/vec4 v000001a9766e01f0_0, 0, 1;
    %pushi/vec4 0, 0, 1;
    %store/vec4 v000001a9767698f0_0, 0, 1;
    %pushi/vec4 0, 0, 2;
    %store/vec4 v000001a9766ed810_0, 0, 2;
    %load/vec4 v000001a976768950_0;
    %dup/vec4;
    %pushi/vec4 51, 0, 7;
    %cmp/u;
    %jmp/1 T_2.0, 6;
    %dup/vec4;
    %pushi/vec4 19, 0, 7;
    %cmp/u;
    %jmp/1 T_2.1, 6;
    %dup/vec4;
    %pushi/vec4 3, 0, 7;
    %cmp/u;
    %jmp/1 T_2.2, 6;
    %dup/vec4;
    %pushi/vec4 35, 0, 7;
    %cmp/u;
    %jmp/1 T_2.3, 6;
    %dup/vec4;
    %pushi/vec4 99, 0, 7;
    %cmp/u;
    %jmp/1 T_2.4, 6;
    %dup/vec4;
    %pushi/vec4 111, 0, 7;
    %cmp/u;
    %jmp/1 T_2.5, 6;
    %jmp T_2.6;
T_2.0 ;
    %pushi/vec4 1, 0, 1;
    %store/vec4 v000001a976769f30_0, 0, 1;
    %pushi/vec4 0, 0, 1;
    %store/vec4 v000001a9766ebdd0_0, 0, 1;
    %pushi/vec4 2, 0, 2;
    %store/vec4 v000001a9766ed810_0, 0, 2;
    %jmp T_2.6;
T_2.1 ;
    %pushi/vec4 1, 0, 1;
    %store/vec4 v000001a976769f30_0, 0, 1;
    %pushi/vec4 1, 0, 1;
    %store/vec4 v000001a9766ebdd0_0, 0, 1;
    %pushi/vec4 0, 0, 2;
    %store/vec4 v000001a9766ed810_0, 0, 2;
    %jmp T_2.6;
T_2.2 ;
    %pushi/vec4 1, 0, 1;
    %store/vec4 v000001a976769f30_0, 0, 1;
    %pushi/vec4 1, 0, 1;
    %store/vec4 v000001a976769170_0, 0, 1;
    %pushi/vec4 1, 0, 1;
    %store/vec4 v000001a9766ebdd0_0, 0, 1;
    %pushi/vec4 1, 0, 1;
    %store/vec4 v000001a976769a30_0, 0, 1;
    %pushi/vec4 0, 0, 2;
    %store/vec4 v000001a9766ed810_0, 0, 2;
    %jmp T_2.6;
T_2.3 ;
    %pushi/vec4 1, 0, 1;
    %store/vec4 v000001a976769490_0, 0, 1;
    %pushi/vec4 1, 0, 1;
    %store/vec4 v000001a9766ebdd0_0, 0, 1;
    %pushi/vec4 0, 0, 2;
    %store/vec4 v000001a9766ed810_0, 0, 2;
    %jmp T_2.6;
T_2.4 ;
    %pushi/vec4 1, 0, 1;
    %store/vec4 v000001a9766e01f0_0, 0, 1;
    %pushi/vec4 1, 0, 2;
    %store/vec4 v000001a9766ed810_0, 0, 2;
    %jmp T_2.6;
T_2.5 ;
    %pushi/vec4 1, 0, 1;
    %store/vec4 v000001a976769f30_0, 0, 1;
    %pushi/vec4 1, 0, 1;
    %store/vec4 v000001a9767698f0_0, 0, 1;
    %jmp T_2.6;
T_2.6 ;
    %pop/vec4 1;
    %jmp T_2;
    .thread T_2, $push;
    .scope S_000001a97669edc0;
T_3 ;
    %wait E_000001a976705380;
    %load/vec4 v000001a976769c10_0;
    %flag_set/vec4 9;
    %flag_get/vec4 9;
    %jmp/0 T_3.2, 9;
    %load/vec4 v000001a976769030_0;
    %pad/u 32;
    %pushi/vec4 0, 0, 32;
    %cmp/ne;
    %flag_get/vec4 4;
    %and;
T_3.2;
    %flag_set/vec4 8;
    %jmp/0xz  T_3.0, 8;
    %load/vec4 v000001a97676b2c0_0;
    %load/vec4 v000001a976769030_0;
    %pad/u 7;
    %ix/vec4 3;
    %ix/load 4, 0, 0; Constant delay
    %assign/vec4/a/d v000001a97676bcc0, 0, 4;
T_3.0 ;
    %jmp T_3;
    .thread T_3;
    .scope S_000001a97669f370;
T_4 ;
    %wait E_000001a976704cc0;
    %load/vec4 v000001a976768d10_0;
    %parti/s 7, 0, 2;
    %dup/vec4;
    %pushi/vec4 19, 0, 7;
    %cmp/u;
    %jmp/1 T_4.0, 6;
    %dup/vec4;
    %pushi/vec4 3, 0, 7;
    %cmp/u;
    %jmp/1 T_4.1, 6;
    %dup/vec4;
    %pushi/vec4 35, 0, 7;
    %cmp/u;
    %jmp/1 T_4.2, 6;
    %dup/vec4;
    %pushi/vec4 99, 0, 7;
    %cmp/u;
    %jmp/1 T_4.3, 6;
    %dup/vec4;
    %pushi/vec4 111, 0, 7;
    %cmp/u;
    %jmp/1 T_4.4, 6;
    %pushi/vec4 0, 0, 32;
    %store/vec4 v000001a9767686d0_0, 0, 32;
    %jmp T_4.6;
T_4.0 ;
    %load/vec4 v000001a976768d10_0;
    %parti/s 1, 31, 6;
    %replicate 20;
    %load/vec4 v000001a976768d10_0;
    %parti/s 12, 20, 6;
    %concat/vec4; draw_concat_vec4
    %store/vec4 v000001a9767686d0_0, 0, 32;
    %jmp T_4.6;
T_4.1 ;
    %load/vec4 v000001a976768d10_0;
    %parti/s 1, 31, 6;
    %replicate 20;
    %load/vec4 v000001a976768d10_0;
    %parti/s 12, 20, 6;
    %concat/vec4; draw_concat_vec4
    %store/vec4 v000001a9767686d0_0, 0, 32;
    %jmp T_4.6;
T_4.2 ;
    %load/vec4 v000001a976768d10_0;
    %parti/s 1, 31, 6;
    %replicate 20;
    %load/vec4 v000001a976768d10_0;
    %parti/s 7, 25, 6;
    %concat/vec4; draw_concat_vec4
    %load/vec4 v000001a976768d10_0;
    %parti/s 5, 7, 4;
    %concat/vec4; draw_concat_vec4
    %store/vec4 v000001a9767686d0_0, 0, 32;
    %jmp T_4.6;
T_4.3 ;
    %load/vec4 v000001a976768d10_0;
    %parti/s 1, 31, 6;
    %replicate 19;
    %load/vec4 v000001a976768d10_0;
    %parti/s 1, 31, 6;
    %concat/vec4; draw_concat_vec4
    %load/vec4 v000001a976768d10_0;
    %parti/s 1, 7, 4;
    %concat/vec4; draw_concat_vec4
    %load/vec4 v000001a976768d10_0;
    %parti/s 6, 25, 6;
    %concat/vec4; draw_concat_vec4
    %load/vec4 v000001a976768d10_0;
    %parti/s 4, 8, 5;
    %concat/vec4; draw_concat_vec4
    %concati/vec4 0, 0, 1;
    %store/vec4 v000001a9767686d0_0, 0, 32;
    %jmp T_4.6;
T_4.4 ;
    %load/vec4 v000001a976768d10_0;
    %parti/s 1, 31, 6;
    %replicate 11;
    %load/vec4 v000001a976768d10_0;
    %parti/s 1, 31, 6;
    %concat/vec4; draw_concat_vec4
    %load/vec4 v000001a976768d10_0;
    %parti/s 8, 12, 5;
    %concat/vec4; draw_concat_vec4
    %load/vec4 v000001a976768d10_0;
    %parti/s 1, 20, 6;
    %concat/vec4; draw_concat_vec4
    %load/vec4 v000001a976768d10_0;
    %parti/s 10, 21, 6;
    %concat/vec4; draw_concat_vec4
    %concati/vec4 0, 0, 1;
    %store/vec4 v000001a9767686d0_0, 0, 32;
    %jmp T_4.6;
T_4.6 ;
    %pop/vec4 1;
    %jmp T_4;
    .thread T_4, $push;
    .scope S_000001a9766c2c30;
T_5 ;
    %wait E_000001a976705480;
    %load/vec4 v000001a9766ec870_0;
    %dup/vec4;
    %pushi/vec4 0, 0, 2;
    %cmp/u;
    %jmp/1 T_5.0, 6;
    %dup/vec4;
    %pushi/vec4 1, 0, 2;
    %cmp/u;
    %jmp/1 T_5.1, 6;
    %dup/vec4;
    %pushi/vec4 2, 0, 2;
    %cmp/u;
    %jmp/1 T_5.2, 6;
    %pushi/vec4 0, 0, 3;
    %store/vec4 v000001a9766ebf10_0, 0, 3;
    %jmp T_5.4;
T_5.0 ;
    %pushi/vec4 0, 0, 3;
    %store/vec4 v000001a9766ebf10_0, 0, 3;
    %jmp T_5.4;
T_5.1 ;
    %pushi/vec4 1, 0, 3;
    %store/vec4 v000001a9766ebf10_0, 0, 3;
    %jmp T_5.4;
T_5.2 ;
    %load/vec4 v000001a9766ebc90_0;
    %load/vec4 v000001a9766eccd0_0;
    %concat/vec4; draw_concat_vec4
    %dup/vec4;
    %pushi/vec4 0, 0, 10;
    %cmp/u;
    %jmp/1 T_5.5, 6;
    %dup/vec4;
    %pushi/vec4 256, 0, 10;
    %cmp/u;
    %jmp/1 T_5.6, 6;
    %dup/vec4;
    %pushi/vec4 7, 0, 10;
    %cmp/u;
    %jmp/1 T_5.7, 6;
    %dup/vec4;
    %pushi/vec4 6, 0, 10;
    %cmp/u;
    %jmp/1 T_5.8, 6;
    %dup/vec4;
    %pushi/vec4 4, 0, 10;
    %cmp/u;
    %jmp/1 T_5.9, 6;
    %pushi/vec4 0, 0, 3;
    %store/vec4 v000001a9766ebf10_0, 0, 3;
    %jmp T_5.11;
T_5.5 ;
    %pushi/vec4 0, 0, 3;
    %store/vec4 v000001a9766ebf10_0, 0, 3;
    %jmp T_5.11;
T_5.6 ;
    %pushi/vec4 1, 0, 3;
    %store/vec4 v000001a9766ebf10_0, 0, 3;
    %jmp T_5.11;
T_5.7 ;
    %pushi/vec4 2, 0, 3;
    %store/vec4 v000001a9766ebf10_0, 0, 3;
    %jmp T_5.11;
T_5.8 ;
    %pushi/vec4 3, 0, 3;
    %store/vec4 v000001a9766ebf10_0, 0, 3;
    %jmp T_5.11;
T_5.9 ;
    %pushi/vec4 4, 0, 3;
    %store/vec4 v000001a9766ebf10_0, 0, 3;
    %jmp T_5.11;
T_5.11 ;
    %pop/vec4 1;
    %jmp T_5.4;
T_5.4 ;
    %pop/vec4 1;
    %jmp T_5;
    .thread T_5, $push;
    .scope S_000001a9766c2dc0;
T_6 ;
    %wait E_000001a976705300;
    %load/vec4 v000001a9766ecff0_0;
    %dup/vec4;
    %pushi/vec4 0, 0, 3;
    %cmp/u;
    %jmp/1 T_6.0, 6;
    %dup/vec4;
    %pushi/vec4 1, 0, 3;
    %cmp/u;
    %jmp/1 T_6.1, 6;
    %dup/vec4;
    %pushi/vec4 2, 0, 3;
    %cmp/u;
    %jmp/1 T_6.2, 6;
    %dup/vec4;
    %pushi/vec4 3, 0, 3;
    %cmp/u;
    %jmp/1 T_6.3, 6;
    %dup/vec4;
    %pushi/vec4 4, 0, 3;
    %cmp/u;
    %jmp/1 T_6.4, 6;
    %pushi/vec4 0, 0, 32;
    %store/vec4 v000001a9766ed4f0_0, 0, 32;
    %jmp T_6.6;
T_6.0 ;
    %load/vec4 v000001a9766ed770_0;
    %load/vec4 v000001a9766ec4b0_0;
    %add;
    %store/vec4 v000001a9766ed4f0_0, 0, 32;
    %jmp T_6.6;
T_6.1 ;
    %load/vec4 v000001a9766ed770_0;
    %load/vec4 v000001a9766ec4b0_0;
    %sub;
    %store/vec4 v000001a9766ed4f0_0, 0, 32;
    %jmp T_6.6;
T_6.2 ;
    %load/vec4 v000001a9766ed770_0;
    %load/vec4 v000001a9766ec4b0_0;
    %and;
    %store/vec4 v000001a9766ed4f0_0, 0, 32;
    %jmp T_6.6;
T_6.3 ;
    %load/vec4 v000001a9766ed770_0;
    %load/vec4 v000001a9766ec4b0_0;
    %or;
    %store/vec4 v000001a9766ed4f0_0, 0, 32;
    %jmp T_6.6;
T_6.4 ;
    %load/vec4 v000001a9766ed770_0;
    %load/vec4 v000001a9766ec4b0_0;
    %xor;
    %store/vec4 v000001a9766ed4f0_0, 0, 32;
    %jmp T_6.6;
T_6.6 ;
    %pop/vec4 1;
    %jmp T_6;
    .thread T_6, $push;
    .scope S_000001a9766a4ca0;
T_7 ;
    %pushi/vec4 0, 0, 32;
    %store/vec4 v000001a976768e50_0, 0, 32;
T_7.0 ;
    %load/vec4 v000001a976768e50_0;
    %cmpi/s 256, 0, 32;
    %jmp/0xz T_7.1, 5;
    %pushi/vec4 0, 0, 32;
    %ix/getv/s 4, v000001a976768e50_0;
    %store/vec4a v000001a976768450, 4, 0;
    %load/vec4 v000001a976768e50_0;
    %addi 1, 0, 32;
    %store/vec4 v000001a976768e50_0, 0, 32;
    %jmp T_7.0;
T_7.1 ;
    %end;
    .thread T_7;
    .scope S_000001a9766a4ca0;
T_8 ;
    %wait E_000001a976705380;
    %load/vec4 v000001a976769cb0_0;
    %flag_set/vec4 8;
    %jmp/0xz  T_8.0, 8;
    %load/vec4 v000001a9767683b0_0;
    %load/vec4 v000001a976769fd0_0;
    %parti/s 30, 2, 3;
    %ix/vec4 3;
    %ix/load 4, 0, 0; Constant delay
    %assign/vec4/a/d v000001a976768450, 0, 4;
T_8.0 ;
    %jmp T_8;
    .thread T_8;
    .scope S_000001a976771c70;
T_9 ;
    %wait E_000001a976704880;
    %load/vec4 v000001a97676fc10_0;
    %flag_set/vec4 8;
    %jmp/0xz  T_9.0, 8;
    %pushi/vec4 0, 0, 32;
    %assign/vec4 v000001a97676f8f0_0, 0;
    %jmp T_9.1;
T_9.0 ;
    %load/vec4 v000001a976771010_0;
    %assign/vec4 v000001a97676f8f0_0, 0;
T_9.1 ;
    %jmp T_9;
    .thread T_9;
    .scope S_000001a976771180;
T_10 ;
    %pushi/vec4 0, 0, 32;
    %store/vec4 v000001a976770930_0, 0, 32;
T_10.0 ;
    %load/vec4 v000001a976770930_0;
    %cmpi/s 256, 0, 32;
    %jmp/0xz T_10.1, 5;
    %pushi/vec4 0, 0, 32;
    %ix/getv/s 4, v000001a976770930_0;
    %store/vec4a v000001a9767709d0, 4, 0;
    %load/vec4 v000001a976770930_0;
    %addi 1, 0, 32;
    %store/vec4 v000001a976770930_0, 0, 32;
    %jmp T_10.0;
T_10.1 ;
    %pushi/vec4 5243155, 0, 32;
    %ix/load 4, 0, 0;
    %flag_set/imm 4, 0;
    %store/vec4a v000001a9767709d0, 4, 0;
    %pushi/vec4 8963, 0, 32;
    %ix/load 4, 1, 0;
    %flag_set/imm 4, 0;
    %store/vec4a v000001a9767709d0, 4, 0;
    %pushi/vec4 1048979, 0, 32;
    %ix/load 4, 2, 0;
    %flag_set/imm 4, 0;
    %store/vec4a v000001a9767709d0, 4, 0;
    %end;
    .thread T_10;
    .scope S_000001a976771f90;
T_11 ;
    %wait E_000001a976704880;
    %load/vec4 v000001a97676f670_0;
    %flag_set/vec4 8;
    %jmp/0xz  T_11.0, 8;
    %pushi/vec4 0, 0, 32;
    %assign/vec4 v000001a976770070_0, 0;
    %pushi/vec4 0, 0, 32;
    %assign/vec4 v000001a976770c50_0, 0;
    %jmp T_11.1;
T_11.0 ;
    %load/vec4 v000001a976770110_0;
    %assign/vec4 v000001a976770070_0, 0;
    %load/vec4 v000001a97676fb70_0;
    %assign/vec4 v000001a976770c50_0, 0;
T_11.1 ;
    %jmp T_11;
    .thread T_11;
    .scope S_000001a97668b460;
T_12 ;
    %wait E_000001a976704fc0;
    %pushi/vec4 0, 0, 1;
    %store/vec4 v000001a97676e2e0_0, 0, 1;
    %pushi/vec4 0, 0, 1;
    %store/vec4 v000001a97676e740_0, 0, 1;
    %pushi/vec4 0, 0, 1;
    %store/vec4 v000001a97676d200_0, 0, 1;
    %pushi/vec4 0, 0, 1;
    %store/vec4 v000001a97676e9c0_0, 0, 1;
    %pushi/vec4 0, 0, 1;
    %store/vec4 v000001a97676e920_0, 0, 1;
    %pushi/vec4 0, 0, 1;
    %store/vec4 v000001a97676d700_0, 0, 1;
    %pushi/vec4 0, 0, 1;
    %store/vec4 v000001a97676db60_0, 0, 1;
    %pushi/vec4 0, 0, 2;
    %store/vec4 v000001a97676e880_0, 0, 2;
    %load/vec4 v000001a97676dd40_0;
    %dup/vec4;
    %pushi/vec4 51, 0, 7;
    %cmp/u;
    %jmp/1 T_12.0, 6;
    %dup/vec4;
    %pushi/vec4 19, 0, 7;
    %cmp/u;
    %jmp/1 T_12.1, 6;
    %dup/vec4;
    %pushi/vec4 3, 0, 7;
    %cmp/u;
    %jmp/1 T_12.2, 6;
    %dup/vec4;
    %pushi/vec4 35, 0, 7;
    %cmp/u;
    %jmp/1 T_12.3, 6;
    %dup/vec4;
    %pushi/vec4 99, 0, 7;
    %cmp/u;
    %jmp/1 T_12.4, 6;
    %dup/vec4;
    %pushi/vec4 111, 0, 7;
    %cmp/u;
    %jmp/1 T_12.5, 6;
    %jmp T_12.6;
T_12.0 ;
    %pushi/vec4 1, 0, 1;
    %store/vec4 v000001a97676e2e0_0, 0, 1;
    %pushi/vec4 0, 0, 1;
    %store/vec4 v000001a97676e9c0_0, 0, 1;
    %pushi/vec4 2, 0, 2;
    %store/vec4 v000001a97676e880_0, 0, 2;
    %jmp T_12.6;
T_12.1 ;
    %pushi/vec4 1, 0, 1;
    %store/vec4 v000001a97676e2e0_0, 0, 1;
    %pushi/vec4 1, 0, 1;
    %store/vec4 v000001a97676e9c0_0, 0, 1;
    %pushi/vec4 0, 0, 2;
    %store/vec4 v000001a97676e880_0, 0, 2;
    %jmp T_12.6;
T_12.2 ;
    %pushi/vec4 1, 0, 1;
    %store/vec4 v000001a97676e2e0_0, 0, 1;
    %pushi/vec4 1, 0, 1;
    %store/vec4 v000001a97676e740_0, 0, 1;
    %pushi/vec4 1, 0, 1;
    %store/vec4 v000001a97676e9c0_0, 0, 1;
    %pushi/vec4 1, 0, 1;
    %store/vec4 v000001a97676e920_0, 0, 1;
    %pushi/vec4 0, 0, 2;
    %store/vec4 v000001a97676e880_0, 0, 2;
    %jmp T_12.6;
T_12.3 ;
    %pushi/vec4 1, 0, 1;
    %store/vec4 v000001a97676d200_0, 0, 1;
    %pushi/vec4 1, 0, 1;
    %store/vec4 v000001a97676e9c0_0, 0, 1;
    %pushi/vec4 0, 0, 2;
    %store/vec4 v000001a97676e880_0, 0, 2;
    %jmp T_12.6;
T_12.4 ;
    %pushi/vec4 1, 0, 1;
    %store/vec4 v000001a97676d700_0, 0, 1;
    %pushi/vec4 1, 0, 2;
    %store/vec4 v000001a97676e880_0, 0, 2;
    %jmp T_12.6;
T_12.5 ;
    %pushi/vec4 1, 0, 1;
    %store/vec4 v000001a97676e2e0_0, 0, 1;
    %pushi/vec4 1, 0, 1;
    %store/vec4 v000001a97676db60_0, 0, 1;
    %jmp T_12.6;
T_12.6 ;
    %pop/vec4 1;
    %jmp T_12;
    .thread T_12, $push;
    .scope S_000001a976771e00;
T_13 ;
    %wait E_000001a976704900;
    %load/vec4 v000001a976772eb0_0;
    %flag_set/vec4 9;
    %flag_get/vec4 9;
    %jmp/0 T_13.2, 9;
    %load/vec4 v000001a976773f90_0;
    %pad/u 32;
    %pushi/vec4 0, 0, 32;
    %cmp/ne;
    %flag_get/vec4 4;
    %and;
T_13.2;
    %flag_set/vec4 8;
    %jmp/0xz  T_13.0, 8;
    %load/vec4 v000001a976773810_0;
    %load/vec4 v000001a976773f90_0;
    %pad/u 7;
    %ix/vec4 3;
    %ix/load 4, 0, 0; Constant delay
    %assign/vec4/a/d v000001a976773c70, 0, 4;
T_13.0 ;
    %jmp T_13;
    .thread T_13;
    .scope S_000001a976771310;
T_14 ;
    %wait E_000001a9767048c0;
    %load/vec4 v000001a976770e30_0;
    %parti/s 7, 0, 2;
    %dup/vec4;
    %pushi/vec4 19, 0, 7;
    %cmp/u;
    %jmp/1 T_14.0, 6;
    %dup/vec4;
    %pushi/vec4 3, 0, 7;
    %cmp/u;
    %jmp/1 T_14.1, 6;
    %dup/vec4;
    %pushi/vec4 35, 0, 7;
    %cmp/u;
    %jmp/1 T_14.2, 6;
    %dup/vec4;
    %pushi/vec4 99, 0, 7;
    %cmp/u;
    %jmp/1 T_14.3, 6;
    %dup/vec4;
    %pushi/vec4 111, 0, 7;
    %cmp/u;
    %jmp/1 T_14.4, 6;
    %pushi/vec4 0, 0, 32;
    %store/vec4 v000001a9767701b0_0, 0, 32;
    %jmp T_14.6;
T_14.0 ;
    %load/vec4 v000001a976770e30_0;
    %parti/s 1, 31, 6;
    %replicate 20;
    %load/vec4 v000001a976770e30_0;
    %parti/s 12, 20, 6;
    %concat/vec4; draw_concat_vec4
    %store/vec4 v000001a9767701b0_0, 0, 32;
    %jmp T_14.6;
T_14.1 ;
    %load/vec4 v000001a976770e30_0;
    %parti/s 1, 31, 6;
    %replicate 20;
    %load/vec4 v000001a976770e30_0;
    %parti/s 12, 20, 6;
    %concat/vec4; draw_concat_vec4
    %store/vec4 v000001a9767701b0_0, 0, 32;
    %jmp T_14.6;
T_14.2 ;
    %load/vec4 v000001a976770e30_0;
    %parti/s 1, 31, 6;
    %replicate 20;
    %load/vec4 v000001a976770e30_0;
    %parti/s 7, 25, 6;
    %concat/vec4; draw_concat_vec4
    %load/vec4 v000001a976770e30_0;
    %parti/s 5, 7, 4;
    %concat/vec4; draw_concat_vec4
    %store/vec4 v000001a9767701b0_0, 0, 32;
    %jmp T_14.6;
T_14.3 ;
    %load/vec4 v000001a976770e30_0;
    %parti/s 1, 31, 6;
    %replicate 19;
    %load/vec4 v000001a976770e30_0;
    %parti/s 1, 31, 6;
    %concat/vec4; draw_concat_vec4
    %load/vec4 v000001a976770e30_0;
    %parti/s 1, 7, 4;
    %concat/vec4; draw_concat_vec4
    %load/vec4 v000001a976770e30_0;
    %parti/s 6, 25, 6;
    %concat/vec4; draw_concat_vec4
    %load/vec4 v000001a976770e30_0;
    %parti/s 4, 8, 5;
    %concat/vec4; draw_concat_vec4
    %concati/vec4 0, 0, 1;
    %store/vec4 v000001a9767701b0_0, 0, 32;
    %jmp T_14.6;
T_14.4 ;
    %load/vec4 v000001a976770e30_0;
    %parti/s 1, 31, 6;
    %replicate 11;
    %load/vec4 v000001a976770e30_0;
    %parti/s 1, 31, 6;
    %concat/vec4; draw_concat_vec4
    %load/vec4 v000001a976770e30_0;
    %parti/s 8, 12, 5;
    %concat/vec4; draw_concat_vec4
    %load/vec4 v000001a976770e30_0;
    %parti/s 1, 20, 6;
    %concat/vec4; draw_concat_vec4
    %load/vec4 v000001a976770e30_0;
    %parti/s 10, 21, 6;
    %concat/vec4; draw_concat_vec4
    %concati/vec4 0, 0, 1;
    %store/vec4 v000001a9767701b0_0, 0, 32;
    %jmp T_14.6;
T_14.6 ;
    %pop/vec4 1;
    %jmp T_14;
    .thread T_14, $push;
    .scope S_000001a976694630;
T_15 ;
    %wait E_000001a9767047c0;
    %load/vec4 v000001a97676a320_0;
    %dup/vec4;
    %pushi/vec4 0, 0, 2;
    %cmp/u;
    %jmp/1 T_15.0, 6;
    %dup/vec4;
    %pushi/vec4 1, 0, 2;
    %cmp/u;
    %jmp/1 T_15.1, 6;
    %dup/vec4;
    %pushi/vec4 2, 0, 2;
    %cmp/u;
    %jmp/1 T_15.2, 6;
    %pushi/vec4 0, 0, 3;
    %store/vec4 v000001a97676a460_0, 0, 3;
    %jmp T_15.4;
T_15.0 ;
    %pushi/vec4 0, 0, 3;
    %store/vec4 v000001a97676a460_0, 0, 3;
    %jmp T_15.4;
T_15.1 ;
    %pushi/vec4 1, 0, 3;
    %store/vec4 v000001a97676a460_0, 0, 3;
    %jmp T_15.4;
T_15.2 ;
    %load/vec4 v000001a97676a780_0;
    %load/vec4 v000001a97676ac80_0;
    %concat/vec4; draw_concat_vec4
    %dup/vec4;
    %pushi/vec4 0, 0, 10;
    %cmp/u;
    %jmp/1 T_15.5, 6;
    %dup/vec4;
    %pushi/vec4 256, 0, 10;
    %cmp/u;
    %jmp/1 T_15.6, 6;
    %dup/vec4;
    %pushi/vec4 7, 0, 10;
    %cmp/u;
    %jmp/1 T_15.7, 6;
    %dup/vec4;
    %pushi/vec4 6, 0, 10;
    %cmp/u;
    %jmp/1 T_15.8, 6;
    %dup/vec4;
    %pushi/vec4 4, 0, 10;
    %cmp/u;
    %jmp/1 T_15.9, 6;
    %pushi/vec4 0, 0, 3;
    %store/vec4 v000001a97676a460_0, 0, 3;
    %jmp T_15.11;
T_15.5 ;
    %pushi/vec4 0, 0, 3;
    %store/vec4 v000001a97676a460_0, 0, 3;
    %jmp T_15.11;
T_15.6 ;
    %pushi/vec4 1, 0, 3;
    %store/vec4 v000001a97676a460_0, 0, 3;
    %jmp T_15.11;
T_15.7 ;
    %pushi/vec4 2, 0, 3;
    %store/vec4 v000001a97676a460_0, 0, 3;
    %jmp T_15.11;
T_15.8 ;
    %pushi/vec4 3, 0, 3;
    %store/vec4 v000001a97676a460_0, 0, 3;
    %jmp T_15.11;
T_15.9 ;
    %pushi/vec4 4, 0, 3;
    %store/vec4 v000001a97676a460_0, 0, 3;
    %jmp T_15.11;
T_15.11 ;
    %pop/vec4 1;
    %jmp T_15.4;
T_15.4 ;
    %pop/vec4 1;
    %jmp T_15;
    .thread T_15, $push;
    .scope S_000001a976684030;
T_16 ;
    %wait E_000001a976704880;
    %load/vec4 v000001a97676f490_0;
    %flag_set/vec4 8;
    %jmp/0xz  T_16.0, 8;
    %pushi/vec4 0, 0, 32;
    %assign/vec4 v000001a976770f70_0, 0;
    %pushi/vec4 0, 0, 32;
    %assign/vec4 v000001a97676f210_0, 0;
    %pushi/vec4 0, 0, 32;
    %assign/vec4 v000001a976770430_0, 0;
    %pushi/vec4 0, 0, 32;
    %assign/vec4 v000001a97676fa30_0, 0;
    %pushi/vec4 0, 0, 5;
    %assign/vec4 v000001a976770bb0_0, 0;
    %pushi/vec4 0, 0, 1;
    %assign/vec4 v000001a97676e240_0, 0;
    %pushi/vec4 0, 0, 1;
    %assign/vec4 v000001a97676eec0_0, 0;
    %pushi/vec4 0, 0, 1;
    %assign/vec4 v000001a97676dac0_0, 0;
    %pushi/vec4 0, 0, 1;
    %assign/vec4 v000001a97676e7e0_0, 0;
    %pushi/vec4 0, 0, 1;
    %assign/vec4 v000001a97676e060_0, 0;
    %pushi/vec4 0, 0, 1;
    %assign/vec4 v000001a97676e6a0_0, 0;
    %pushi/vec4 0, 0, 1;
    %assign/vec4 v000001a97676e100_0, 0;
    %pushi/vec4 0, 0, 3;
    %assign/vec4 v000001a9767704d0_0, 0;
    %jmp T_16.1;
T_16.0 ;
    %load/vec4 v000001a976770b10_0;
    %assign/vec4 v000001a976770f70_0, 0;
    %load/vec4 v000001a97676f3f0_0;
    %assign/vec4 v000001a97676f210_0, 0;
    %load/vec4 v000001a97676f170_0;
    %assign/vec4 v000001a976770430_0, 0;
    %load/vec4 v000001a97676f2b0_0;
    %assign/vec4 v000001a97676fa30_0, 0;
    %load/vec4 v000001a976770390_0;
    %assign/vec4 v000001a976770bb0_0, 0;
    %load/vec4 v000001a97676dc00_0;
    %assign/vec4 v000001a97676e240_0, 0;
    %load/vec4 v000001a97676ee20_0;
    %assign/vec4 v000001a97676eec0_0, 0;
    %load/vec4 v000001a97676e420_0;
    %assign/vec4 v000001a97676dac0_0, 0;
    %load/vec4 v000001a97676e1a0_0;
    %assign/vec4 v000001a97676e7e0_0, 0;
    %load/vec4 v000001a97676dca0_0;
    %assign/vec4 v000001a97676e060_0, 0;
    %load/vec4 v000001a97676e4c0_0;
    %assign/vec4 v000001a97676e6a0_0, 0;
    %load/vec4 v000001a97676da20_0;
    %assign/vec4 v000001a97676e100_0, 0;
    %load/vec4 v000001a976770250_0;
    %assign/vec4 v000001a9767704d0_0, 0;
T_16.1 ;
    %jmp T_16;
    .thread T_16;
    .scope S_000001a9766947c0;
T_17 ;
    %wait E_000001a976704b40;
    %load/vec4 v000001a97676b9a0_0;
    %dup/vec4;
    %pushi/vec4 0, 0, 3;
    %cmp/u;
    %jmp/1 T_17.0, 6;
    %dup/vec4;
    %pushi/vec4 1, 0, 3;
    %cmp/u;
    %jmp/1 T_17.1, 6;
    %dup/vec4;
    %pushi/vec4 2, 0, 3;
    %cmp/u;
    %jmp/1 T_17.2, 6;
    %dup/vec4;
    %pushi/vec4 3, 0, 3;
    %cmp/u;
    %jmp/1 T_17.3, 6;
    %dup/vec4;
    %pushi/vec4 4, 0, 3;
    %cmp/u;
    %jmp/1 T_17.4, 6;
    %pushi/vec4 0, 0, 32;
    %store/vec4 v000001a97676b040_0, 0, 32;
    %jmp T_17.6;
T_17.0 ;
    %load/vec4 v000001a97676a500_0;
    %load/vec4 v000001a97676b860_0;
    %add;
    %store/vec4 v000001a97676b040_0, 0, 32;
    %jmp T_17.6;
T_17.1 ;
    %load/vec4 v000001a97676a500_0;
    %load/vec4 v000001a97676b860_0;
    %sub;
    %store/vec4 v000001a97676b040_0, 0, 32;
    %jmp T_17.6;
T_17.2 ;
    %load/vec4 v000001a97676a500_0;
    %load/vec4 v000001a97676b860_0;
    %and;
    %store/vec4 v000001a97676b040_0, 0, 32;
    %jmp T_17.6;
T_17.3 ;
    %load/vec4 v000001a97676a500_0;
    %load/vec4 v000001a97676b860_0;
    %or;
    %store/vec4 v000001a97676b040_0, 0, 32;
    %jmp T_17.6;
T_17.4 ;
    %load/vec4 v000001a97676a500_0;
    %load/vec4 v000001a97676b860_0;
    %xor;
    %store/vec4 v000001a97676b040_0, 0, 32;
    %jmp T_17.6;
T_17.6 ;
    %pop/vec4 1;
    %jmp T_17;
    .thread T_17, $push;
    .scope S_000001a976683ea0;
T_18 ;
    %wait E_000001a976704880;
    %load/vec4 v000001a97676e600_0;
    %flag_set/vec4 8;
    %jmp/0xz  T_18.0, 8;
    %pushi/vec4 0, 0, 32;
    %assign/vec4 v000001a97676f000_0, 0;
    %pushi/vec4 0, 0, 32;
    %assign/vec4 v000001a97676ed80_0, 0;
    %pushi/vec4 0, 0, 5;
    %assign/vec4 v000001a97676ece0_0, 0;
    %pushi/vec4 0, 0, 1;
    %assign/vec4 v000001a97676e560_0, 0;
    %pushi/vec4 0, 0, 1;
    %assign/vec4 v000001a97676d160_0, 0;
    %pushi/vec4 0, 0, 1;
    %assign/vec4 v000001a97676d8e0_0, 0;
    %pushi/vec4 0, 0, 1;
    %assign/vec4 v000001a97676d520_0, 0;
    %jmp T_18.1;
T_18.0 ;
    %load/vec4 v000001a97676d3e0_0;
    %assign/vec4 v000001a97676f000_0, 0;
    %load/vec4 v000001a97676d660_0;
    %assign/vec4 v000001a97676ed80_0, 0;
    %load/vec4 v000001a97676ef60_0;
    %assign/vec4 v000001a97676ece0_0, 0;
    %load/vec4 v000001a97676d2a0_0;
    %assign/vec4 v000001a97676e560_0, 0;
    %load/vec4 v000001a97676d480_0;
    %assign/vec4 v000001a97676d160_0, 0;
    %load/vec4 v000001a97676e380_0;
    %assign/vec4 v000001a97676d8e0_0, 0;
    %load/vec4 v000001a97676dfc0_0;
    %assign/vec4 v000001a97676d520_0, 0;
T_18.1 ;
    %jmp T_18;
    .thread T_18;
    .scope S_000001a97668b5f0;
T_19 ;
    %pushi/vec4 0, 0, 32;
    %store/vec4 v000001a97676de80_0, 0, 32;
T_19.0 ;
    %load/vec4 v000001a97676de80_0;
    %cmpi/s 256, 0, 32;
    %jmp/0xz T_19.1, 5;
    %pushi/vec4 0, 0, 32;
    %ix/getv/s 4, v000001a97676de80_0;
    %store/vec4a v000001a97676eba0, 4, 0;
    %load/vec4 v000001a97676de80_0;
    %addi 1, 0, 32;
    %store/vec4 v000001a97676de80_0, 0, 32;
    %jmp T_19.0;
T_19.1 ;
    %end;
    .thread T_19;
    .scope S_000001a97668b5f0;
T_20 ;
    %wait E_000001a976704900;
    %load/vec4 v000001a97676d980_0;
    %flag_set/vec4 8;
    %jmp/0xz  T_20.0, 8;
    %load/vec4 v000001a97676d5c0_0;
    %load/vec4 v000001a97676ea60_0;
    %parti/s 30, 2, 3;
    %ix/vec4 3;
    %ix/load 4, 0, 0; Constant delay
    %assign/vec4/a/d v000001a97676eba0, 0, 4;
T_20.0 ;
    %jmp T_20;
    .thread T_20;
    .scope S_000001a976771ae0;
T_21 ;
    %wait E_000001a976704880;
    %load/vec4 v000001a976770ed0_0;
    %flag_set/vec4 8;
    %jmp/0xz  T_21.0, 8;
    %pushi/vec4 0, 0, 32;
    %assign/vec4 v000001a97676f5d0_0, 0;
    %pushi/vec4 0, 0, 32;
    %assign/vec4 v000001a976770610_0, 0;
    %pushi/vec4 0, 0, 5;
    %assign/vec4 v000001a97676ff30_0, 0;
    %pushi/vec4 0, 0, 1;
    %assign/vec4 v000001a97676f530_0, 0;
    %pushi/vec4 0, 0, 1;
    %assign/vec4 v000001a97676fcb0_0, 0;
    %jmp T_21.1;
T_21.0 ;
    %load/vec4 v000001a976770750_0;
    %assign/vec4 v000001a97676f5d0_0, 0;
    %load/vec4 v000001a9767702f0_0;
    %assign/vec4 v000001a976770610_0, 0;
    %load/vec4 v000001a97676ffd0_0;
    %assign/vec4 v000001a97676ff30_0, 0;
    %load/vec4 v000001a976770d90_0;
    %assign/vec4 v000001a97676f530_0, 0;
    %load/vec4 v000001a976770570_0;
    %assign/vec4 v000001a97676fcb0_0, 0;
T_21.1 ;
    %jmp T_21;
    .thread T_21;
    .scope S_000001a9766bc8a0;
T_22 ;
    %pushi/vec4 0, 0, 1;
    %store/vec4 v000001a976779510_0, 0, 1;
T_22.0 ;
    %delay 5, 0;
    %load/vec4 v000001a976779510_0;
    %inv;
    %store/vec4 v000001a976779510_0, 0, 1;
    %jmp T_22.0;
    %end;
    .thread T_22;
    .scope S_000001a9766bc8a0;
T_23 ;
    %vpi_call 11 27 "$dumpfile", "dump.vcd" {0 0 0};
    %vpi_call 11 28 "$dumpvars", 32'sb00000000000000000000000000000000, S_000001a9766bc8a0 {0 0 0};
    %pushi/vec4 1, 0, 1;
    %store/vec4 v000001a976778250_0, 0, 1;
    %delay 20, 0;
    %pushi/vec4 0, 0, 1;
    %store/vec4 v000001a976778250_0, 0, 1;
    %delay 200, 0;
    %vpi_call 11 38 "$finish" {0 0 0};
    %end;
    .thread T_23;
# The file index is used to find the file name in the following table.
:file_names 17;
    "N/A";
    "<interactive>";
    "rtl\cpu_top.v";
    "rtl\alu_control.v";
    "rtl\ALU.v";
    "rtl\control_unit.v";
    "rtl\data_mem.v";
    "rtl\instr_mem.v";
    "rtl\imm_gen.v";
    "rtl\pc.v";
    "rtl\regfile.v";
    "tb\pipeline_cpu_top_v4_tb.v";
    "rtl\pipeline_cpu_top_v4.v";
    "rtl\ex_mem.v";
    "rtl\id_ex.v";
    "rtl\if_id.v";
    "rtl\mem_wb.v";
