#! /c/Source/iverilog-install/bin/vvp
:ivl_version "12.0 (devel)" "(s20150603-1539-g2693dd32b)";
:ivl_delay_selection "TYPICAL";
:vpi_time_precision - 12;
:vpi_module "D:\icarus\iverilog\lib\ivl\system.vpi";
:vpi_module "D:\icarus\iverilog\lib\ivl\vhdl_sys.vpi";
:vpi_module "D:\icarus\iverilog\lib\ivl\vhdl_textio.vpi";
:vpi_module "D:\icarus\iverilog\lib\ivl\v2005_math.vpi";
:vpi_module "D:\icarus\iverilog\lib\ivl\va_math.vpi";
S_0000025f732f64e0 .scope module, "tb1_exmem_forwarding" "tb1_exmem_forwarding" 2 39;
 .timescale -9 -12;
v0000025f73394460_0 .var "clk", 0 0;
v0000025f73394d20_0 .var/i "fail_count", 31 0;
v0000025f73395860_0 .var/i "pass_count", 31 0;
v0000025f73395540_0 .var "reset", 0 0;
S_0000025f732f6670 .scope task, "check" "check" 2 71, 2 71 0, S_0000025f732f64e0;
 .timescale -9 -12;
v0000025f7332af20_0 .var "actual", 31 0;
v0000025f7332be20_0 .var "expected", 31 0;
v0000025f7332ac00_0 .var "label", 63 0;
v0000025f7332b1a0_0 .var "reg_num", 4 0;
TD_tb1_exmem_forwarding.check ;
    %load/vec4 v0000025f7332af20_0;
    %load/vec4 v0000025f7332be20_0;
    %cmp/e;
    %jmp/0xz  T_0.0, 6;
    %vpi_call 2 78 "$display", "  [PASS] x%0d = %0d  (expected %0d)", v0000025f7332b1a0_0, v0000025f7332af20_0, v0000025f7332be20_0 {0 0 0};
    %load/vec4 v0000025f73395860_0;
    %addi 1, 0, 32;
    %store/vec4 v0000025f73395860_0, 0, 32;
    %jmp T_0.1;
T_0.0 ;
    %vpi_call 2 81 "$display", "  [FAIL] x%0d = %0d  (expected %0d) *** MISMATCH ***", v0000025f7332b1a0_0, v0000025f7332af20_0, v0000025f7332be20_0 {0 0 0};
    %load/vec4 v0000025f73394d20_0;
    %addi 1, 0, 32;
    %store/vec4 v0000025f73394d20_0, 0, 32;
T_0.1 ;
    %end;
S_0000025f732dc830 .scope module, "dut" "pipeline_cpu_top_v5" 2 44, 3 12 0, S_0000025f732f64e0;
 .timescale 0 0;
    .port_info 0 /INPUT 1 "clk";
    .port_info 1 /INPUT 1 "reset";
v0000025f733937b0_0 .net "ALUOp", 1 0, v0000025f7332a840_0;  1 drivers
v0000025f73393cb0_0 .net "ALUSrc", 0 0, v0000025f7332c280_0;  1 drivers
v0000025f73393170_0 .net "Branch", 0 0, v0000025f7332c320_0;  1 drivers
v0000025f73393a30_0 .net "Jump", 0 0, v0000025f7332c3c0_0;  1 drivers
v0000025f73392d10_0 .net "MemRead", 0 0, v0000025f7332aac0_0;  1 drivers
v0000025f73393e90_0 .net "MemToReg", 0 0, v0000025f7332b2e0_0;  1 drivers
v0000025f73393490_0 .net "MemWrite", 0 0, v0000025f7332c640_0;  1 drivers
v0000025f73392ef0_0 .net "RegWrite", 0 0, v0000025f7332b100_0;  1 drivers
L_0000025f73396108 .functor BUFT 1, C4<00000000000000000000000000000100>, C4<0>, C4<0>, C4<0>;
v0000025f73393c10_0 .net/2u *"_ivl_0", 31 0, L_0000025f73396108;  1 drivers
v0000025f733935d0_0 .net "alu_control", 2 0, v0000025f7332afc0_0;  1 drivers
v0000025f73392c70_0 .var "alu_in_A", 31 0;
v0000025f73393350_0 .net "alu_operand_b", 31 0, L_0000025f733f0ae0;  1 drivers
v0000025f733924f0_0 .net "alu_result", 31 0, v0000025f7332bc40_0;  1 drivers
v0000025f73392e50_0 .net "clk", 0 0, v0000025f73394460_0;  1 drivers
v0000025f73393d50_0 .net "ex_mem_MemRead", 0 0, v0000025f7332b740_0;  1 drivers
v0000025f733921d0_0 .net "ex_mem_MemToReg", 0 0, v0000025f7332ba60_0;  1 drivers
v0000025f733932b0_0 .net "ex_mem_MemWrite", 0 0, v0000025f7332bce0_0;  1 drivers
v0000025f73392f90_0 .net "ex_mem_RegWrite", 0 0, v0000025f7332bf60_0;  1 drivers
v0000025f73393f30_0 .net "ex_mem_alu_result", 31 0, v0000025f73310e80_0;  1 drivers
v0000025f73393ad0_0 .net "ex_mem_rd", 4 0, v0000025f7338c6a0_0;  1 drivers
v0000025f73392270_0 .net "ex_mem_write_data", 31 0, v0000025f7338df00_0;  1 drivers
v0000025f73392db0_0 .net "flush_id_ex", 0 0, v0000025f7338ce20_0;  1 drivers
v0000025f73392590_0 .net "forward_A", 1 0, v0000025f7338c380_0;  1 drivers
v0000025f733938f0_0 .net "forward_B", 1 0, v0000025f7338c240_0;  1 drivers
v0000025f733923b0_0 .var "forwarded_B", 31 0;
v0000025f73393530_0 .net "funct3", 2 0, L_0000025f73394820;  1 drivers
v0000025f733926d0_0 .net "funct7", 6 0, L_0000025f73395fe0;  1 drivers
v0000025f73393030_0 .net "id_ex_ALUSrc", 0 0, v0000025f7338d1e0_0;  1 drivers
v0000025f733930d0_0 .net "id_ex_Branch", 0 0, v0000025f7338d960_0;  1 drivers
v0000025f73392770_0 .net "id_ex_Jump", 0 0, v0000025f7338c9c0_0;  1 drivers
v0000025f733933f0_0 .net "id_ex_MemRead", 0 0, v0000025f7338c560_0;  1 drivers
v0000025f733928b0_0 .net "id_ex_MemToReg", 0 0, v0000025f7338c2e0_0;  1 drivers
v0000025f73392b30_0 .net "id_ex_MemWrite", 0 0, v0000025f7338c100_0;  1 drivers
v0000025f73392950_0 .net "id_ex_RegWrite", 0 0, v0000025f7338cba0_0;  1 drivers
v0000025f73393710_0 .net "id_ex_alu_control", 2 0, v0000025f7338cc40_0;  1 drivers
v0000025f73393850_0 .net "id_ex_imm", 31 0, v0000025f7338c600_0;  1 drivers
v0000025f733929f0_0 .net "id_ex_pc", 31 0, v0000025f7338c880_0;  1 drivers
v0000025f73392a90_0 .net "id_ex_rd", 4 0, v0000025f7338d320_0;  1 drivers
v0000025f73392bd0_0 .net "id_ex_read_data1", 31 0, v0000025f7338d5a0_0;  1 drivers
v0000025f73394320_0 .net "id_ex_read_data2", 31 0, v0000025f7338d6e0_0;  1 drivers
v0000025f73394140_0 .net "id_ex_rs1", 4 0, v0000025f73390bc0_0;  1 drivers
v0000025f73394780_0 .net "id_ex_rs2", 4 0, v0000025f73391a20_0;  1 drivers
v0000025f73395360_0 .net "if_id_instruction", 31 0, v0000025f73391340_0;  1 drivers
v0000025f73395cc0_0 .net "if_id_pc", 31 0, v0000025f73391020_0;  1 drivers
v0000025f73395040_0 .net "imm_out", 31 0, v0000025f73391de0_0;  1 drivers
v0000025f73395ea0_0 .net "instruction", 31 0, L_0000025f73318870;  1 drivers
v0000025f73394aa0_0 .net "mem_wb_MemToReg", 0 0, v0000025f73391ac0_0;  1 drivers
v0000025f73395400_0 .net "mem_wb_RegWrite", 0 0, v0000025f73390940_0;  1 drivers
v0000025f733950e0_0 .net "mem_wb_alu_result", 31 0, v0000025f73391b60_0;  1 drivers
v0000025f73394c80_0 .net "mem_wb_memory_data", 31 0, v0000025f733901c0_0;  1 drivers
v0000025f73395180_0 .net "mem_wb_rd", 4 0, v0000025f73391660_0;  1 drivers
v0000025f73395d60_0 .net "memory_data", 31 0, L_0000025f733f2020;  1 drivers
v0000025f73395f40_0 .net "next_pc", 31 0, L_0000025f73395900;  1 drivers
v0000025f733943c0_0 .net "opcode", 6 0, L_0000025f73394dc0;  1 drivers
v0000025f73394e60_0 .net "pc", 31 0, v0000025f73390e40_0;  1 drivers
v0000025f73395e00_0 .net "rd", 4 0, L_0000025f733945a0;  1 drivers
v0000025f733941e0_0 .net "read_data1", 31 0, L_0000025f733952c0;  1 drivers
v0000025f73394be0_0 .net "read_data2", 31 0, L_0000025f73395ae0;  1 drivers
v0000025f733946e0_0 .net "reset", 0 0, v0000025f73395540_0;  1 drivers
v0000025f733957c0_0 .net "rs1", 4 0, L_0000025f73394640;  1 drivers
v0000025f733948c0_0 .net "rs2", 4 0, L_0000025f73394960;  1 drivers
v0000025f73395720_0 .net "stall_if_id", 0 0, v0000025f7338d500_0;  1 drivers
v0000025f73395b80_0 .net "stall_pc", 0 0, v0000025f7338dbe0_0;  1 drivers
v0000025f73394280_0 .net "write_back_data", 31 0, L_0000025f73394a00;  1 drivers
v0000025f73395c20_0 .net "zero", 0 0, L_0000025f733f1e40;  1 drivers
E_0000025f7331c7c0 .event anyedge, v0000025f7338c240_0, v0000025f7332a980_0, v0000025f73392810_0, v0000025f7338d6e0_0;
E_0000025f7331c900 .event anyedge, v0000025f7338c380_0, v0000025f7332a980_0, v0000025f73392810_0, v0000025f7338d5a0_0;
L_0000025f73395900 .arith/sum 32, v0000025f73390e40_0, L_0000025f73396108;
L_0000025f73394dc0 .part v0000025f73391340_0, 0, 7;
L_0000025f733945a0 .part v0000025f73391340_0, 7, 5;
L_0000025f73394820 .part v0000025f73391340_0, 12, 3;
L_0000025f73394640 .part v0000025f73391340_0, 15, 5;
L_0000025f73394960 .part v0000025f73391340_0, 20, 5;
L_0000025f73395fe0 .part v0000025f73391340_0, 25, 7;
L_0000025f73394a00 .functor MUXZ 32, v0000025f73391b60_0, v0000025f733901c0_0, v0000025f73391ac0_0, C4<>;
L_0000025f733f0ae0 .functor MUXZ 32, v0000025f733923b0_0, v0000025f7338c600_0, v0000025f7338d1e0_0, C4<>;
S_0000025f732dc9c0 .scope module, "alu_ctrl" "alu_control" 3 132, 4 1 0, S_0000025f732dc830;
 .timescale 0 0;
    .port_info 0 /INPUT 2 "ALUOp";
    .port_info 1 /INPUT 3 "funct3";
    .port_info 2 /INPUT 7 "funct7";
    .port_info 3 /OUTPUT 3 "alu_control";
v0000025f7332ae80_0 .net "ALUOp", 1 0, v0000025f7332a840_0;  alias, 1 drivers
v0000025f7332afc0_0 .var "alu_control", 2 0;
v0000025f7332aa20_0 .net "funct3", 2 0, L_0000025f73394820;  alias, 1 drivers
v0000025f7332c140_0 .net "funct7", 6 0, L_0000025f73395fe0;  alias, 1 drivers
E_0000025f7331ccc0 .event anyedge, v0000025f7332ae80_0, v0000025f7332c140_0, v0000025f7332aa20_0;
S_0000025f732abcb0 .scope module, "alu_inst" "ALU" 3 297, 5 1 0, S_0000025f732dc830;
 .timescale 0 0;
    .port_info 0 /INPUT 32 "a";
    .port_info 1 /INPUT 32 "b";
    .port_info 2 /INPUT 3 "alu_control";
    .port_info 3 /OUTPUT 32 "result";
    .port_info 4 /OUTPUT 1 "zero";
L_0000025f733963d8 .functor BUFT 1, C4<00000000000000000000000000000000>, C4<0>, C4<0>, C4<0>;
v0000025f7332c0a0_0 .net/2u *"_ivl_0", 31 0, L_0000025f733963d8;  1 drivers
v0000025f7332b880_0 .net "a", 31 0, v0000025f73392c70_0;  1 drivers
v0000025f7332c5a0_0 .net "alu_control", 2 0, v0000025f7338cc40_0;  alias, 1 drivers
v0000025f7332c1e0_0 .net "b", 31 0, L_0000025f733f0ae0;  alias, 1 drivers
v0000025f7332bc40_0 .var "result", 31 0;
v0000025f7332bb00_0 .net "zero", 0 0, L_0000025f733f1e40;  alias, 1 drivers
E_0000025f7331e000 .event anyedge, v0000025f7332c5a0_0, v0000025f7332b880_0, v0000025f7332c1e0_0;
L_0000025f733f1e40 .cmp/eq 32, v0000025f7332bc40_0, L_0000025f733963d8;
S_0000025f732abe40 .scope module, "ctrl" "control_unit" 3 78, 6 1 0, S_0000025f732dc830;
 .timescale 0 0;
    .port_info 0 /INPUT 7 "opcode";
    .port_info 1 /OUTPUT 1 "RegWrite";
    .port_info 2 /OUTPUT 1 "MemRead";
    .port_info 3 /OUTPUT 1 "MemWrite";
    .port_info 4 /OUTPUT 1 "ALUSrc";
    .port_info 5 /OUTPUT 1 "MemToReg";
    .port_info 6 /OUTPUT 1 "Branch";
    .port_info 7 /OUTPUT 1 "Jump";
    .port_info 8 /OUTPUT 2 "ALUOp";
v0000025f7332a840_0 .var "ALUOp", 1 0;
v0000025f7332c280_0 .var "ALUSrc", 0 0;
v0000025f7332c320_0 .var "Branch", 0 0;
v0000025f7332c3c0_0 .var "Jump", 0 0;
v0000025f7332aac0_0 .var "MemRead", 0 0;
v0000025f7332b2e0_0 .var "MemToReg", 0 0;
v0000025f7332c640_0 .var "MemWrite", 0 0;
v0000025f7332b100_0 .var "RegWrite", 0 0;
v0000025f7332bec0_0 .net "opcode", 6 0, L_0000025f73394dc0;  alias, 1 drivers
E_0000025f7331e6c0 .event anyedge, v0000025f7332bec0_0;
S_0000025f732c36f0 .scope module, "dmem" "data_mem" 3 338, 7 1 0, S_0000025f732dc830;
 .timescale 0 0;
    .port_info 0 /INPUT 1 "clk";
    .port_info 1 /INPUT 1 "mem_read";
    .port_info 2 /INPUT 1 "mem_write";
    .port_info 3 /INPUT 32 "address";
    .port_info 4 /INPUT 32 "write_data";
    .port_info 5 /OUTPUT 32 "read_data";
v0000025f7332b240_0 .net *"_ivl_0", 31 0, L_0000025f733f1760;  1 drivers
v0000025f7332b560_0 .net *"_ivl_3", 29 0, L_0000025f733f0540;  1 drivers
L_0000025f73396420 .functor BUFT 1, C4<00000000000000000000000000000000>, C4<0>, C4<0>, C4<0>;
v0000025f7332a8e0_0 .net/2u *"_ivl_4", 31 0, L_0000025f73396420;  1 drivers
v0000025f7332a980_0 .net "address", 31 0, v0000025f73310e80_0;  alias, 1 drivers
v0000025f7332ab60_0 .net "clk", 0 0, v0000025f73394460_0;  alias, 1 drivers
v0000025f7332c000_0 .var/i "i", 31 0;
v0000025f7332aca0_0 .net "mem_read", 0 0, v0000025f7332b740_0;  alias, 1 drivers
v0000025f7332ad40_0 .net "mem_write", 0 0, v0000025f7332bce0_0;  alias, 1 drivers
v0000025f7332ade0 .array "memory", 255 0, 31 0;
v0000025f7332b7e0_0 .net "read_data", 31 0, L_0000025f733f2020;  alias, 1 drivers
v0000025f7332b600_0 .net "write_data", 31 0, v0000025f7338df00_0;  alias, 1 drivers
E_0000025f7331e540 .event posedge, v0000025f7332ab60_0;
L_0000025f733f1760 .array/port v0000025f7332ade0, L_0000025f733f0540;
L_0000025f733f0540 .part v0000025f73310e80_0, 2, 30;
L_0000025f733f2020 .functor MUXZ 32, L_0000025f73396420, L_0000025f733f1760, v0000025f7332b740_0, C4<>;
S_0000025f732c3880 .scope module, "ex_mem_inst" "ex_mem" 3 309, 8 1 0, S_0000025f732dc830;
 .timescale 0 0;
    .port_info 0 /INPUT 1 "clk";
    .port_info 1 /INPUT 1 "reset";
    .port_info 2 /INPUT 32 "alu_result_in";
    .port_info 3 /INPUT 32 "write_data_in";
    .port_info 4 /INPUT 5 "rd_in";
    .port_info 5 /INPUT 1 "RegWrite_in";
    .port_info 6 /INPUT 1 "MemRead_in";
    .port_info 7 /INPUT 1 "MemWrite_in";
    .port_info 8 /INPUT 1 "MemToReg_in";
    .port_info 9 /OUTPUT 32 "alu_result_out";
    .port_info 10 /OUTPUT 32 "write_data_out";
    .port_info 11 /OUTPUT 5 "rd_out";
    .port_info 12 /OUTPUT 1 "RegWrite_out";
    .port_info 13 /OUTPUT 1 "MemRead_out";
    .port_info 14 /OUTPUT 1 "MemWrite_out";
    .port_info 15 /OUTPUT 1 "MemToReg_out";
v0000025f7332b6a0_0 .net "MemRead_in", 0 0, v0000025f7338c560_0;  alias, 1 drivers
v0000025f7332b740_0 .var "MemRead_out", 0 0;
v0000025f7332b9c0_0 .net "MemToReg_in", 0 0, v0000025f7338c2e0_0;  alias, 1 drivers
v0000025f7332ba60_0 .var "MemToReg_out", 0 0;
v0000025f7332bba0_0 .net "MemWrite_in", 0 0, v0000025f7338c100_0;  alias, 1 drivers
v0000025f7332bce0_0 .var "MemWrite_out", 0 0;
v0000025f7332bd80_0 .net "RegWrite_in", 0 0, v0000025f7338cba0_0;  alias, 1 drivers
v0000025f7332bf60_0 .var "RegWrite_out", 0 0;
v0000025f73311740_0 .net "alu_result_in", 31 0, v0000025f7332bc40_0;  alias, 1 drivers
v0000025f73310e80_0 .var "alu_result_out", 31 0;
v0000025f733119c0_0 .net "clk", 0 0, v0000025f73394460_0;  alias, 1 drivers
v0000025f7338de60_0 .net "rd_in", 4 0, v0000025f7338d320_0;  alias, 1 drivers
v0000025f7338c6a0_0 .var "rd_out", 4 0;
v0000025f7338c420_0 .net "reset", 0 0, v0000025f73395540_0;  alias, 1 drivers
v0000025f7338dd20_0 .net "write_data_in", 31 0, v0000025f733923b0_0;  1 drivers
v0000025f7338df00_0 .var "write_data_out", 31 0;
E_0000025f7331e740 .event posedge, v0000025f7338c420_0, v0000025f7332ab60_0;
S_0000025f732e17d0 .scope module, "fwd" "forwarding_unit" 3 243, 9 42 0, S_0000025f732dc830;
 .timescale 0 0;
    .port_info 0 /INPUT 5 "id_ex_rs1";
    .port_info 1 /INPUT 5 "id_ex_rs2";
    .port_info 2 /INPUT 5 "ex_mem_rd";
    .port_info 3 /INPUT 1 "ex_mem_RegWrite";
    .port_info 4 /INPUT 5 "mem_wb_rd";
    .port_info 5 /INPUT 1 "mem_wb_RegWrite";
    .port_info 6 /OUTPUT 2 "forward_A";
    .port_info 7 /OUTPUT 2 "forward_B";
v0000025f7338ca60_0 .net "ex_mem_RegWrite", 0 0, v0000025f7332bf60_0;  alias, 1 drivers
v0000025f7338c740_0 .net "ex_mem_rd", 4 0, v0000025f7338c6a0_0;  alias, 1 drivers
v0000025f7338c380_0 .var "forward_A", 1 0;
v0000025f7338c240_0 .var "forward_B", 1 0;
v0000025f7338d0a0_0 .net "id_ex_rs1", 4 0, v0000025f73390bc0_0;  alias, 1 drivers
v0000025f7338daa0_0 .net "id_ex_rs2", 4 0, v0000025f73391a20_0;  alias, 1 drivers
v0000025f7338d8c0_0 .net "mem_wb_RegWrite", 0 0, v0000025f73390940_0;  alias, 1 drivers
v0000025f7338cce0_0 .net "mem_wb_rd", 4 0, v0000025f73391660_0;  alias, 1 drivers
E_0000025f7331ed00/0 .event anyedge, v0000025f7332bf60_0, v0000025f7338c6a0_0, v0000025f7338d0a0_0, v0000025f7338daa0_0;
E_0000025f7331ed00/1 .event anyedge, v0000025f7338d8c0_0, v0000025f7338cce0_0;
E_0000025f7331ed00 .event/or E_0000025f7331ed00/0, E_0000025f7331ed00/1;
S_0000025f732e1960 .scope module, "hdu" "hazard_detection_unit" 3 151, 10 42 0, S_0000025f732dc830;
 .timescale 0 0;
    .port_info 0 /INPUT 1 "id_ex_MemRead";
    .port_info 1 /INPUT 5 "id_ex_rd";
    .port_info 2 /INPUT 5 "if_id_rs1";
    .port_info 3 /INPUT 5 "if_id_rs2";
    .port_info 4 /OUTPUT 1 "stall_pc";
    .port_info 5 /OUTPUT 1 "stall_if_id";
    .port_info 6 /OUTPUT 1 "flush_id_ex";
v0000025f7338ce20_0 .var "flush_id_ex", 0 0;
v0000025f7338d640_0 .net "id_ex_MemRead", 0 0, v0000025f7338c560_0;  alias, 1 drivers
v0000025f7338d140_0 .net "id_ex_rd", 4 0, v0000025f7338d320_0;  alias, 1 drivers
v0000025f7338ddc0_0 .net "if_id_rs1", 4 0, L_0000025f73394640;  alias, 1 drivers
v0000025f7338db40_0 .net "if_id_rs2", 4 0, L_0000025f73394960;  alias, 1 drivers
v0000025f7338d500_0 .var "stall_if_id", 0 0;
v0000025f7338dbe0_0 .var "stall_pc", 0 0;
E_0000025f7331ecc0 .event anyedge, v0000025f7332b6a0_0, v0000025f7338de60_0, v0000025f7338ddc0_0, v0000025f7338db40_0;
S_0000025f732e02c0 .scope module, "id_ex_inst" "id_ex" 3 180, 11 7 0, S_0000025f732dc830;
 .timescale 0 0;
    .port_info 0 /INPUT 1 "clk";
    .port_info 1 /INPUT 1 "reset";
    .port_info 2 /INPUT 1 "flush_id_ex";
    .port_info 3 /INPUT 32 "pc_in";
    .port_info 4 /INPUT 32 "read_data1_in";
    .port_info 5 /INPUT 32 "read_data2_in";
    .port_info 6 /INPUT 32 "imm_in";
    .port_info 7 /INPUT 5 "rs1_in";
    .port_info 8 /INPUT 5 "rs2_in";
    .port_info 9 /INPUT 5 "rd_in";
    .port_info 10 /INPUT 1 "RegWrite_in";
    .port_info 11 /INPUT 1 "MemRead_in";
    .port_info 12 /INPUT 1 "MemWrite_in";
    .port_info 13 /INPUT 1 "MemToReg_in";
    .port_info 14 /INPUT 1 "ALUSrc_in";
    .port_info 15 /INPUT 1 "Branch_in";
    .port_info 16 /INPUT 1 "Jump_in";
    .port_info 17 /INPUT 3 "alu_control_in";
    .port_info 18 /OUTPUT 32 "pc_out";
    .port_info 19 /OUTPUT 32 "read_data1_out";
    .port_info 20 /OUTPUT 32 "read_data2_out";
    .port_info 21 /OUTPUT 32 "imm_out";
    .port_info 22 /OUTPUT 5 "rs1_out";
    .port_info 23 /OUTPUT 5 "rs2_out";
    .port_info 24 /OUTPUT 5 "rd_out";
    .port_info 25 /OUTPUT 1 "RegWrite_out";
    .port_info 26 /OUTPUT 1 "MemRead_out";
    .port_info 27 /OUTPUT 1 "MemWrite_out";
    .port_info 28 /OUTPUT 1 "MemToReg_out";
    .port_info 29 /OUTPUT 1 "ALUSrc_out";
    .port_info 30 /OUTPUT 1 "Branch_out";
    .port_info 31 /OUTPUT 1 "Jump_out";
    .port_info 32 /OUTPUT 3 "alu_control_out";
v0000025f7338dc80_0 .net "ALUSrc_in", 0 0, v0000025f7332c280_0;  alias, 1 drivers
v0000025f7338d1e0_0 .var "ALUSrc_out", 0 0;
v0000025f7338cd80_0 .net "Branch_in", 0 0, v0000025f7332c320_0;  alias, 1 drivers
v0000025f7338d960_0 .var "Branch_out", 0 0;
v0000025f7338dfa0_0 .net "Jump_in", 0 0, v0000025f7332c3c0_0;  alias, 1 drivers
v0000025f7338c9c0_0 .var "Jump_out", 0 0;
v0000025f7338c1a0_0 .net "MemRead_in", 0 0, v0000025f7332aac0_0;  alias, 1 drivers
v0000025f7338c560_0 .var "MemRead_out", 0 0;
v0000025f7338c920_0 .net "MemToReg_in", 0 0, v0000025f7332b2e0_0;  alias, 1 drivers
v0000025f7338c2e0_0 .var "MemToReg_out", 0 0;
v0000025f7338cf60_0 .net "MemWrite_in", 0 0, v0000025f7332c640_0;  alias, 1 drivers
v0000025f7338c100_0 .var "MemWrite_out", 0 0;
v0000025f7338c4c0_0 .net "RegWrite_in", 0 0, v0000025f7332b100_0;  alias, 1 drivers
v0000025f7338cba0_0 .var "RegWrite_out", 0 0;
v0000025f7338d000_0 .net "alu_control_in", 2 0, v0000025f7332afc0_0;  alias, 1 drivers
v0000025f7338cc40_0 .var "alu_control_out", 2 0;
v0000025f7338d460_0 .net "clk", 0 0, v0000025f73394460_0;  alias, 1 drivers
v0000025f7338d280_0 .net "flush_id_ex", 0 0, v0000025f7338ce20_0;  alias, 1 drivers
v0000025f7338cb00_0 .net "imm_in", 31 0, v0000025f73391de0_0;  alias, 1 drivers
v0000025f7338c600_0 .var "imm_out", 31 0;
v0000025f7338c7e0_0 .net "pc_in", 31 0, v0000025f73391020_0;  alias, 1 drivers
v0000025f7338c880_0 .var "pc_out", 31 0;
v0000025f7338cec0_0 .net "rd_in", 4 0, L_0000025f733945a0;  alias, 1 drivers
v0000025f7338d320_0 .var "rd_out", 4 0;
v0000025f7338d3c0_0 .net "read_data1_in", 31 0, L_0000025f733952c0;  alias, 1 drivers
v0000025f7338d5a0_0 .var "read_data1_out", 31 0;
v0000025f7338da00_0 .net "read_data2_in", 31 0, L_0000025f73395ae0;  alias, 1 drivers
v0000025f7338d6e0_0 .var "read_data2_out", 31 0;
v0000025f7338d780_0 .net "reset", 0 0, v0000025f73395540_0;  alias, 1 drivers
v0000025f7338d820_0 .net "rs1_in", 4 0, L_0000025f73394640;  alias, 1 drivers
v0000025f73390bc0_0 .var "rs1_out", 4 0;
v0000025f733912a0_0 .net "rs2_in", 4 0, L_0000025f73394960;  alias, 1 drivers
v0000025f73391a20_0 .var "rs2_out", 4 0;
S_0000025f732b3050 .scope module, "if_id_inst" "if_id" 3 51, 12 5 0, S_0000025f732dc830;
 .timescale 0 0;
    .port_info 0 /INPUT 1 "clk";
    .port_info 1 /INPUT 1 "reset";
    .port_info 2 /INPUT 1 "stall_if_id";
    .port_info 3 /INPUT 1 "flush_if_id";
    .port_info 4 /INPUT 32 "pc_in";
    .port_info 5 /INPUT 32 "instruction_in";
    .port_info 6 /OUTPUT 32 "pc_out";
    .port_info 7 /OUTPUT 32 "instruction_out";
v0000025f73390c60_0 .net "clk", 0 0, v0000025f73394460_0;  alias, 1 drivers
L_0000025f73396150 .functor BUFT 1, C4<0>, C4<0>, C4<0>, C4<0>;
v0000025f73390300_0 .net "flush_if_id", 0 0, L_0000025f73396150;  1 drivers
v0000025f73390120_0 .net "instruction_in", 31 0, L_0000025f73318870;  alias, 1 drivers
v0000025f73391340_0 .var "instruction_out", 31 0;
v0000025f733917a0_0 .net "pc_in", 31 0, v0000025f73390e40_0;  alias, 1 drivers
v0000025f73391020_0 .var "pc_out", 31 0;
v0000025f733918e0_0 .net "reset", 0 0, v0000025f73395540_0;  alias, 1 drivers
v0000025f73391840_0 .net "stall_if_id", 0 0, v0000025f7338d500_0;  alias, 1 drivers
S_0000025f732f4050 .scope module, "imem" "instr_mem" 3 37, 13 1 0, S_0000025f732dc830;
 .timescale 0 0;
    .port_info 0 /INPUT 32 "address";
    .port_info 1 /OUTPUT 32 "instruction";
L_0000025f73318870 .functor BUFZ 32, L_0000025f73394500, C4<00000000000000000000000000000000>, C4<00000000000000000000000000000000>, C4<00000000000000000000000000000000>;
v0000025f733913e0_0 .net *"_ivl_0", 31 0, L_0000025f73394500;  1 drivers
v0000025f73390760_0 .net *"_ivl_3", 29 0, L_0000025f73394b40;  1 drivers
v0000025f73390a80_0 .net "address", 31 0, v0000025f73390e40_0;  alias, 1 drivers
v0000025f73391980_0 .var/i "i", 31 0;
v0000025f73391520_0 .net "instruction", 31 0, L_0000025f73318870;  alias, 1 drivers
v0000025f73391d40 .array "memory", 255 0, 31 0;
L_0000025f73394500 .array/port v0000025f73391d40, L_0000025f73394b40;
L_0000025f73394b40 .part v0000025f73390e40_0, 2, 30;
S_0000025f732f41e0 .scope module, "immgen" "imm_gen" 3 123, 14 1 0, S_0000025f732dc830;
 .timescale 0 0;
    .port_info 0 /INPUT 32 "instruction";
    .port_info 1 /OUTPUT 32 "imm_out";
v0000025f73391de0_0 .var "imm_out", 31 0;
v0000025f73391480_0 .net "instruction", 31 0, v0000025f73391340_0;  alias, 1 drivers
E_0000025f7331eec0 .event anyedge, v0000025f73391340_0;
S_0000025f732ee780 .scope module, "mem_wb_inst" "mem_wb" 3 351, 15 1 0, S_0000025f732dc830;
 .timescale 0 0;
    .port_info 0 /INPUT 1 "clk";
    .port_info 1 /INPUT 1 "reset";
    .port_info 2 /INPUT 32 "memory_data_in";
    .port_info 3 /INPUT 32 "alu_result_in";
    .port_info 4 /INPUT 5 "rd_in";
    .port_info 5 /INPUT 1 "RegWrite_in";
    .port_info 6 /INPUT 1 "MemToReg_in";
    .port_info 7 /OUTPUT 32 "memory_data_out";
    .port_info 8 /OUTPUT 32 "alu_result_out";
    .port_info 9 /OUTPUT 5 "rd_out";
    .port_info 10 /OUTPUT 1 "RegWrite_out";
    .port_info 11 /OUTPUT 1 "MemToReg_out";
v0000025f73390ee0_0 .net "MemToReg_in", 0 0, v0000025f7332ba60_0;  alias, 1 drivers
v0000025f73391ac0_0 .var "MemToReg_out", 0 0;
v0000025f733908a0_0 .net "RegWrite_in", 0 0, v0000025f7332bf60_0;  alias, 1 drivers
v0000025f73390940_0 .var "RegWrite_out", 0 0;
v0000025f73390d00_0 .net "alu_result_in", 31 0, v0000025f73310e80_0;  alias, 1 drivers
v0000025f73391b60_0 .var "alu_result_out", 31 0;
v0000025f733909e0_0 .net "clk", 0 0, v0000025f73394460_0;  alias, 1 drivers
v0000025f733915c0_0 .net "memory_data_in", 31 0, L_0000025f733f2020;  alias, 1 drivers
v0000025f733901c0_0 .var "memory_data_out", 31 0;
v0000025f73391c00_0 .net "rd_in", 4 0, v0000025f7338c6a0_0;  alias, 1 drivers
v0000025f73391660_0 .var "rd_out", 4 0;
v0000025f73391700_0 .net "reset", 0 0, v0000025f73395540_0;  alias, 1 drivers
S_0000025f732ee910 .scope module, "pc_inst" "pc" 3 29, 16 4 0, S_0000025f732dc830;
 .timescale 0 0;
    .port_info 0 /INPUT 1 "clk";
    .port_info 1 /INPUT 1 "reset";
    .port_info 2 /INPUT 1 "stall_pc";
    .port_info 3 /INPUT 32 "next_pc";
    .port_info 4 /OUTPUT 32 "pc_out";
v0000025f73390da0_0 .net "clk", 0 0, v0000025f73394460_0;  alias, 1 drivers
v0000025f73391ca0_0 .net "next_pc", 31 0, L_0000025f73395900;  alias, 1 drivers
v0000025f73390e40_0 .var "pc_out", 31 0;
v0000025f73391e80_0 .net "reset", 0 0, v0000025f73395540_0;  alias, 1 drivers
v0000025f73390f80_0 .net "stall_pc", 0 0, v0000025f7338dbe0_0;  alias, 1 drivers
S_0000025f732c1560 .scope module, "rf" "regfile" 3 108, 17 1 0, S_0000025f732dc830;
 .timescale 0 0;
    .port_info 0 /INPUT 1 "clk";
    .port_info 1 /INPUT 1 "reg_write";
    .port_info 2 /INPUT 5 "rs1";
    .port_info 3 /INPUT 5 "rs2";
    .port_info 4 /INPUT 5 "rd";
    .port_info 5 /INPUT 32 "write_data";
    .port_info 6 /OUTPUT 32 "read_data1";
    .port_info 7 /OUTPUT 32 "read_data2";
v0000025f73391f20_0 .net *"_ivl_0", 31 0, L_0000025f73395a40;  1 drivers
v0000025f73391fc0_0 .net *"_ivl_10", 31 0, L_0000025f73394fa0;  1 drivers
v0000025f733906c0_0 .net *"_ivl_12", 6 0, L_0000025f73395220;  1 drivers
L_0000025f73396270 .functor BUFT 1, C4<00>, C4<0>, C4<0>, C4<0>;
v0000025f73390260_0 .net *"_ivl_15", 1 0, L_0000025f73396270;  1 drivers
v0000025f733903a0_0 .net *"_ivl_18", 31 0, L_0000025f733954a0;  1 drivers
L_0000025f733962b8 .functor BUFT 1, C4<000000000000000000000000000>, C4<0>, C4<0>, C4<0>;
v0000025f73390440_0 .net *"_ivl_21", 26 0, L_0000025f733962b8;  1 drivers
L_0000025f73396300 .functor BUFT 1, C4<00000000000000000000000000000000>, C4<0>, C4<0>, C4<0>;
v0000025f733904e0_0 .net/2u *"_ivl_22", 31 0, L_0000025f73396300;  1 drivers
v0000025f733910c0_0 .net *"_ivl_24", 0 0, L_0000025f733955e0;  1 drivers
L_0000025f73396348 .functor BUFT 1, C4<00000000000000000000000000000000>, C4<0>, C4<0>, C4<0>;
v0000025f73391160_0 .net/2u *"_ivl_26", 31 0, L_0000025f73396348;  1 drivers
v0000025f73390580_0 .net *"_ivl_28", 31 0, L_0000025f73395680;  1 drivers
L_0000025f73396198 .functor BUFT 1, C4<000000000000000000000000000>, C4<0>, C4<0>, C4<0>;
v0000025f73391200_0 .net *"_ivl_3", 26 0, L_0000025f73396198;  1 drivers
v0000025f73390620_0 .net *"_ivl_30", 6 0, L_0000025f733959a0;  1 drivers
L_0000025f73396390 .functor BUFT 1, C4<00>, C4<0>, C4<0>, C4<0>;
v0000025f73390800_0 .net *"_ivl_33", 1 0, L_0000025f73396390;  1 drivers
L_0000025f733961e0 .functor BUFT 1, C4<00000000000000000000000000000000>, C4<0>, C4<0>, C4<0>;
v0000025f73390b20_0 .net/2u *"_ivl_4", 31 0, L_0000025f733961e0;  1 drivers
v0000025f73393670_0 .net *"_ivl_6", 0 0, L_0000025f73394f00;  1 drivers
L_0000025f73396228 .functor BUFT 1, C4<00000000000000000000000000000000>, C4<0>, C4<0>, C4<0>;
v0000025f73393fd0_0 .net/2u *"_ivl_8", 31 0, L_0000025f73396228;  1 drivers
v0000025f73392130_0 .net "clk", 0 0, v0000025f73394460_0;  alias, 1 drivers
v0000025f73393990_0 .net "rd", 4 0, v0000025f73391660_0;  alias, 1 drivers
v0000025f73393210_0 .net "read_data1", 31 0, L_0000025f733952c0;  alias, 1 drivers
v0000025f73393df0_0 .net "read_data2", 31 0, L_0000025f73395ae0;  alias, 1 drivers
v0000025f73392310_0 .net "reg_write", 0 0, v0000025f73390940_0;  alias, 1 drivers
v0000025f73392630 .array "registers", 0 31, 31 0;
v0000025f73392450_0 .net "rs1", 4 0, L_0000025f73394640;  alias, 1 drivers
v0000025f73393b70_0 .net "rs2", 4 0, L_0000025f73394960;  alias, 1 drivers
v0000025f73392810_0 .net "write_data", 31 0, L_0000025f73394a00;  alias, 1 drivers
L_0000025f73395a40 .concat [ 5 27 0 0], L_0000025f73394640, L_0000025f73396198;
L_0000025f73394f00 .cmp/eq 32, L_0000025f73395a40, L_0000025f733961e0;
L_0000025f73394fa0 .array/port v0000025f73392630, L_0000025f73395220;
L_0000025f73395220 .concat [ 5 2 0 0], L_0000025f73394640, L_0000025f73396270;
L_0000025f733952c0 .functor MUXZ 32, L_0000025f73394fa0, L_0000025f73396228, L_0000025f73394f00, C4<>;
L_0000025f733954a0 .concat [ 5 27 0 0], L_0000025f73394960, L_0000025f733962b8;
L_0000025f733955e0 .cmp/eq 32, L_0000025f733954a0, L_0000025f73396300;
L_0000025f73395680 .array/port v0000025f73392630, L_0000025f733959a0;
L_0000025f733959a0 .concat [ 5 2 0 0], L_0000025f73394960, L_0000025f73396390;
L_0000025f73395ae0 .functor MUXZ 32, L_0000025f73395680, L_0000025f73396348, L_0000025f733955e0, C4<>;
    .scope S_0000025f732ee910;
T_1 ;
    %wait E_0000025f7331e740;
    %load/vec4 v0000025f73391e80_0;
    %flag_set/vec4 8;
    %jmp/0xz  T_1.0, 8;
    %pushi/vec4 0, 0, 32;
    %assign/vec4 v0000025f73390e40_0, 0;
    %jmp T_1.1;
T_1.0 ;
    %load/vec4 v0000025f73390f80_0;
    %nor/r;
    %flag_set/vec4 8;
    %jmp/0xz  T_1.2, 8;
    %load/vec4 v0000025f73391ca0_0;
    %assign/vec4 v0000025f73390e40_0, 0;
T_1.2 ;
T_1.1 ;
    %jmp T_1;
    .thread T_1;
    .scope S_0000025f732f4050;
T_2 ;
    %pushi/vec4 0, 0, 32;
    %store/vec4 v0000025f73391980_0, 0, 32;
T_2.0 ;
    %load/vec4 v0000025f73391980_0;
    %cmpi/s 256, 0, 32;
    %jmp/0xz T_2.1, 5;
    %pushi/vec4 0, 0, 32;
    %ix/getv/s 4, v0000025f73391980_0;
    %store/vec4a v0000025f73391d40, 4, 0;
    %load/vec4 v0000025f73391980_0;
    %addi 1, 0, 32;
    %store/vec4 v0000025f73391980_0, 0, 32;
    %jmp T_2.0;
T_2.1 ;
    %pushi/vec4 5243155, 0, 32;
    %ix/load 4, 0, 0;
    %flag_set/imm 4, 0;
    %store/vec4a v0000025f73391d40, 4, 0;
    %pushi/vec4 8963, 0, 32;
    %ix/load 4, 1, 0;
    %flag_set/imm 4, 0;
    %store/vec4a v0000025f73391d40, 4, 0;
    %pushi/vec4 1048979, 0, 32;
    %ix/load 4, 2, 0;
    %flag_set/imm 4, 0;
    %store/vec4a v0000025f73391d40, 4, 0;
    %end;
    .thread T_2;
    .scope S_0000025f732b3050;
T_3 ;
    %wait E_0000025f7331e740;
    %load/vec4 v0000025f733918e0_0;
    %flag_set/vec4 8;
    %jmp/1 T_3.2, 8;
    %load/vec4 v0000025f73390300_0;
    %flag_set/vec4 9;
    %flag_or 8, 9;
T_3.2;
    %jmp/0xz  T_3.0, 8;
    %pushi/vec4 0, 0, 32;
    %assign/vec4 v0000025f73391020_0, 0;
    %pushi/vec4 0, 0, 32;
    %assign/vec4 v0000025f73391340_0, 0;
    %jmp T_3.1;
T_3.0 ;
    %load/vec4 v0000025f73391840_0;
    %nor/r;
    %flag_set/vec4 8;
    %jmp/0xz  T_3.3, 8;
    %load/vec4 v0000025f733917a0_0;
    %assign/vec4 v0000025f73391020_0, 0;
    %load/vec4 v0000025f73390120_0;
    %assign/vec4 v0000025f73391340_0, 0;
T_3.3 ;
T_3.1 ;
    %jmp T_3;
    .thread T_3;
    .scope S_0000025f732abe40;
T_4 ;
    %wait E_0000025f7331e6c0;
    %pushi/vec4 0, 0, 1;
    %store/vec4 v0000025f7332b100_0, 0, 1;
    %pushi/vec4 0, 0, 1;
    %store/vec4 v0000025f7332aac0_0, 0, 1;
    %pushi/vec4 0, 0, 1;
    %store/vec4 v0000025f7332c640_0, 0, 1;
    %pushi/vec4 0, 0, 1;
    %store/vec4 v0000025f7332c280_0, 0, 1;
    %pushi/vec4 0, 0, 1;
    %store/vec4 v0000025f7332b2e0_0, 0, 1;
    %pushi/vec4 0, 0, 1;
    %store/vec4 v0000025f7332c320_0, 0, 1;
    %pushi/vec4 0, 0, 1;
    %store/vec4 v0000025f7332c3c0_0, 0, 1;
    %pushi/vec4 0, 0, 2;
    %store/vec4 v0000025f7332a840_0, 0, 2;
    %load/vec4 v0000025f7332bec0_0;
    %dup/vec4;
    %pushi/vec4 51, 0, 7;
    %cmp/u;
    %jmp/1 T_4.0, 6;
    %dup/vec4;
    %pushi/vec4 19, 0, 7;
    %cmp/u;
    %jmp/1 T_4.1, 6;
    %dup/vec4;
    %pushi/vec4 3, 0, 7;
    %cmp/u;
    %jmp/1 T_4.2, 6;
    %dup/vec4;
    %pushi/vec4 35, 0, 7;
    %cmp/u;
    %jmp/1 T_4.3, 6;
    %dup/vec4;
    %pushi/vec4 99, 0, 7;
    %cmp/u;
    %jmp/1 T_4.4, 6;
    %dup/vec4;
    %pushi/vec4 111, 0, 7;
    %cmp/u;
    %jmp/1 T_4.5, 6;
    %jmp T_4.6;
T_4.0 ;
    %pushi/vec4 1, 0, 1;
    %store/vec4 v0000025f7332b100_0, 0, 1;
    %pushi/vec4 0, 0, 1;
    %store/vec4 v0000025f7332c280_0, 0, 1;
    %pushi/vec4 2, 0, 2;
    %store/vec4 v0000025f7332a840_0, 0, 2;
    %jmp T_4.6;
T_4.1 ;
    %pushi/vec4 1, 0, 1;
    %store/vec4 v0000025f7332b100_0, 0, 1;
    %pushi/vec4 1, 0, 1;
    %store/vec4 v0000025f7332c280_0, 0, 1;
    %pushi/vec4 0, 0, 2;
    %store/vec4 v0000025f7332a840_0, 0, 2;
    %jmp T_4.6;
T_4.2 ;
    %pushi/vec4 1, 0, 1;
    %store/vec4 v0000025f7332b100_0, 0, 1;
    %pushi/vec4 1, 0, 1;
    %store/vec4 v0000025f7332aac0_0, 0, 1;
    %pushi/vec4 1, 0, 1;
    %store/vec4 v0000025f7332c280_0, 0, 1;
    %pushi/vec4 1, 0, 1;
    %store/vec4 v0000025f7332b2e0_0, 0, 1;
    %pushi/vec4 0, 0, 2;
    %store/vec4 v0000025f7332a840_0, 0, 2;
    %jmp T_4.6;
T_4.3 ;
    %pushi/vec4 1, 0, 1;
    %store/vec4 v0000025f7332c640_0, 0, 1;
    %pushi/vec4 1, 0, 1;
    %store/vec4 v0000025f7332c280_0, 0, 1;
    %pushi/vec4 0, 0, 2;
    %store/vec4 v0000025f7332a840_0, 0, 2;
    %jmp T_4.6;
T_4.4 ;
    %pushi/vec4 1, 0, 1;
    %store/vec4 v0000025f7332c320_0, 0, 1;
    %pushi/vec4 1, 0, 2;
    %store/vec4 v0000025f7332a840_0, 0, 2;
    %jmp T_4.6;
T_4.5 ;
    %pushi/vec4 1, 0, 1;
    %store/vec4 v0000025f7332b100_0, 0, 1;
    %pushi/vec4 1, 0, 1;
    %store/vec4 v0000025f7332c3c0_0, 0, 1;
    %jmp T_4.6;
T_4.6 ;
    %pop/vec4 1;
    %jmp T_4;
    .thread T_4, $push;
    .scope S_0000025f732c1560;
T_5 ;
    %wait E_0000025f7331e540;
    %load/vec4 v0000025f73392310_0;
    %flag_set/vec4 9;
    %flag_get/vec4 9;
    %jmp/0 T_5.2, 9;
    %load/vec4 v0000025f73393990_0;
    %pad/u 32;
    %pushi/vec4 0, 0, 32;
    %cmp/ne;
    %flag_get/vec4 4;
    %and;
T_5.2;
    %flag_set/vec4 8;
    %jmp/0xz  T_5.0, 8;
    %load/vec4 v0000025f73392810_0;
    %load/vec4 v0000025f73393990_0;
    %pad/u 7;
    %ix/vec4 3;
    %ix/load 4, 0, 0; Constant delay
    %assign/vec4/a/d v0000025f73392630, 0, 4;
T_5.0 ;
    %jmp T_5;
    .thread T_5;
    .scope S_0000025f732f41e0;
T_6 ;
    %wait E_0000025f7331eec0;
    %load/vec4 v0000025f73391480_0;
    %parti/s 7, 0, 2;
    %dup/vec4;
    %pushi/vec4 19, 0, 7;
    %cmp/u;
    %jmp/1 T_6.0, 6;
    %dup/vec4;
    %pushi/vec4 3, 0, 7;
    %cmp/u;
    %jmp/1 T_6.1, 6;
    %dup/vec4;
    %pushi/vec4 35, 0, 7;
    %cmp/u;
    %jmp/1 T_6.2, 6;
    %dup/vec4;
    %pushi/vec4 99, 0, 7;
    %cmp/u;
    %jmp/1 T_6.3, 6;
    %dup/vec4;
    %pushi/vec4 111, 0, 7;
    %cmp/u;
    %jmp/1 T_6.4, 6;
    %pushi/vec4 0, 0, 32;
    %store/vec4 v0000025f73391de0_0, 0, 32;
    %jmp T_6.6;
T_6.0 ;
    %load/vec4 v0000025f73391480_0;
    %parti/s 1, 31, 6;
    %replicate 20;
    %load/vec4 v0000025f73391480_0;
    %parti/s 12, 20, 6;
    %concat/vec4; draw_concat_vec4
    %store/vec4 v0000025f73391de0_0, 0, 32;
    %jmp T_6.6;
T_6.1 ;
    %load/vec4 v0000025f73391480_0;
    %parti/s 1, 31, 6;
    %replicate 20;
    %load/vec4 v0000025f73391480_0;
    %parti/s 12, 20, 6;
    %concat/vec4; draw_concat_vec4
    %store/vec4 v0000025f73391de0_0, 0, 32;
    %jmp T_6.6;
T_6.2 ;
    %load/vec4 v0000025f73391480_0;
    %parti/s 1, 31, 6;
    %replicate 20;
    %load/vec4 v0000025f73391480_0;
    %parti/s 7, 25, 6;
    %concat/vec4; draw_concat_vec4
    %load/vec4 v0000025f73391480_0;
    %parti/s 5, 7, 4;
    %concat/vec4; draw_concat_vec4
    %store/vec4 v0000025f73391de0_0, 0, 32;
    %jmp T_6.6;
T_6.3 ;
    %load/vec4 v0000025f73391480_0;
    %parti/s 1, 31, 6;
    %replicate 19;
    %load/vec4 v0000025f73391480_0;
    %parti/s 1, 31, 6;
    %concat/vec4; draw_concat_vec4
    %load/vec4 v0000025f73391480_0;
    %parti/s 1, 7, 4;
    %concat/vec4; draw_concat_vec4
    %load/vec4 v0000025f73391480_0;
    %parti/s 6, 25, 6;
    %concat/vec4; draw_concat_vec4
    %load/vec4 v0000025f73391480_0;
    %parti/s 4, 8, 5;
    %concat/vec4; draw_concat_vec4
    %concati/vec4 0, 0, 1;
    %store/vec4 v0000025f73391de0_0, 0, 32;
    %jmp T_6.6;
T_6.4 ;
    %load/vec4 v0000025f73391480_0;
    %parti/s 1, 31, 6;
    %replicate 11;
    %load/vec4 v0000025f73391480_0;
    %parti/s 1, 31, 6;
    %concat/vec4; draw_concat_vec4
    %load/vec4 v0000025f73391480_0;
    %parti/s 8, 12, 5;
    %concat/vec4; draw_concat_vec4
    %load/vec4 v0000025f73391480_0;
    %parti/s 1, 20, 6;
    %concat/vec4; draw_concat_vec4
    %load/vec4 v0000025f73391480_0;
    %parti/s 10, 21, 6;
    %concat/vec4; draw_concat_vec4
    %concati/vec4 0, 0, 1;
    %store/vec4 v0000025f73391de0_0, 0, 32;
    %jmp T_6.6;
T_6.6 ;
    %pop/vec4 1;
    %jmp T_6;
    .thread T_6, $push;
    .scope S_0000025f732dc9c0;
T_7 ;
    %wait E_0000025f7331ccc0;
    %load/vec4 v0000025f7332ae80_0;
    %dup/vec4;
    %pushi/vec4 0, 0, 2;
    %cmp/u;
    %jmp/1 T_7.0, 6;
    %dup/vec4;
    %pushi/vec4 1, 0, 2;
    %cmp/u;
    %jmp/1 T_7.1, 6;
    %dup/vec4;
    %pushi/vec4 2, 0, 2;
    %cmp/u;
    %jmp/1 T_7.2, 6;
    %pushi/vec4 0, 0, 3;
    %store/vec4 v0000025f7332afc0_0, 0, 3;
    %jmp T_7.4;
T_7.0 ;
    %pushi/vec4 0, 0, 3;
    %store/vec4 v0000025f7332afc0_0, 0, 3;
    %jmp T_7.4;
T_7.1 ;
    %pushi/vec4 1, 0, 3;
    %store/vec4 v0000025f7332afc0_0, 0, 3;
    %jmp T_7.4;
T_7.2 ;
    %load/vec4 v0000025f7332c140_0;
    %load/vec4 v0000025f7332aa20_0;
    %concat/vec4; draw_concat_vec4
    %dup/vec4;
    %pushi/vec4 0, 0, 10;
    %cmp/u;
    %jmp/1 T_7.5, 6;
    %dup/vec4;
    %pushi/vec4 256, 0, 10;
    %cmp/u;
    %jmp/1 T_7.6, 6;
    %dup/vec4;
    %pushi/vec4 7, 0, 10;
    %cmp/u;
    %jmp/1 T_7.7, 6;
    %dup/vec4;
    %pushi/vec4 6, 0, 10;
    %cmp/u;
    %jmp/1 T_7.8, 6;
    %dup/vec4;
    %pushi/vec4 4, 0, 10;
    %cmp/u;
    %jmp/1 T_7.9, 6;
    %pushi/vec4 0, 0, 3;
    %store/vec4 v0000025f7332afc0_0, 0, 3;
    %jmp T_7.11;
T_7.5 ;
    %pushi/vec4 0, 0, 3;
    %store/vec4 v0000025f7332afc0_0, 0, 3;
    %jmp T_7.11;
T_7.6 ;
    %pushi/vec4 1, 0, 3;
    %store/vec4 v0000025f7332afc0_0, 0, 3;
    %jmp T_7.11;
T_7.7 ;
    %pushi/vec4 2, 0, 3;
    %store/vec4 v0000025f7332afc0_0, 0, 3;
    %jmp T_7.11;
T_7.8 ;
    %pushi/vec4 3, 0, 3;
    %store/vec4 v0000025f7332afc0_0, 0, 3;
    %jmp T_7.11;
T_7.9 ;
    %pushi/vec4 4, 0, 3;
    %store/vec4 v0000025f7332afc0_0, 0, 3;
    %jmp T_7.11;
T_7.11 ;
    %pop/vec4 1;
    %jmp T_7.4;
T_7.4 ;
    %pop/vec4 1;
    %jmp T_7;
    .thread T_7, $push;
    .scope S_0000025f732e1960;
T_8 ;
    %wait E_0000025f7331ecc0;
    %pushi/vec4 0, 0, 1;
    %store/vec4 v0000025f7338dbe0_0, 0, 1;
    %pushi/vec4 0, 0, 1;
    %store/vec4 v0000025f7338d500_0, 0, 1;
    %pushi/vec4 0, 0, 1;
    %store/vec4 v0000025f7338ce20_0, 0, 1;
    %load/vec4 v0000025f7338d640_0;
    %flag_set/vec4 10;
    %flag_get/vec4 10;
    %jmp/0 T_8.3, 10;
    %load/vec4 v0000025f7338d140_0;
    %pushi/vec4 0, 0, 5;
    %cmp/ne;
    %flag_get/vec4 4;
    %and;
T_8.3;
    %flag_set/vec4 9;
    %flag_get/vec4 9;
    %jmp/0 T_8.2, 9;
    %load/vec4 v0000025f7338d140_0;
    %load/vec4 v0000025f7338ddc0_0;
    %cmp/e;
    %flag_get/vec4 4;
    %jmp/1 T_8.4, 4;
    %load/vec4 v0000025f7338d140_0;
    %load/vec4 v0000025f7338db40_0;
    %cmp/e;
    %flag_get/vec4 4;
    %or;
T_8.4;
    %and;
T_8.2;
    %flag_set/vec4 8;
    %jmp/0xz  T_8.0, 8;
    %pushi/vec4 1, 0, 1;
    %store/vec4 v0000025f7338dbe0_0, 0, 1;
    %pushi/vec4 1, 0, 1;
    %store/vec4 v0000025f7338d500_0, 0, 1;
    %pushi/vec4 1, 0, 1;
    %store/vec4 v0000025f7338ce20_0, 0, 1;
T_8.0 ;
    %jmp T_8;
    .thread T_8, $push;
    .scope S_0000025f732e02c0;
T_9 ;
    %wait E_0000025f7331e740;
    %load/vec4 v0000025f7338d780_0;
    %flag_set/vec4 8;
    %jmp/1 T_9.2, 8;
    %load/vec4 v0000025f7338d280_0;
    %flag_set/vec4 9;
    %flag_or 8, 9;
T_9.2;
    %jmp/0xz  T_9.0, 8;
    %pushi/vec4 0, 0, 32;
    %assign/vec4 v0000025f7338c880_0, 0;
    %pushi/vec4 0, 0, 32;
    %assign/vec4 v0000025f7338d5a0_0, 0;
    %pushi/vec4 0, 0, 32;
    %assign/vec4 v0000025f7338d6e0_0, 0;
    %pushi/vec4 0, 0, 32;
    %assign/vec4 v0000025f7338c600_0, 0;
    %pushi/vec4 0, 0, 5;
    %assign/vec4 v0000025f73390bc0_0, 0;
    %pushi/vec4 0, 0, 5;
    %assign/vec4 v0000025f73391a20_0, 0;
    %pushi/vec4 0, 0, 5;
    %assign/vec4 v0000025f7338d320_0, 0;
    %pushi/vec4 0, 0, 1;
    %assign/vec4 v0000025f7338cba0_0, 0;
    %pushi/vec4 0, 0, 1;
    %assign/vec4 v0000025f7338c560_0, 0;
    %pushi/vec4 0, 0, 1;
    %assign/vec4 v0000025f7338c100_0, 0;
    %pushi/vec4 0, 0, 1;
    %assign/vec4 v0000025f7338c2e0_0, 0;
    %pushi/vec4 0, 0, 1;
    %assign/vec4 v0000025f7338d1e0_0, 0;
    %pushi/vec4 0, 0, 1;
    %assign/vec4 v0000025f7338d960_0, 0;
    %pushi/vec4 0, 0, 1;
    %assign/vec4 v0000025f7338c9c0_0, 0;
    %pushi/vec4 0, 0, 3;
    %assign/vec4 v0000025f7338cc40_0, 0;
    %jmp T_9.1;
T_9.0 ;
    %load/vec4 v0000025f7338c7e0_0;
    %assign/vec4 v0000025f7338c880_0, 0;
    %load/vec4 v0000025f7338d3c0_0;
    %assign/vec4 v0000025f7338d5a0_0, 0;
    %load/vec4 v0000025f7338da00_0;
    %assign/vec4 v0000025f7338d6e0_0, 0;
    %load/vec4 v0000025f7338cb00_0;
    %assign/vec4 v0000025f7338c600_0, 0;
    %load/vec4 v0000025f7338d820_0;
    %assign/vec4 v0000025f73390bc0_0, 0;
    %load/vec4 v0000025f733912a0_0;
    %assign/vec4 v0000025f73391a20_0, 0;
    %load/vec4 v0000025f7338cec0_0;
    %assign/vec4 v0000025f7338d320_0, 0;
    %load/vec4 v0000025f7338c4c0_0;
    %assign/vec4 v0000025f7338cba0_0, 0;
    %load/vec4 v0000025f7338c1a0_0;
    %assign/vec4 v0000025f7338c560_0, 0;
    %load/vec4 v0000025f7338cf60_0;
    %assign/vec4 v0000025f7338c100_0, 0;
    %load/vec4 v0000025f7338c920_0;
    %assign/vec4 v0000025f7338c2e0_0, 0;
    %load/vec4 v0000025f7338dc80_0;
    %assign/vec4 v0000025f7338d1e0_0, 0;
    %load/vec4 v0000025f7338cd80_0;
    %assign/vec4 v0000025f7338d960_0, 0;
    %load/vec4 v0000025f7338dfa0_0;
    %assign/vec4 v0000025f7338c9c0_0, 0;
    %load/vec4 v0000025f7338d000_0;
    %assign/vec4 v0000025f7338cc40_0, 0;
T_9.1 ;
    %jmp T_9;
    .thread T_9;
    .scope S_0000025f732e17d0;
T_10 ;
    %wait E_0000025f7331ed00;
    %pushi/vec4 0, 0, 2;
    %store/vec4 v0000025f7338c380_0, 0, 2;
    %pushi/vec4 0, 0, 2;
    %store/vec4 v0000025f7338c240_0, 0, 2;
    %load/vec4 v0000025f7338ca60_0;
    %flag_set/vec4 10;
    %flag_get/vec4 10;
    %jmp/0 T_10.3, 10;
    %load/vec4 v0000025f7338c740_0;
    %pushi/vec4 0, 0, 5;
    %cmp/ne;
    %flag_get/vec4 4;
    %and;
T_10.3;
    %flag_set/vec4 9;
    %flag_get/vec4 9;
    %jmp/0 T_10.2, 9;
    %load/vec4 v0000025f7338c740_0;
    %load/vec4 v0000025f7338d0a0_0;
    %cmp/e;
    %flag_get/vec4 4;
    %and;
T_10.2;
    %flag_set/vec4 8;
    %jmp/0xz  T_10.0, 8;
    %pushi/vec4 2, 0, 2;
    %store/vec4 v0000025f7338c380_0, 0, 2;
T_10.0 ;
    %load/vec4 v0000025f7338ca60_0;
    %flag_set/vec4 10;
    %flag_get/vec4 10;
    %jmp/0 T_10.7, 10;
    %load/vec4 v0000025f7338c740_0;
    %pushi/vec4 0, 0, 5;
    %cmp/ne;
    %flag_get/vec4 4;
    %and;
T_10.7;
    %flag_set/vec4 9;
    %flag_get/vec4 9;
    %jmp/0 T_10.6, 9;
    %load/vec4 v0000025f7338c740_0;
    %load/vec4 v0000025f7338daa0_0;
    %cmp/e;
    %flag_get/vec4 4;
    %and;
T_10.6;
    %flag_set/vec4 8;
    %jmp/0xz  T_10.4, 8;
    %pushi/vec4 2, 0, 2;
    %store/vec4 v0000025f7338c240_0, 0, 2;
T_10.4 ;
    %load/vec4 v0000025f7338d8c0_0;
    %flag_set/vec4 11;
    %flag_get/vec4 11;
    %jmp/0 T_10.12, 11;
    %load/vec4 v0000025f7338cce0_0;
    %pushi/vec4 0, 0, 5;
    %cmp/ne;
    %flag_get/vec4 4;
    %and;
T_10.12;
    %flag_set/vec4 10;
    %flag_get/vec4 10;
    %jmp/0 T_10.11, 10;
    %load/vec4 v0000025f7338cce0_0;
    %load/vec4 v0000025f7338d0a0_0;
    %cmp/e;
    %flag_get/vec4 4;
    %and;
T_10.11;
    %flag_set/vec4 9;
    %flag_get/vec4 9;
    %jmp/0 T_10.10, 9;
    %load/vec4 v0000025f7338ca60_0;
    %flag_set/vec4 10;
    %flag_get/vec4 10;
    %jmp/0 T_10.14, 10;
    %load/vec4 v0000025f7338c740_0;
    %pushi/vec4 0, 0, 5;
    %cmp/ne;
    %flag_get/vec4 4;
    %and;
T_10.14;
    %flag_set/vec4 9;
    %flag_get/vec4 9;
    %jmp/0 T_10.13, 9;
    %load/vec4 v0000025f7338c740_0;
    %load/vec4 v0000025f7338d0a0_0;
    %cmp/e;
    %flag_get/vec4 4;
    %and;
T_10.13;
    %nor/r;
    %and;
T_10.10;
    %flag_set/vec4 8;
    %jmp/0xz  T_10.8, 8;
    %pushi/vec4 1, 0, 2;
    %store/vec4 v0000025f7338c380_0, 0, 2;
T_10.8 ;
    %load/vec4 v0000025f7338d8c0_0;
    %flag_set/vec4 11;
    %flag_get/vec4 11;
    %jmp/0 T_10.19, 11;
    %load/vec4 v0000025f7338cce0_0;
    %pushi/vec4 0, 0, 5;
    %cmp/ne;
    %flag_get/vec4 4;
    %and;
T_10.19;
    %flag_set/vec4 10;
    %flag_get/vec4 10;
    %jmp/0 T_10.18, 10;
    %load/vec4 v0000025f7338cce0_0;
    %load/vec4 v0000025f7338daa0_0;
    %cmp/e;
    %flag_get/vec4 4;
    %and;
T_10.18;
    %flag_set/vec4 9;
    %flag_get/vec4 9;
    %jmp/0 T_10.17, 9;
    %load/vec4 v0000025f7338ca60_0;
    %flag_set/vec4 10;
    %flag_get/vec4 10;
    %jmp/0 T_10.21, 10;
    %load/vec4 v0000025f7338c740_0;
    %pushi/vec4 0, 0, 5;
    %cmp/ne;
    %flag_get/vec4 4;
    %and;
T_10.21;
    %flag_set/vec4 9;
    %flag_get/vec4 9;
    %jmp/0 T_10.20, 9;
    %load/vec4 v0000025f7338c740_0;
    %load/vec4 v0000025f7338daa0_0;
    %cmp/e;
    %flag_get/vec4 4;
    %and;
T_10.20;
    %nor/r;
    %and;
T_10.17;
    %flag_set/vec4 8;
    %jmp/0xz  T_10.15, 8;
    %pushi/vec4 1, 0, 2;
    %store/vec4 v0000025f7338c240_0, 0, 2;
T_10.15 ;
    %jmp T_10;
    .thread T_10, $push;
    .scope S_0000025f732abcb0;
T_11 ;
    %wait E_0000025f7331e000;
    %load/vec4 v0000025f7332c5a0_0;
    %dup/vec4;
    %pushi/vec4 0, 0, 3;
    %cmp/u;
    %jmp/1 T_11.0, 6;
    %dup/vec4;
    %pushi/vec4 1, 0, 3;
    %cmp/u;
    %jmp/1 T_11.1, 6;
    %dup/vec4;
    %pushi/vec4 2, 0, 3;
    %cmp/u;
    %jmp/1 T_11.2, 6;
    %dup/vec4;
    %pushi/vec4 3, 0, 3;
    %cmp/u;
    %jmp/1 T_11.3, 6;
    %dup/vec4;
    %pushi/vec4 4, 0, 3;
    %cmp/u;
    %jmp/1 T_11.4, 6;
    %pushi/vec4 0, 0, 32;
    %store/vec4 v0000025f7332bc40_0, 0, 32;
    %jmp T_11.6;
T_11.0 ;
    %load/vec4 v0000025f7332b880_0;
    %load/vec4 v0000025f7332c1e0_0;
    %add;
    %store/vec4 v0000025f7332bc40_0, 0, 32;
    %jmp T_11.6;
T_11.1 ;
    %load/vec4 v0000025f7332b880_0;
    %load/vec4 v0000025f7332c1e0_0;
    %sub;
    %store/vec4 v0000025f7332bc40_0, 0, 32;
    %jmp T_11.6;
T_11.2 ;
    %load/vec4 v0000025f7332b880_0;
    %load/vec4 v0000025f7332c1e0_0;
    %and;
    %store/vec4 v0000025f7332bc40_0, 0, 32;
    %jmp T_11.6;
T_11.3 ;
    %load/vec4 v0000025f7332b880_0;
    %load/vec4 v0000025f7332c1e0_0;
    %or;
    %store/vec4 v0000025f7332bc40_0, 0, 32;
    %jmp T_11.6;
T_11.4 ;
    %load/vec4 v0000025f7332b880_0;
    %load/vec4 v0000025f7332c1e0_0;
    %xor;
    %store/vec4 v0000025f7332bc40_0, 0, 32;
    %jmp T_11.6;
T_11.6 ;
    %pop/vec4 1;
    %jmp T_11;
    .thread T_11, $push;
    .scope S_0000025f732c3880;
T_12 ;
    %wait E_0000025f7331e740;
    %load/vec4 v0000025f7338c420_0;
    %flag_set/vec4 8;
    %jmp/0xz  T_12.0, 8;
    %pushi/vec4 0, 0, 32;
    %assign/vec4 v0000025f73310e80_0, 0;
    %pushi/vec4 0, 0, 32;
    %assign/vec4 v0000025f7338df00_0, 0;
    %pushi/vec4 0, 0, 5;
    %assign/vec4 v0000025f7338c6a0_0, 0;
    %pushi/vec4 0, 0, 1;
    %assign/vec4 v0000025f7332bf60_0, 0;
    %pushi/vec4 0, 0, 1;
    %assign/vec4 v0000025f7332b740_0, 0;
    %pushi/vec4 0, 0, 1;
    %assign/vec4 v0000025f7332bce0_0, 0;
    %pushi/vec4 0, 0, 1;
    %assign/vec4 v0000025f7332ba60_0, 0;
    %jmp T_12.1;
T_12.0 ;
    %load/vec4 v0000025f73311740_0;
    %assign/vec4 v0000025f73310e80_0, 0;
    %load/vec4 v0000025f7338dd20_0;
    %assign/vec4 v0000025f7338df00_0, 0;
    %load/vec4 v0000025f7338de60_0;
    %assign/vec4 v0000025f7338c6a0_0, 0;
    %load/vec4 v0000025f7332bd80_0;
    %assign/vec4 v0000025f7332bf60_0, 0;
    %load/vec4 v0000025f7332b6a0_0;
    %assign/vec4 v0000025f7332b740_0, 0;
    %load/vec4 v0000025f7332bba0_0;
    %assign/vec4 v0000025f7332bce0_0, 0;
    %load/vec4 v0000025f7332b9c0_0;
    %assign/vec4 v0000025f7332ba60_0, 0;
T_12.1 ;
    %jmp T_12;
    .thread T_12;
    .scope S_0000025f732c36f0;
T_13 ;
    %pushi/vec4 0, 0, 32;
    %store/vec4 v0000025f7332c000_0, 0, 32;
T_13.0 ;
    %load/vec4 v0000025f7332c000_0;
    %cmpi/s 256, 0, 32;
    %jmp/0xz T_13.1, 5;
    %pushi/vec4 0, 0, 32;
    %ix/getv/s 4, v0000025f7332c000_0;
    %store/vec4a v0000025f7332ade0, 4, 0;
    %load/vec4 v0000025f7332c000_0;
    %addi 1, 0, 32;
    %store/vec4 v0000025f7332c000_0, 0, 32;
    %jmp T_13.0;
T_13.1 ;
    %end;
    .thread T_13;
    .scope S_0000025f732c36f0;
T_14 ;
    %wait E_0000025f7331e540;
    %load/vec4 v0000025f7332ad40_0;
    %flag_set/vec4 8;
    %jmp/0xz  T_14.0, 8;
    %load/vec4 v0000025f7332b600_0;
    %load/vec4 v0000025f7332a980_0;
    %parti/s 30, 2, 3;
    %ix/vec4 3;
    %ix/load 4, 0, 0; Constant delay
    %assign/vec4/a/d v0000025f7332ade0, 0, 4;
T_14.0 ;
    %jmp T_14;
    .thread T_14;
    .scope S_0000025f732ee780;
T_15 ;
    %wait E_0000025f7331e740;
    %load/vec4 v0000025f73391700_0;
    %flag_set/vec4 8;
    %jmp/0xz  T_15.0, 8;
    %pushi/vec4 0, 0, 32;
    %assign/vec4 v0000025f733901c0_0, 0;
    %pushi/vec4 0, 0, 32;
    %assign/vec4 v0000025f73391b60_0, 0;
    %pushi/vec4 0, 0, 5;
    %assign/vec4 v0000025f73391660_0, 0;
    %pushi/vec4 0, 0, 1;
    %assign/vec4 v0000025f73390940_0, 0;
    %pushi/vec4 0, 0, 1;
    %assign/vec4 v0000025f73391ac0_0, 0;
    %jmp T_15.1;
T_15.0 ;
    %load/vec4 v0000025f733915c0_0;
    %assign/vec4 v0000025f733901c0_0, 0;
    %load/vec4 v0000025f73390d00_0;
    %assign/vec4 v0000025f73391b60_0, 0;
    %load/vec4 v0000025f73391c00_0;
    %assign/vec4 v0000025f73391660_0, 0;
    %load/vec4 v0000025f733908a0_0;
    %assign/vec4 v0000025f73390940_0, 0;
    %load/vec4 v0000025f73390ee0_0;
    %assign/vec4 v0000025f73391ac0_0, 0;
T_15.1 ;
    %jmp T_15;
    .thread T_15;
    .scope S_0000025f732dc830;
T_16 ;
    %wait E_0000025f7331c900;
    %load/vec4 v0000025f73392590_0;
    %dup/vec4;
    %pushi/vec4 2, 0, 2;
    %cmp/u;
    %jmp/1 T_16.0, 6;
    %dup/vec4;
    %pushi/vec4 1, 0, 2;
    %cmp/u;
    %jmp/1 T_16.1, 6;
    %load/vec4 v0000025f73392bd0_0;
    %store/vec4 v0000025f73392c70_0, 0, 32;
    %jmp T_16.3;
T_16.0 ;
    %load/vec4 v0000025f73393f30_0;
    %store/vec4 v0000025f73392c70_0, 0, 32;
    %jmp T_16.3;
T_16.1 ;
    %load/vec4 v0000025f73394280_0;
    %store/vec4 v0000025f73392c70_0, 0, 32;
    %jmp T_16.3;
T_16.3 ;
    %pop/vec4 1;
    %jmp T_16;
    .thread T_16, $push;
    .scope S_0000025f732dc830;
T_17 ;
    %wait E_0000025f7331c7c0;
    %load/vec4 v0000025f733938f0_0;
    %dup/vec4;
    %pushi/vec4 2, 0, 2;
    %cmp/u;
    %jmp/1 T_17.0, 6;
    %dup/vec4;
    %pushi/vec4 1, 0, 2;
    %cmp/u;
    %jmp/1 T_17.1, 6;
    %load/vec4 v0000025f73394320_0;
    %store/vec4 v0000025f733923b0_0, 0, 32;
    %jmp T_17.3;
T_17.0 ;
    %load/vec4 v0000025f73393f30_0;
    %store/vec4 v0000025f733923b0_0, 0, 32;
    %jmp T_17.3;
T_17.1 ;
    %load/vec4 v0000025f73394280_0;
    %store/vec4 v0000025f733923b0_0, 0, 32;
    %jmp T_17.3;
T_17.3 ;
    %pop/vec4 1;
    %jmp T_17;
    .thread T_17, $push;
    .scope S_0000025f732f64e0;
T_18 ;
    %pushi/vec4 0, 0, 1;
    %store/vec4 v0000025f73394460_0, 0, 1;
    %end;
    .thread T_18;
    .scope S_0000025f732f64e0;
T_19 ;
    %delay 5000, 0;
    %load/vec4 v0000025f73394460_0;
    %inv;
    %store/vec4 v0000025f73394460_0, 0, 1;
    %jmp T_19;
    .thread T_19;
    .scope S_0000025f732f64e0;
T_20 ;
    %pushi/vec4 10485907, 0, 32;
    %ix/load 4, 0, 0;
    %flag_set/imm 4, 0;
    %store/vec4a v0000025f73391d40, 4, 0;
    %pushi/vec4 5275923, 0, 32;
    %ix/load 4, 1, 0;
    %flag_set/imm 4, 0;
    %store/vec4a v0000025f73391d40, 4, 0;
    %pushi/vec4 2130355, 0, 32;
    %ix/load 4, 2, 0;
    %flag_set/imm 4, 0;
    %store/vec4a v0000025f73391d40, 4, 0;
    %pushi/vec4 98835, 0, 32;
    %ix/load 4, 3, 0;
    %flag_set/imm 4, 0;
    %store/vec4a v0000025f73391d40, 4, 0;
    %pushi/vec4 3244691, 0, 32;
    %ix/load 4, 4, 0;
    %flag_set/imm 4, 0;
    %store/vec4a v0000025f73391d40, 4, 0;
    %end;
    .thread T_20;
    .scope S_0000025f732f64e0;
T_21 ;
    %pushi/vec4 0, 0, 32;
    %store/vec4 v0000025f73395860_0, 0, 32;
    %pushi/vec4 0, 0, 32;
    %store/vec4 v0000025f73394d20_0, 0, 32;
    %pushi/vec4 1, 0, 1;
    %store/vec4 v0000025f73395540_0, 0, 1;
    %wait E_0000025f7331e540;
    %delay 1000, 0;
    %wait E_0000025f7331e540;
    %delay 1000, 0;
    %pushi/vec4 0, 0, 1;
    %store/vec4 v0000025f73395540_0, 0, 1;
    %pushi/vec4 14, 0, 32;
T_21.0 %dup/vec4;
    %pushi/vec4 0, 0, 32;
    %cmp/s;
    %jmp/1xz T_21.1, 5;
    %jmp/1 T_21.1, 4;
    %pushi/vec4 1, 0, 32;
    %sub;
    %wait E_0000025f7331e540;
    %jmp T_21.0;
T_21.1 ;
    %pop/vec4 1;
    %delay 1000, 0;
    %vpi_call 2 104 "$display", "\012========================================" {0 0 0};
    %vpi_call 2 105 "$display", " TB1: EX/MEM & MEM/WB Forwarding Test" {0 0 0};
    %vpi_call 2 106 "$display", "========================================" {0 0 0};
    %pushi/vec4 1, 0, 5;
    %store/vec4 v0000025f7332b1a0_0, 0, 5;
    %ix/load 4, 1, 0;
    %flag_set/imm 4, 0;
    %load/vec4a v0000025f73392630, 4;
    %store/vec4 v0000025f7332af20_0, 0, 32;
    %pushi/vec4 10, 0, 32;
    %store/vec4 v0000025f7332be20_0, 0, 32;
    %pushi/vec4 0, 0, 32; draw_string_vec4
    %pushi/vec4 30769, 0, 32; draw_string_vec4
    %concat/vec4; draw_string_vec4
    %store/vec4 v0000025f7332ac00_0, 0, 64;
    %fork TD_tb1_exmem_forwarding.check, S_0000025f732f6670;
    %join;
    %pushi/vec4 2, 0, 5;
    %store/vec4 v0000025f7332b1a0_0, 0, 5;
    %ix/load 4, 2, 0;
    %flag_set/imm 4, 0;
    %load/vec4a v0000025f73392630, 4;
    %store/vec4 v0000025f7332af20_0, 0, 32;
    %pushi/vec4 15, 0, 32;
    %store/vec4 v0000025f7332be20_0, 0, 32;
    %pushi/vec4 0, 0, 32; draw_string_vec4
    %pushi/vec4 30770, 0, 32; draw_string_vec4
    %concat/vec4; draw_string_vec4
    %store/vec4 v0000025f7332ac00_0, 0, 64;
    %fork TD_tb1_exmem_forwarding.check, S_0000025f732f6670;
    %join;
    %pushi/vec4 3, 0, 5;
    %store/vec4 v0000025f7332b1a0_0, 0, 5;
    %ix/load 4, 3, 0;
    %flag_set/imm 4, 0;
    %load/vec4a v0000025f73392630, 4;
    %store/vec4 v0000025f7332af20_0, 0, 32;
    %pushi/vec4 25, 0, 32;
    %store/vec4 v0000025f7332be20_0, 0, 32;
    %pushi/vec4 0, 0, 32; draw_string_vec4
    %pushi/vec4 30771, 0, 32; draw_string_vec4
    %concat/vec4; draw_string_vec4
    %store/vec4 v0000025f7332ac00_0, 0, 64;
    %fork TD_tb1_exmem_forwarding.check, S_0000025f732f6670;
    %join;
    %pushi/vec4 4, 0, 5;
    %store/vec4 v0000025f7332b1a0_0, 0, 5;
    %ix/load 4, 4, 0;
    %flag_set/imm 4, 0;
    %load/vec4a v0000025f73392630, 4;
    %store/vec4 v0000025f7332af20_0, 0, 32;
    %pushi/vec4 25, 0, 32;
    %store/vec4 v0000025f7332be20_0, 0, 32;
    %pushi/vec4 0, 0, 32; draw_string_vec4
    %pushi/vec4 30772, 0, 32; draw_string_vec4
    %concat/vec4; draw_string_vec4
    %store/vec4 v0000025f7332ac00_0, 0, 64;
    %fork TD_tb1_exmem_forwarding.check, S_0000025f732f6670;
    %join;
    %pushi/vec4 5, 0, 5;
    %store/vec4 v0000025f7332b1a0_0, 0, 5;
    %ix/load 4, 5, 0;
    %flag_set/imm 4, 0;
    %load/vec4a v0000025f73392630, 4;
    %store/vec4 v0000025f7332af20_0, 0, 32;
    %pushi/vec4 28, 0, 32;
    %store/vec4 v0000025f7332be20_0, 0, 32;
    %pushi/vec4 0, 0, 32; draw_string_vec4
    %pushi/vec4 30773, 0, 32; draw_string_vec4
    %concat/vec4; draw_string_vec4
    %store/vec4 v0000025f7332ac00_0, 0, 64;
    %fork TD_tb1_exmem_forwarding.check, S_0000025f732f6670;
    %join;
    %vpi_call 2 113 "$display", "----------------------------------------" {0 0 0};
    %load/vec4 v0000025f73394d20_0;
    %cmpi/e 0, 0, 32;
    %jmp/0xz  T_21.2, 4;
    %vpi_call 2 115 "$display", " RESULT: ALL %0d CHECKS PASSED", v0000025f73395860_0 {0 0 0};
    %jmp T_21.3;
T_21.2 ;
    %vpi_call 2 117 "$display", " RESULT: %0d PASSED, %0d FAILED", v0000025f73395860_0, v0000025f73394d20_0 {0 0 0};
T_21.3 ;
    %vpi_call 2 118 "$display", "========================================\012" {0 0 0};
    %vpi_call 2 120 "$finish" {0 0 0};
    %end;
    .thread T_21;
    .scope S_0000025f732f64e0;
T_22 ;
    %vpi_call 2 125 "$dumpfile", "tb1_exmem_forwarding.vcd" {0 0 0};
    %vpi_call 2 126 "$dumpvars", 32'sb00000000000000000000000000000000, S_0000025f732f64e0 {0 0 0};
    %end;
    .thread T_22;
# The file index is used to find the file name in the following table.
:file_names 18;
    "N/A";
    "<interactive>";
    "tb1_exmem_forwarding.v";
    "../rtl/pipeline_cpu_top_v5.v";
    "../rtl/alu_control.v";
    "../rtl/ALU.v";
    "../rtl/control_unit.v";
    "../rtl/data_mem.v";
    "../rtl/ex_mem.v";
    "../rtl/forwarding_unit.v";
    "../rtl/hazard_detection_unit.v";
    "../rtl/id_ex.v";
    "../rtl/if_id.v";
    "../rtl/instr_mem.v";
    "../rtl/imm_gen.v";
    "../rtl/mem_wb.v";
    "../rtl/pc.v";
    "../rtl/regfile.v";
