#! /c/Source/iverilog-install/bin/vvp
:ivl_version "12.0 (devel)" "(s20150603-1539-g2693dd32b)";
:ivl_delay_selection "TYPICAL";
:vpi_time_precision - 12;
:vpi_module "D:\icarus\iverilog\lib\ivl\system.vpi";
:vpi_module "D:\icarus\iverilog\lib\ivl\vhdl_sys.vpi";
:vpi_module "D:\icarus\iverilog\lib\ivl\vhdl_textio.vpi";
:vpi_module "D:\icarus\iverilog\lib\ivl\v2005_math.vpi";
:vpi_module "D:\icarus\iverilog\lib\ivl\va_math.vpi";
S_000001ef6d44fc20 .scope module, "tb3_combined" "tb3_combined" 2 42;
 .timescale -9 -12;
v000001ef6d558950_0 .var "clk", 0 0;
v000001ef6d557550_0 .var/i "fail_count", 31 0;
v000001ef6d557410_0 .var/i "pass_count", 31 0;
v000001ef6d5586d0_0 .var "reset", 0 0;
v000001ef6d557c30_0 .var/i "stall_cycles", 31 0;
S_000001ef6d454dd0 .scope task, "check_mem" "check_mem" 2 111, 2 111 0, S_000001ef6d44fc20;
 .timescale -9 -12;
v000001ef6d43ba80_0 .var "actual", 31 0;
v000001ef6d43a400_0 .var "expected", 31 0;
v000001ef6d43bf80_0 .var "word_addr", 7 0;
TD_tb3_combined.check_mem ;
    %load/vec4 v000001ef6d43ba80_0;
    %load/vec4 v000001ef6d43a400_0;
    %cmp/e;
    %jmp/0xz  T_0.0, 6;
    %vpi_call 2 117 "$display", "  [PASS] dmem[%0d] = %0d  (expected %0d)", v000001ef6d43bf80_0, v000001ef6d43ba80_0, v000001ef6d43a400_0 {0 0 0};
    %load/vec4 v000001ef6d557410_0;
    %addi 1, 0, 32;
    %store/vec4 v000001ef6d557410_0, 0, 32;
    %jmp T_0.1;
T_0.0 ;
    %vpi_call 2 120 "$display", "  [FAIL] dmem[%0d] = %0d  (expected %0d) *** MISMATCH ***", v000001ef6d43bf80_0, v000001ef6d43ba80_0, v000001ef6d43a400_0 {0 0 0};
    %load/vec4 v000001ef6d557550_0;
    %addi 1, 0, 32;
    %store/vec4 v000001ef6d557550_0, 0, 32;
T_0.1 ;
    %end;
S_000001ef6d454f60 .scope task, "check_reg" "check_reg" 2 95, 2 95 0, S_000001ef6d44fc20;
 .timescale -9 -12;
v000001ef6d43c0c0_0 .var "actual", 31 0;
v000001ef6d43a220_0 .var "expected", 31 0;
v000001ef6d43c020_0 .var "reg_num", 4 0;
TD_tb3_combined.check_reg ;
    %load/vec4 v000001ef6d43c0c0_0;
    %load/vec4 v000001ef6d43a220_0;
    %cmp/e;
    %jmp/0xz  T_1.2, 6;
    %vpi_call 2 101 "$display", "  [PASS] x%0d = %0d  (expected %0d)", v000001ef6d43c020_0, v000001ef6d43c0c0_0, v000001ef6d43a220_0 {0 0 0};
    %load/vec4 v000001ef6d557410_0;
    %addi 1, 0, 32;
    %store/vec4 v000001ef6d557410_0, 0, 32;
    %jmp T_1.3;
T_1.2 ;
    %vpi_call 2 104 "$display", "  [FAIL] x%0d = %0d  (expected %0d) *** MISMATCH ***", v000001ef6d43c020_0, v000001ef6d43c0c0_0, v000001ef6d43a220_0 {0 0 0};
    %load/vec4 v000001ef6d557550_0;
    %addi 1, 0, 32;
    %store/vec4 v000001ef6d557550_0, 0, 32;
T_1.3 ;
    %end;
S_000001ef6d3ec830 .scope module, "dut" "pipeline_cpu_top_v5" 2 46, 3 12 0, S_000001ef6d44fc20;
 .timescale 0 0;
    .port_info 0 /INPUT 1 "clk";
    .port_info 1 /INPUT 1 "reset";
v000001ef6d54e290_0 .net "ALUOp", 1 0, v000001ef6d43b260_0;  1 drivers
v000001ef6d54fe10_0 .net "ALUSrc", 0 0, v000001ef6d43b800_0;  1 drivers
v000001ef6d54f190_0 .net "Branch", 0 0, v000001ef6d43aea0_0;  1 drivers
v000001ef6d54fc30_0 .net "Jump", 0 0, v000001ef6d43a7c0_0;  1 drivers
v000001ef6d54e330_0 .net "MemRead", 0 0, v000001ef6d43a900_0;  1 drivers
v000001ef6d54e650_0 .net "MemToReg", 0 0, v000001ef6d43b580_0;  1 drivers
v000001ef6d54f410_0 .net "MemWrite", 0 0, v000001ef6d43a9a0_0;  1 drivers
v000001ef6d54fcd0_0 .net "RegWrite", 0 0, v000001ef6d43ad60_0;  1 drivers
L_000001ef6d559158 .functor BUFT 1, C4<00000000000000000000000000000100>, C4<0>, C4<0>, C4<0>;
v000001ef6d54feb0_0 .net/2u *"_ivl_0", 31 0, L_000001ef6d559158;  1 drivers
v000001ef6d54e150_0 .net "alu_control", 2 0, v000001ef6d43bb20_0;  1 drivers
v000001ef6d54e3d0_0 .var "alu_in_A", 31 0;
v000001ef6d5551b0_0 .net "alu_operand_b", 31 0, L_000001ef6d557370;  1 drivers
v000001ef6d555430_0 .net "alu_result", 31 0, v000001ef6d43b080_0;  1 drivers
v000001ef6d555610_0 .net "clk", 0 0, v000001ef6d558950_0;  1 drivers
v000001ef6d554670_0 .net "ex_mem_MemRead", 0 0, v000001ef6d54d9a0_0;  1 drivers
v000001ef6d554710_0 .net "ex_mem_MemToReg", 0 0, v000001ef6d54ca00_0;  1 drivers
v000001ef6d555b10_0 .net "ex_mem_MemWrite", 0 0, v000001ef6d54d4a0_0;  1 drivers
v000001ef6d554ad0_0 .net "ex_mem_RegWrite", 0 0, v000001ef6d54cc80_0;  1 drivers
v000001ef6d555930_0 .net "ex_mem_alu_result", 31 0, v000001ef6d54dfe0_0;  1 drivers
v000001ef6d555110_0 .net "ex_mem_rd", 4 0, v000001ef6d54c320_0;  1 drivers
v000001ef6d554b70_0 .net "ex_mem_write_data", 31 0, v000001ef6d54c8c0_0;  1 drivers
v000001ef6d5547b0_0 .net "flush_id_ex", 0 0, v000001ef6d54c640_0;  1 drivers
v000001ef6d555ed0_0 .net "forward_A", 1 0, v000001ef6d54caa0_0;  1 drivers
v000001ef6d554c10_0 .net "forward_B", 1 0, v000001ef6d54d400_0;  1 drivers
v000001ef6d554850_0 .var "forwarded_B", 31 0;
v000001ef6d5556b0_0 .net "funct3", 2 0, L_000001ef6d558db0;  1 drivers
v000001ef6d554170_0 .net "funct7", 6 0, L_000001ef6d5579b0;  1 drivers
v000001ef6d555250_0 .net "id_ex_ALUSrc", 0 0, v000001ef6d54cbe0_0;  1 drivers
v000001ef6d555cf0_0 .net "id_ex_Branch", 0 0, v000001ef6d54ce60_0;  1 drivers
v000001ef6d554990_0 .net "id_ex_Jump", 0 0, v000001ef6d54c3c0_0;  1 drivers
v000001ef6d555d90_0 .net "id_ex_MemRead", 0 0, v000001ef6d54cd20_0;  1 drivers
v000001ef6d555070_0 .net "id_ex_MemToReg", 0 0, v000001ef6d54d720_0;  1 drivers
v000001ef6d554210_0 .net "id_ex_MemWrite", 0 0, v000001ef6d54cf00_0;  1 drivers
v000001ef6d555f70_0 .net "id_ex_RegWrite", 0 0, v000001ef6d54d220_0;  1 drivers
v000001ef6d555750_0 .net "id_ex_alu_control", 2 0, v000001ef6d54d360_0;  1 drivers
v000001ef6d554350_0 .net "id_ex_imm", 31 0, v000001ef6d45c640_0;  1 drivers
v000001ef6d5542b0_0 .net "id_ex_pc", 31 0, v000001ef6d45bf60_0;  1 drivers
v000001ef6d5552f0_0 .net "id_ex_rd", 4 0, v000001ef6d45c0a0_0;  1 drivers
v000001ef6d555570_0 .net "id_ex_read_data1", 31 0, v000001ef6d45ca00_0;  1 drivers
v000001ef6d555e30_0 .net "id_ex_read_data2", 31 0, v000001ef6d45c000_0;  1 drivers
v000001ef6d554f30_0 .net "id_ex_rs1", 4 0, v000001ef6d45c8c0_0;  1 drivers
v000001ef6d5557f0_0 .net "id_ex_rs2", 4 0, v000001ef6d45bd80_0;  1 drivers
v000001ef6d555390_0 .net "if_id_instruction", 31 0, v000001ef6d45c820_0;  1 drivers
v000001ef6d5554d0_0 .net "if_id_pc", 31 0, v000001ef6d45d2c0_0;  1 drivers
v000001ef6d554530_0 .net "imm_out", 31 0, v000001ef6d45cd20_0;  1 drivers
v000001ef6d555890_0 .net "instruction", 31 0, L_000001ef6d42f010;  1 drivers
v000001ef6d5559d0_0 .net "mem_wb_MemToReg", 0 0, v000001ef6d45c1e0_0;  1 drivers
v000001ef6d554fd0_0 .net "mem_wb_RegWrite", 0 0, v000001ef6d45b740_0;  1 drivers
v000001ef6d556010_0 .net "mem_wb_alu_result", 31 0, v000001ef6d45c3c0_0;  1 drivers
v000001ef6d554cb0_0 .net "mem_wb_memory_data", 31 0, v000001ef6d45b920_0;  1 drivers
v000001ef6d554d50_0 .net "mem_wb_rd", 4 0, v000001ef6d45be20_0;  1 drivers
v000001ef6d555a70_0 .net "memory_data", 31 0, L_000001ef6d557eb0;  1 drivers
v000001ef6d555bb0_0 .net "next_pc", 31 0, L_000001ef6d558b30;  1 drivers
v000001ef6d5543f0_0 .net "opcode", 6 0, L_000001ef6d5574b0;  1 drivers
v000001ef6d555c50_0 .net "pc", 31 0, v000001ef6d45bb00_0;  1 drivers
v000001ef6d554490_0 .net "rd", 4 0, L_000001ef6d558450;  1 drivers
v000001ef6d5545d0_0 .net "read_data1", 31 0, L_000001ef6d5588b0;  1 drivers
v000001ef6d554df0_0 .net "read_data2", 31 0, L_000001ef6d557f50;  1 drivers
v000001ef6d5548f0_0 .net "reset", 0 0, v000001ef6d5586d0_0;  1 drivers
v000001ef6d554a30_0 .net "rs1", 4 0, L_000001ef6d5584f0;  1 drivers
v000001ef6d554e90_0 .net "rs2", 4 0, L_000001ef6d558770;  1 drivers
v000001ef6d558090_0 .net "stall_if_id", 0 0, v000001ef6d54c460_0;  1 drivers
v000001ef6d5583b0_0 .net "stall_pc", 0 0, v000001ef6d54c780_0;  1 drivers
v000001ef6d557e10_0 .net "write_back_data", 31 0, L_000001ef6d558590;  1 drivers
v000001ef6d557730_0 .net "zero", 0 0, L_000001ef6d557230;  1 drivers
E_000001ef6d4290f0 .event anyedge, v000001ef6d54d400_0, v000001ef6d43b6c0_0, v000001ef6d54fb90_0, v000001ef6d45c000_0;
E_000001ef6d428730 .event anyedge, v000001ef6d54caa0_0, v000001ef6d43b6c0_0, v000001ef6d54fb90_0, v000001ef6d45ca00_0;
L_000001ef6d558b30 .arith/sum 32, v000001ef6d45bb00_0, L_000001ef6d559158;
L_000001ef6d5574b0 .part v000001ef6d45c820_0, 0, 7;
L_000001ef6d558450 .part v000001ef6d45c820_0, 7, 5;
L_000001ef6d558db0 .part v000001ef6d45c820_0, 12, 3;
L_000001ef6d5584f0 .part v000001ef6d45c820_0, 15, 5;
L_000001ef6d558770 .part v000001ef6d45c820_0, 20, 5;
L_000001ef6d5579b0 .part v000001ef6d45c820_0, 25, 7;
L_000001ef6d558590 .functor MUXZ 32, v000001ef6d45c3c0_0, v000001ef6d45b920_0, v000001ef6d45c1e0_0, C4<>;
L_000001ef6d557370 .functor MUXZ 32, v000001ef6d554850_0, v000001ef6d45c640_0, v000001ef6d54cbe0_0, C4<>;
S_000001ef6d3ec9c0 .scope module, "alu_ctrl" "alu_control" 3 132, 4 1 0, S_000001ef6d3ec830;
 .timescale 0 0;
    .port_info 0 /INPUT 2 "ALUOp";
    .port_info 1 /INPUT 3 "funct3";
    .port_info 2 /INPUT 7 "funct7";
    .port_info 3 /OUTPUT 3 "alu_control";
v000001ef6d43af40_0 .net "ALUOp", 1 0, v000001ef6d43b260_0;  alias, 1 drivers
v000001ef6d43bb20_0 .var "alu_control", 2 0;
v000001ef6d43acc0_0 .net "funct3", 2 0, L_000001ef6d558db0;  alias, 1 drivers
v000001ef6d43a4a0_0 .net "funct7", 6 0, L_000001ef6d5579b0;  alias, 1 drivers
E_000001ef6d428870 .event anyedge, v000001ef6d43af40_0, v000001ef6d43a4a0_0, v000001ef6d43acc0_0;
S_000001ef6d3bbcb0 .scope module, "alu_inst" "ALU" 3 297, 5 1 0, S_000001ef6d3ec830;
 .timescale 0 0;
    .port_info 0 /INPUT 32 "a";
    .port_info 1 /INPUT 32 "b";
    .port_info 2 /INPUT 3 "alu_control";
    .port_info 3 /OUTPUT 32 "result";
    .port_info 4 /OUTPUT 1 "zero";
L_000001ef6d559548 .functor BUFT 1, C4<00000000000000000000000000000000>, C4<0>, C4<0>, C4<0>;
v000001ef6d43ab80_0 .net/2u *"_ivl_0", 31 0, L_000001ef6d559548;  1 drivers
v000001ef6d43a860_0 .net "a", 31 0, v000001ef6d54e3d0_0;  1 drivers
v000001ef6d43b8a0_0 .net "alu_control", 2 0, v000001ef6d54d360_0;  alias, 1 drivers
v000001ef6d43a540_0 .net "b", 31 0, L_000001ef6d557370;  alias, 1 drivers
v000001ef6d43b080_0 .var "result", 31 0;
v000001ef6d43bbc0_0 .net "zero", 0 0, L_000001ef6d557230;  alias, 1 drivers
E_000001ef6d428ab0 .event anyedge, v000001ef6d43b8a0_0, v000001ef6d43a860_0, v000001ef6d43a540_0;
L_000001ef6d557230 .cmp/eq 32, v000001ef6d43b080_0, L_000001ef6d559548;
S_000001ef6d3bbe40 .scope module, "ctrl" "control_unit" 3 78, 6 1 0, S_000001ef6d3ec830;
 .timescale 0 0;
    .port_info 0 /INPUT 7 "opcode";
    .port_info 1 /OUTPUT 1 "RegWrite";
    .port_info 2 /OUTPUT 1 "MemRead";
    .port_info 3 /OUTPUT 1 "MemWrite";
    .port_info 4 /OUTPUT 1 "ALUSrc";
    .port_info 5 /OUTPUT 1 "MemToReg";
    .port_info 6 /OUTPUT 1 "Branch";
    .port_info 7 /OUTPUT 1 "Jump";
    .port_info 8 /OUTPUT 2 "ALUOp";
v000001ef6d43b260_0 .var "ALUOp", 1 0;
v000001ef6d43b800_0 .var "ALUSrc", 0 0;
v000001ef6d43aea0_0 .var "Branch", 0 0;
v000001ef6d43a7c0_0 .var "Jump", 0 0;
v000001ef6d43a900_0 .var "MemRead", 0 0;
v000001ef6d43b580_0 .var "MemToReg", 0 0;
v000001ef6d43a9a0_0 .var "MemWrite", 0 0;
v000001ef6d43ad60_0 .var "RegWrite", 0 0;
v000001ef6d43ae00_0 .net "opcode", 6 0, L_000001ef6d5574b0;  alias, 1 drivers
E_000001ef6d428a30 .event anyedge, v000001ef6d43ae00_0;
S_000001ef6d3d36f0 .scope module, "dmem" "data_mem" 3 338, 7 1 0, S_000001ef6d3ec830;
 .timescale 0 0;
    .port_info 0 /INPUT 1 "clk";
    .port_info 1 /INPUT 1 "mem_read";
    .port_info 2 /INPUT 1 "mem_write";
    .port_info 3 /INPUT 32 "address";
    .port_info 4 /INPUT 32 "write_data";
    .port_info 5 /OUTPUT 32 "read_data";
v000001ef6d43b940_0 .net *"_ivl_0", 31 0, L_000001ef6d557690;  1 drivers
v000001ef6d43b300_0 .net *"_ivl_3", 29 0, L_000001ef6d5577d0;  1 drivers
L_000001ef6d559590 .functor BUFT 1, C4<00000000000000000000000000000000>, C4<0>, C4<0>, C4<0>;
v000001ef6d43b3a0_0 .net/2u *"_ivl_4", 31 0, L_000001ef6d559590;  1 drivers
v000001ef6d43b6c0_0 .net "address", 31 0, v000001ef6d54dfe0_0;  alias, 1 drivers
v000001ef6d43b760_0 .net "clk", 0 0, v000001ef6d558950_0;  alias, 1 drivers
v000001ef6d43b9e0_0 .var/i "i", 31 0;
v000001ef6d43bc60_0 .net "mem_read", 0 0, v000001ef6d54d9a0_0;  alias, 1 drivers
v000001ef6d43bd00_0 .net "mem_write", 0 0, v000001ef6d54d4a0_0;  alias, 1 drivers
v000001ef6d43bda0 .array "memory", 255 0, 31 0;
v000001ef6d42daf0_0 .net "read_data", 31 0, L_000001ef6d557eb0;  alias, 1 drivers
v000001ef6d54d0e0_0 .net "write_data", 31 0, v000001ef6d54c8c0_0;  alias, 1 drivers
E_000001ef6d42a6f0 .event posedge, v000001ef6d43b760_0;
L_000001ef6d557690 .array/port v000001ef6d43bda0, L_000001ef6d5577d0;
L_000001ef6d5577d0 .part v000001ef6d54dfe0_0, 2, 30;
L_000001ef6d557eb0 .functor MUXZ 32, L_000001ef6d559590, L_000001ef6d557690, v000001ef6d54d9a0_0, C4<>;
S_000001ef6d3d3880 .scope module, "ex_mem_inst" "ex_mem" 3 309, 8 1 0, S_000001ef6d3ec830;
 .timescale 0 0;
    .port_info 0 /INPUT 1 "clk";
    .port_info 1 /INPUT 1 "reset";
    .port_info 2 /INPUT 32 "alu_result_in";
    .port_info 3 /INPUT 32 "write_data_in";
    .port_info 4 /INPUT 5 "rd_in";
    .port_info 5 /INPUT 1 "RegWrite_in";
    .port_info 6 /INPUT 1 "MemRead_in";
    .port_info 7 /INPUT 1 "MemWrite_in";
    .port_info 8 /INPUT 1 "MemToReg_in";
    .port_info 9 /OUTPUT 32 "alu_result_out";
    .port_info 10 /OUTPUT 32 "write_data_out";
    .port_info 11 /OUTPUT 5 "rd_out";
    .port_info 12 /OUTPUT 1 "RegWrite_out";
    .port_info 13 /OUTPUT 1 "MemRead_out";
    .port_info 14 /OUTPUT 1 "MemWrite_out";
    .port_info 15 /OUTPUT 1 "MemToReg_out";
v000001ef6d54df40_0 .net "MemRead_in", 0 0, v000001ef6d54cd20_0;  alias, 1 drivers
v000001ef6d54d9a0_0 .var "MemRead_out", 0 0;
v000001ef6d54dea0_0 .net "MemToReg_in", 0 0, v000001ef6d54d720_0;  alias, 1 drivers
v000001ef6d54ca00_0 .var "MemToReg_out", 0 0;
v000001ef6d54c820_0 .net "MemWrite_in", 0 0, v000001ef6d54cf00_0;  alias, 1 drivers
v000001ef6d54d4a0_0 .var "MemWrite_out", 0 0;
v000001ef6d54cdc0_0 .net "RegWrite_in", 0 0, v000001ef6d54d220_0;  alias, 1 drivers
v000001ef6d54cc80_0 .var "RegWrite_out", 0 0;
v000001ef6d54cb40_0 .net "alu_result_in", 31 0, v000001ef6d43b080_0;  alias, 1 drivers
v000001ef6d54dfe0_0 .var "alu_result_out", 31 0;
v000001ef6d54d540_0 .net "clk", 0 0, v000001ef6d558950_0;  alias, 1 drivers
v000001ef6d54da40_0 .net "rd_in", 4 0, v000001ef6d45c0a0_0;  alias, 1 drivers
v000001ef6d54c320_0 .var "rd_out", 4 0;
v000001ef6d54c960_0 .net "reset", 0 0, v000001ef6d5586d0_0;  alias, 1 drivers
v000001ef6d54d040_0 .net "write_data_in", 31 0, v000001ef6d554850_0;  1 drivers
v000001ef6d54c8c0_0 .var "write_data_out", 31 0;
E_000001ef6d42aef0 .event posedge, v000001ef6d54c960_0, v000001ef6d43b760_0;
S_000001ef6d3f17d0 .scope module, "fwd" "forwarding_unit" 3 243, 9 42 0, S_000001ef6d3ec830;
 .timescale 0 0;
    .port_info 0 /INPUT 5 "id_ex_rs1";
    .port_info 1 /INPUT 5 "id_ex_rs2";
    .port_info 2 /INPUT 5 "ex_mem_rd";
    .port_info 3 /INPUT 1 "ex_mem_RegWrite";
    .port_info 4 /INPUT 5 "mem_wb_rd";
    .port_info 5 /INPUT 1 "mem_wb_RegWrite";
    .port_info 6 /OUTPUT 2 "forward_A";
    .port_info 7 /OUTPUT 2 "forward_B";
v000001ef6d54d900_0 .net "ex_mem_RegWrite", 0 0, v000001ef6d54cc80_0;  alias, 1 drivers
v000001ef6d54c500_0 .net "ex_mem_rd", 4 0, v000001ef6d54c320_0;  alias, 1 drivers
v000001ef6d54caa0_0 .var "forward_A", 1 0;
v000001ef6d54d400_0 .var "forward_B", 1 0;
v000001ef6d54dae0_0 .net "id_ex_rs1", 4 0, v000001ef6d45c8c0_0;  alias, 1 drivers
v000001ef6d54c140_0 .net "id_ex_rs2", 4 0, v000001ef6d45bd80_0;  alias, 1 drivers
v000001ef6d54c5a0_0 .net "mem_wb_RegWrite", 0 0, v000001ef6d45b740_0;  alias, 1 drivers
v000001ef6d54c280_0 .net "mem_wb_rd", 4 0, v000001ef6d45be20_0;  alias, 1 drivers
E_000001ef6d42ad30/0 .event anyedge, v000001ef6d54cc80_0, v000001ef6d54c320_0, v000001ef6d54dae0_0, v000001ef6d54c140_0;
E_000001ef6d42ad30/1 .event anyedge, v000001ef6d54c5a0_0, v000001ef6d54c280_0;
E_000001ef6d42ad30 .event/or E_000001ef6d42ad30/0, E_000001ef6d42ad30/1;
S_000001ef6d3f1960 .scope module, "hdu" "hazard_detection_unit" 3 151, 10 42 0, S_000001ef6d3ec830;
 .timescale 0 0;
    .port_info 0 /INPUT 1 "id_ex_MemRead";
    .port_info 1 /INPUT 5 "id_ex_rd";
    .port_info 2 /INPUT 5 "if_id_rs1";
    .port_info 3 /INPUT 5 "if_id_rs2";
    .port_info 4 /OUTPUT 1 "stall_pc";
    .port_info 5 /OUTPUT 1 "stall_if_id";
    .port_info 6 /OUTPUT 1 "flush_id_ex";
v000001ef6d54c640_0 .var "flush_id_ex", 0 0;
v000001ef6d54dcc0_0 .net "id_ex_MemRead", 0 0, v000001ef6d54cd20_0;  alias, 1 drivers
v000001ef6d54dd60_0 .net "id_ex_rd", 4 0, v000001ef6d45c0a0_0;  alias, 1 drivers
v000001ef6d54db80_0 .net "if_id_rs1", 4 0, L_000001ef6d5584f0;  alias, 1 drivers
v000001ef6d54c6e0_0 .net "if_id_rs2", 4 0, L_000001ef6d558770;  alias, 1 drivers
v000001ef6d54c460_0 .var "stall_if_id", 0 0;
v000001ef6d54c780_0 .var "stall_pc", 0 0;
E_000001ef6d42aaf0 .event anyedge, v000001ef6d54df40_0, v000001ef6d54da40_0, v000001ef6d54db80_0, v000001ef6d54c6e0_0;
S_000001ef6d3f02c0 .scope module, "id_ex_inst" "id_ex" 3 180, 11 7 0, S_000001ef6d3ec830;
 .timescale 0 0;
    .port_info 0 /INPUT 1 "clk";
    .port_info 1 /INPUT 1 "reset";
    .port_info 2 /INPUT 1 "flush_id_ex";
    .port_info 3 /INPUT 32 "pc_in";
    .port_info 4 /INPUT 32 "read_data1_in";
    .port_info 5 /INPUT 32 "read_data2_in";
    .port_info 6 /INPUT 32 "imm_in";
    .port_info 7 /INPUT 5 "rs1_in";
    .port_info 8 /INPUT 5 "rs2_in";
    .port_info 9 /INPUT 5 "rd_in";
    .port_info 10 /INPUT 1 "RegWrite_in";
    .port_info 11 /INPUT 1 "MemRead_in";
    .port_info 12 /INPUT 1 "MemWrite_in";
    .port_info 13 /INPUT 1 "MemToReg_in";
    .port_info 14 /INPUT 1 "ALUSrc_in";
    .port_info 15 /INPUT 1 "Branch_in";
    .port_info 16 /INPUT 1 "Jump_in";
    .port_info 17 /INPUT 3 "alu_control_in";
    .port_info 18 /OUTPUT 32 "pc_out";
    .port_info 19 /OUTPUT 32 "read_data1_out";
    .port_info 20 /OUTPUT 32 "read_data2_out";
    .port_info 21 /OUTPUT 32 "imm_out";
    .port_info 22 /OUTPUT 5 "rs1_out";
    .port_info 23 /OUTPUT 5 "rs2_out";
    .port_info 24 /OUTPUT 5 "rd_out";
    .port_info 25 /OUTPUT 1 "RegWrite_out";
    .port_info 26 /OUTPUT 1 "MemRead_out";
    .port_info 27 /OUTPUT 1 "MemWrite_out";
    .port_info 28 /OUTPUT 1 "MemToReg_out";
    .port_info 29 /OUTPUT 1 "ALUSrc_out";
    .port_info 30 /OUTPUT 1 "Branch_out";
    .port_info 31 /OUTPUT 1 "Jump_out";
    .port_info 32 /OUTPUT 3 "alu_control_out";
v000001ef6d54d7c0_0 .net "ALUSrc_in", 0 0, v000001ef6d43b800_0;  alias, 1 drivers
v000001ef6d54cbe0_0 .var "ALUSrc_out", 0 0;
v000001ef6d54de00_0 .net "Branch_in", 0 0, v000001ef6d43aea0_0;  alias, 1 drivers
v000001ef6d54ce60_0 .var "Branch_out", 0 0;
v000001ef6d54d5e0_0 .net "Jump_in", 0 0, v000001ef6d43a7c0_0;  alias, 1 drivers
v000001ef6d54c3c0_0 .var "Jump_out", 0 0;
v000001ef6d54dc20_0 .net "MemRead_in", 0 0, v000001ef6d43a900_0;  alias, 1 drivers
v000001ef6d54cd20_0 .var "MemRead_out", 0 0;
v000001ef6d54d680_0 .net "MemToReg_in", 0 0, v000001ef6d43b580_0;  alias, 1 drivers
v000001ef6d54d720_0 .var "MemToReg_out", 0 0;
v000001ef6d54d180_0 .net "MemWrite_in", 0 0, v000001ef6d43a9a0_0;  alias, 1 drivers
v000001ef6d54cf00_0 .var "MemWrite_out", 0 0;
v000001ef6d54cfa0_0 .net "RegWrite_in", 0 0, v000001ef6d43ad60_0;  alias, 1 drivers
v000001ef6d54d220_0 .var "RegWrite_out", 0 0;
v000001ef6d54d2c0_0 .net "alu_control_in", 2 0, v000001ef6d43bb20_0;  alias, 1 drivers
v000001ef6d54d360_0 .var "alu_control_out", 2 0;
v000001ef6d54c1e0_0 .net "clk", 0 0, v000001ef6d558950_0;  alias, 1 drivers
v000001ef6d54d860_0 .net "flush_id_ex", 0 0, v000001ef6d54c640_0;  alias, 1 drivers
v000001ef6d45ce60_0 .net "imm_in", 31 0, v000001ef6d45cd20_0;  alias, 1 drivers
v000001ef6d45c640_0 .var "imm_out", 31 0;
v000001ef6d45cc80_0 .net "pc_in", 31 0, v000001ef6d45d2c0_0;  alias, 1 drivers
v000001ef6d45bf60_0 .var "pc_out", 31 0;
v000001ef6d45d400_0 .net "rd_in", 4 0, L_000001ef6d558450;  alias, 1 drivers
v000001ef6d45c0a0_0 .var "rd_out", 4 0;
v000001ef6d45c140_0 .net "read_data1_in", 31 0, L_000001ef6d5588b0;  alias, 1 drivers
v000001ef6d45ca00_0 .var "read_data1_out", 31 0;
v000001ef6d45cfa0_0 .net "read_data2_in", 31 0, L_000001ef6d557f50;  alias, 1 drivers
v000001ef6d45c000_0 .var "read_data2_out", 31 0;
v000001ef6d45d220_0 .net "reset", 0 0, v000001ef6d5586d0_0;  alias, 1 drivers
v000001ef6d45caa0_0 .net "rs1_in", 4 0, L_000001ef6d5584f0;  alias, 1 drivers
v000001ef6d45c8c0_0 .var "rs1_out", 4 0;
v000001ef6d45c6e0_0 .net "rs2_in", 4 0, L_000001ef6d558770;  alias, 1 drivers
v000001ef6d45bd80_0 .var "rs2_out", 4 0;
S_000001ef6d3bd850 .scope module, "if_id_inst" "if_id" 3 51, 12 5 0, S_000001ef6d3ec830;
 .timescale 0 0;
    .port_info 0 /INPUT 1 "clk";
    .port_info 1 /INPUT 1 "reset";
    .port_info 2 /INPUT 1 "stall_if_id";
    .port_info 3 /INPUT 1 "flush_if_id";
    .port_info 4 /INPUT 32 "pc_in";
    .port_info 5 /INPUT 32 "instruction_in";
    .port_info 6 /OUTPUT 32 "pc_out";
    .port_info 7 /OUTPUT 32 "instruction_out";
v000001ef6d45c780_0 .net "clk", 0 0, v000001ef6d558950_0;  alias, 1 drivers
L_000001ef6d5591a0 .functor BUFT 1, C4<0>, C4<0>, C4<0>, C4<0>;
v000001ef6d45cdc0_0 .net "flush_if_id", 0 0, L_000001ef6d5591a0;  1 drivers
v000001ef6d45c960_0 .net "instruction_in", 31 0, L_000001ef6d42f010;  alias, 1 drivers
v000001ef6d45c820_0 .var "instruction_out", 31 0;
v000001ef6d45d180_0 .net "pc_in", 31 0, v000001ef6d45bb00_0;  alias, 1 drivers
v000001ef6d45d2c0_0 .var "pc_out", 31 0;
v000001ef6d45b6a0_0 .net "reset", 0 0, v000001ef6d5586d0_0;  alias, 1 drivers
v000001ef6d45d4a0_0 .net "stall_if_id", 0 0, v000001ef6d54c460_0;  alias, 1 drivers
S_000001ef6d3c2e40 .scope module, "imem" "instr_mem" 3 37, 13 1 0, S_000001ef6d3ec830;
 .timescale 0 0;
    .port_info 0 /INPUT 32 "address";
    .port_info 1 /OUTPUT 32 "instruction";
L_000001ef6d42f010 .functor BUFZ 32, L_000001ef6d558d10, C4<00000000000000000000000000000000>, C4<00000000000000000000000000000000>, C4<00000000000000000000000000000000>;
v000001ef6d45cf00_0 .net *"_ivl_0", 31 0, L_000001ef6d558d10;  1 drivers
v000001ef6d45d0e0_0 .net *"_ivl_3", 29 0, L_000001ef6d558bd0;  1 drivers
v000001ef6d45cb40_0 .net "address", 31 0, v000001ef6d45bb00_0;  alias, 1 drivers
v000001ef6d45bce0_0 .var/i "i", 31 0;
v000001ef6d45d040_0 .net "instruction", 31 0, L_000001ef6d42f010;  alias, 1 drivers
v000001ef6d45cbe0 .array "memory", 255 0, 31 0;
L_000001ef6d558d10 .array/port v000001ef6d45cbe0, L_000001ef6d558bd0;
L_000001ef6d558bd0 .part v000001ef6d45bb00_0, 2, 30;
S_000001ef6d3c2fd0 .scope module, "immgen" "imm_gen" 3 123, 14 1 0, S_000001ef6d3ec830;
 .timescale 0 0;
    .port_info 0 /INPUT 32 "instruction";
    .port_info 1 /OUTPUT 32 "imm_out";
v000001ef6d45cd20_0 .var "imm_out", 31 0;
v000001ef6d45d360_0 .net "instruction", 31 0, v000001ef6d45c820_0;  alias, 1 drivers
E_000001ef6d42a7f0 .event anyedge, v000001ef6d45c820_0;
S_000001ef6d404050 .scope module, "mem_wb_inst" "mem_wb" 3 351, 15 1 0, S_000001ef6d3ec830;
 .timescale 0 0;
    .port_info 0 /INPUT 1 "clk";
    .port_info 1 /INPUT 1 "reset";
    .port_info 2 /INPUT 32 "memory_data_in";
    .port_info 3 /INPUT 32 "alu_result_in";
    .port_info 4 /INPUT 5 "rd_in";
    .port_info 5 /INPUT 1 "RegWrite_in";
    .port_info 6 /INPUT 1 "MemToReg_in";
    .port_info 7 /OUTPUT 32 "memory_data_out";
    .port_info 8 /OUTPUT 32 "alu_result_out";
    .port_info 9 /OUTPUT 5 "rd_out";
    .port_info 10 /OUTPUT 1 "RegWrite_out";
    .port_info 11 /OUTPUT 1 "MemToReg_out";
v000001ef6d45d540_0 .net "MemToReg_in", 0 0, v000001ef6d54ca00_0;  alias, 1 drivers
v000001ef6d45c1e0_0 .var "MemToReg_out", 0 0;
v000001ef6d45c280_0 .net "RegWrite_in", 0 0, v000001ef6d54cc80_0;  alias, 1 drivers
v000001ef6d45b740_0 .var "RegWrite_out", 0 0;
v000001ef6d45c320_0 .net "alu_result_in", 31 0, v000001ef6d54dfe0_0;  alias, 1 drivers
v000001ef6d45c3c0_0 .var "alu_result_out", 31 0;
v000001ef6d45b7e0_0 .net "clk", 0 0, v000001ef6d558950_0;  alias, 1 drivers
v000001ef6d45b880_0 .net "memory_data_in", 31 0, L_000001ef6d557eb0;  alias, 1 drivers
v000001ef6d45b920_0 .var "memory_data_out", 31 0;
v000001ef6d45c460_0 .net "rd_in", 4 0, v000001ef6d54c320_0;  alias, 1 drivers
v000001ef6d45be20_0 .var "rd_out", 4 0;
v000001ef6d45b9c0_0 .net "reset", 0 0, v000001ef6d5586d0_0;  alias, 1 drivers
S_000001ef6d4041e0 .scope module, "pc_inst" "pc" 3 29, 16 4 0, S_000001ef6d3ec830;
 .timescale 0 0;
    .port_info 0 /INPUT 1 "clk";
    .port_info 1 /INPUT 1 "reset";
    .port_info 2 /INPUT 1 "stall_pc";
    .port_info 3 /INPUT 32 "next_pc";
    .port_info 4 /OUTPUT 32 "pc_out";
v000001ef6d45c500_0 .net "clk", 0 0, v000001ef6d558950_0;  alias, 1 drivers
v000001ef6d45ba60_0 .net "next_pc", 31 0, L_000001ef6d558b30;  alias, 1 drivers
v000001ef6d45bb00_0 .var "pc_out", 31 0;
v000001ef6d45c5a0_0 .net "reset", 0 0, v000001ef6d5586d0_0;  alias, 1 drivers
v000001ef6d45bec0_0 .net "stall_pc", 0 0, v000001ef6d54c780_0;  alias, 1 drivers
S_000001ef6d45d9d0 .scope module, "rf" "regfile" 3 108, 17 1 0, S_000001ef6d3ec830;
 .timescale 0 0;
    .port_info 0 /INPUT 1 "clk";
    .port_info 1 /INPUT 1 "reg_write";
    .port_info 2 /INPUT 5 "rs1";
    .port_info 3 /INPUT 5 "rs2";
    .port_info 4 /INPUT 5 "rd";
    .port_info 5 /INPUT 32 "write_data";
    .port_info 6 /OUTPUT 32 "read_data1";
    .port_info 7 /OUTPUT 32 "read_data2";
L_000001ef6d42e750 .functor AND 1, v000001ef6d45b740_0, L_000001ef6d557b90, C4<1>, C4<1>;
L_000001ef6d42ec20 .functor AND 1, L_000001ef6d42e750, L_000001ef6d558810, C4<1>, C4<1>;
L_000001ef6d42ed70 .functor AND 1, v000001ef6d45b740_0, L_000001ef6d558a90, C4<1>, C4<1>;
L_000001ef6d42ede0 .functor AND 1, L_000001ef6d42ed70, L_000001ef6d5572d0, C4<1>, C4<1>;
v000001ef6d45bba0_0 .net *"_ivl_0", 31 0, L_000001ef6d5589f0;  1 drivers
v000001ef6d45bc40_0 .net *"_ivl_10", 0 0, L_000001ef6d557b90;  1 drivers
v000001ef6d54e8d0_0 .net *"_ivl_13", 0 0, L_000001ef6d42e750;  1 drivers
v000001ef6d54efb0_0 .net *"_ivl_14", 31 0, L_000001ef6d5575f0;  1 drivers
L_000001ef6d5592c0 .functor BUFT 1, C4<000000000000000000000000000>, C4<0>, C4<0>, C4<0>;
v000001ef6d54ee70_0 .net *"_ivl_17", 26 0, L_000001ef6d5592c0;  1 drivers
L_000001ef6d559308 .functor BUFT 1, C4<00000000000000000000000000000000>, C4<0>, C4<0>, C4<0>;
v000001ef6d54f0f0_0 .net/2u *"_ivl_18", 31 0, L_000001ef6d559308;  1 drivers
v000001ef6d54edd0_0 .net *"_ivl_20", 0 0, L_000001ef6d558810;  1 drivers
v000001ef6d54fff0_0 .net *"_ivl_23", 0 0, L_000001ef6d42ec20;  1 drivers
v000001ef6d54fd70_0 .net *"_ivl_24", 31 0, L_000001ef6d557cd0;  1 drivers
v000001ef6d54f7d0_0 .net *"_ivl_26", 6 0, L_000001ef6d558c70;  1 drivers
L_000001ef6d559350 .functor BUFT 1, C4<00>, C4<0>, C4<0>, C4<0>;
v000001ef6d54f2d0_0 .net *"_ivl_29", 1 0, L_000001ef6d559350;  1 drivers
L_000001ef6d5591e8 .functor BUFT 1, C4<000000000000000000000000000>, C4<0>, C4<0>, C4<0>;
v000001ef6d54f550_0 .net *"_ivl_3", 26 0, L_000001ef6d5591e8;  1 drivers
v000001ef6d54f370_0 .net *"_ivl_30", 31 0, L_000001ef6d558e50;  1 drivers
v000001ef6d54e6f0_0 .net *"_ivl_34", 31 0, L_000001ef6d557ff0;  1 drivers
L_000001ef6d559398 .functor BUFT 1, C4<000000000000000000000000000>, C4<0>, C4<0>, C4<0>;
v000001ef6d54f910_0 .net *"_ivl_37", 26 0, L_000001ef6d559398;  1 drivers
L_000001ef6d5593e0 .functor BUFT 1, C4<00000000000000000000000000000000>, C4<0>, C4<0>, C4<0>;
v000001ef6d54e830_0 .net/2u *"_ivl_38", 31 0, L_000001ef6d5593e0;  1 drivers
L_000001ef6d559230 .functor BUFT 1, C4<00000000000000000000000000000000>, C4<0>, C4<0>, C4<0>;
v000001ef6d54f4b0_0 .net/2u *"_ivl_4", 31 0, L_000001ef6d559230;  1 drivers
v000001ef6d54ec90_0 .net *"_ivl_40", 0 0, L_000001ef6d558ef0;  1 drivers
L_000001ef6d559428 .functor BUFT 1, C4<00000000000000000000000000000000>, C4<0>, C4<0>, C4<0>;
v000001ef6d54eb50_0 .net/2u *"_ivl_42", 31 0, L_000001ef6d559428;  1 drivers
v000001ef6d54f5f0_0 .net *"_ivl_44", 0 0, L_000001ef6d558a90;  1 drivers
v000001ef6d54ea10_0 .net *"_ivl_47", 0 0, L_000001ef6d42ed70;  1 drivers
v000001ef6d54f690_0 .net *"_ivl_48", 31 0, L_000001ef6d557af0;  1 drivers
L_000001ef6d559470 .functor BUFT 1, C4<000000000000000000000000000>, C4<0>, C4<0>, C4<0>;
v000001ef6d54f730_0 .net *"_ivl_51", 26 0, L_000001ef6d559470;  1 drivers
L_000001ef6d5594b8 .functor BUFT 1, C4<00000000000000000000000000000000>, C4<0>, C4<0>, C4<0>;
v000001ef6d54ff50_0 .net/2u *"_ivl_52", 31 0, L_000001ef6d5594b8;  1 drivers
v000001ef6d54e470_0 .net *"_ivl_54", 0 0, L_000001ef6d5572d0;  1 drivers
v000001ef6d54e1f0_0 .net *"_ivl_57", 0 0, L_000001ef6d42ede0;  1 drivers
v000001ef6d54e970_0 .net *"_ivl_58", 31 0, L_000001ef6d558f90;  1 drivers
v000001ef6d54f230_0 .net *"_ivl_6", 0 0, L_000001ef6d558630;  1 drivers
v000001ef6d54e510_0 .net *"_ivl_60", 6 0, L_000001ef6d557190;  1 drivers
L_000001ef6d559500 .functor BUFT 1, C4<00>, C4<0>, C4<0>, C4<0>;
v000001ef6d54ed30_0 .net *"_ivl_63", 1 0, L_000001ef6d559500;  1 drivers
v000001ef6d54f870_0 .net *"_ivl_64", 31 0, L_000001ef6d558130;  1 drivers
L_000001ef6d559278 .functor BUFT 1, C4<00000000000000000000000000000000>, C4<0>, C4<0>, C4<0>;
v000001ef6d54eab0_0 .net/2u *"_ivl_8", 31 0, L_000001ef6d559278;  1 drivers
v000001ef6d54f9b0_0 .net "clk", 0 0, v000001ef6d558950_0;  alias, 1 drivers
v000001ef6d54fa50_0 .net "rd", 4 0, v000001ef6d45be20_0;  alias, 1 drivers
v000001ef6d54e790_0 .net "read_data1", 31 0, L_000001ef6d5588b0;  alias, 1 drivers
v000001ef6d54faf0_0 .net "read_data2", 31 0, L_000001ef6d557f50;  alias, 1 drivers
v000001ef6d54ebf0_0 .net "reg_write", 0 0, v000001ef6d45b740_0;  alias, 1 drivers
v000001ef6d54e5b0 .array "registers", 0 31, 31 0;
v000001ef6d54ef10_0 .net "rs1", 4 0, L_000001ef6d5584f0;  alias, 1 drivers
v000001ef6d54f050_0 .net "rs2", 4 0, L_000001ef6d558770;  alias, 1 drivers
v000001ef6d54fb90_0 .net "write_data", 31 0, L_000001ef6d558590;  alias, 1 drivers
L_000001ef6d5589f0 .concat [ 5 27 0 0], L_000001ef6d5584f0, L_000001ef6d5591e8;
L_000001ef6d558630 .cmp/eq 32, L_000001ef6d5589f0, L_000001ef6d559230;
L_000001ef6d557b90 .cmp/eq 5, v000001ef6d45be20_0, L_000001ef6d5584f0;
L_000001ef6d5575f0 .concat [ 5 27 0 0], v000001ef6d45be20_0, L_000001ef6d5592c0;
L_000001ef6d558810 .cmp/ne 32, L_000001ef6d5575f0, L_000001ef6d559308;
L_000001ef6d557cd0 .array/port v000001ef6d54e5b0, L_000001ef6d558c70;
L_000001ef6d558c70 .concat [ 5 2 0 0], L_000001ef6d5584f0, L_000001ef6d559350;
L_000001ef6d558e50 .functor MUXZ 32, L_000001ef6d557cd0, L_000001ef6d558590, L_000001ef6d42ec20, C4<>;
L_000001ef6d5588b0 .functor MUXZ 32, L_000001ef6d558e50, L_000001ef6d559278, L_000001ef6d558630, C4<>;
L_000001ef6d557ff0 .concat [ 5 27 0 0], L_000001ef6d558770, L_000001ef6d559398;
L_000001ef6d558ef0 .cmp/eq 32, L_000001ef6d557ff0, L_000001ef6d5593e0;
L_000001ef6d558a90 .cmp/eq 5, v000001ef6d45be20_0, L_000001ef6d558770;
L_000001ef6d557af0 .concat [ 5 27 0 0], v000001ef6d45be20_0, L_000001ef6d559470;
L_000001ef6d5572d0 .cmp/ne 32, L_000001ef6d557af0, L_000001ef6d5594b8;
L_000001ef6d558f90 .array/port v000001ef6d54e5b0, L_000001ef6d557190;
L_000001ef6d557190 .concat [ 5 2 0 0], L_000001ef6d558770, L_000001ef6d559500;
L_000001ef6d558130 .functor MUXZ 32, L_000001ef6d558f90, L_000001ef6d558590, L_000001ef6d42ede0, C4<>;
L_000001ef6d557f50 .functor MUXZ 32, L_000001ef6d558130, L_000001ef6d559428, L_000001ef6d558ef0, C4<>;
    .scope S_000001ef6d4041e0;
T_2 ;
    %wait E_000001ef6d42aef0;
    %load/vec4 v000001ef6d45c5a0_0;
    %flag_set/vec4 8;
    %jmp/0xz  T_2.0, 8;
    %pushi/vec4 0, 0, 32;
    %assign/vec4 v000001ef6d45bb00_0, 0;
    %jmp T_2.1;
T_2.0 ;
    %load/vec4 v000001ef6d45bec0_0;
    %nor/r;
    %flag_set/vec4 8;
    %jmp/0xz  T_2.2, 8;
    %load/vec4 v000001ef6d45ba60_0;
    %assign/vec4 v000001ef6d45bb00_0, 0;
T_2.2 ;
T_2.1 ;
    %jmp T_2;
    .thread T_2;
    .scope S_000001ef6d3c2e40;
T_3 ;
    %pushi/vec4 0, 0, 32;
    %store/vec4 v000001ef6d45bce0_0, 0, 32;
T_3.0 ;
    %load/vec4 v000001ef6d45bce0_0;
    %cmpi/s 256, 0, 32;
    %jmp/0xz T_3.1, 5;
    %pushi/vec4 0, 0, 32;
    %ix/getv/s 4, v000001ef6d45bce0_0;
    %store/vec4a v000001ef6d45cbe0, 4, 0;
    %load/vec4 v000001ef6d45bce0_0;
    %addi 1, 0, 32;
    %store/vec4 v000001ef6d45bce0_0, 0, 32;
    %jmp T_3.0;
T_3.1 ;
    %pushi/vec4 5243155, 0, 32;
    %ix/load 4, 0, 0;
    %flag_set/imm 4, 0;
    %store/vec4a v000001ef6d45cbe0, 4, 0;
    %pushi/vec4 8963, 0, 32;
    %ix/load 4, 1, 0;
    %flag_set/imm 4, 0;
    %store/vec4a v000001ef6d45cbe0, 4, 0;
    %pushi/vec4 1048979, 0, 32;
    %ix/load 4, 2, 0;
    %flag_set/imm 4, 0;
    %store/vec4a v000001ef6d45cbe0, 4, 0;
    %end;
    .thread T_3;
    .scope S_000001ef6d3bd850;
T_4 ;
    %wait E_000001ef6d42aef0;
    %load/vec4 v000001ef6d45b6a0_0;
    %flag_set/vec4 8;
    %jmp/1 T_4.2, 8;
    %load/vec4 v000001ef6d45cdc0_0;
    %flag_set/vec4 9;
    %flag_or 8, 9;
T_4.2;
    %jmp/0xz  T_4.0, 8;
    %pushi/vec4 0, 0, 32;
    %assign/vec4 v000001ef6d45d2c0_0, 0;
    %pushi/vec4 0, 0, 32;
    %assign/vec4 v000001ef6d45c820_0, 0;
    %jmp T_4.1;
T_4.0 ;
    %load/vec4 v000001ef6d45d4a0_0;
    %nor/r;
    %flag_set/vec4 8;
    %jmp/0xz  T_4.3, 8;
    %load/vec4 v000001ef6d45d180_0;
    %assign/vec4 v000001ef6d45d2c0_0, 0;
    %load/vec4 v000001ef6d45c960_0;
    %assign/vec4 v000001ef6d45c820_0, 0;
T_4.3 ;
T_4.1 ;
    %jmp T_4;
    .thread T_4;
    .scope S_000001ef6d3bbe40;
T_5 ;
    %wait E_000001ef6d428a30;
    %pushi/vec4 0, 0, 1;
    %store/vec4 v000001ef6d43ad60_0, 0, 1;
    %pushi/vec4 0, 0, 1;
    %store/vec4 v000001ef6d43a900_0, 0, 1;
    %pushi/vec4 0, 0, 1;
    %store/vec4 v000001ef6d43a9a0_0, 0, 1;
    %pushi/vec4 0, 0, 1;
    %store/vec4 v000001ef6d43b800_0, 0, 1;
    %pushi/vec4 0, 0, 1;
    %store/vec4 v000001ef6d43b580_0, 0, 1;
    %pushi/vec4 0, 0, 1;
    %store/vec4 v000001ef6d43aea0_0, 0, 1;
    %pushi/vec4 0, 0, 1;
    %store/vec4 v000001ef6d43a7c0_0, 0, 1;
    %pushi/vec4 0, 0, 2;
    %store/vec4 v000001ef6d43b260_0, 0, 2;
    %load/vec4 v000001ef6d43ae00_0;
    %dup/vec4;
    %pushi/vec4 51, 0, 7;
    %cmp/u;
    %jmp/1 T_5.0, 6;
    %dup/vec4;
    %pushi/vec4 19, 0, 7;
    %cmp/u;
    %jmp/1 T_5.1, 6;
    %dup/vec4;
    %pushi/vec4 3, 0, 7;
    %cmp/u;
    %jmp/1 T_5.2, 6;
    %dup/vec4;
    %pushi/vec4 35, 0, 7;
    %cmp/u;
    %jmp/1 T_5.3, 6;
    %dup/vec4;
    %pushi/vec4 99, 0, 7;
    %cmp/u;
    %jmp/1 T_5.4, 6;
    %dup/vec4;
    %pushi/vec4 111, 0, 7;
    %cmp/u;
    %jmp/1 T_5.5, 6;
    %jmp T_5.6;
T_5.0 ;
    %pushi/vec4 1, 0, 1;
    %store/vec4 v000001ef6d43ad60_0, 0, 1;
    %pushi/vec4 0, 0, 1;
    %store/vec4 v000001ef6d43b800_0, 0, 1;
    %pushi/vec4 2, 0, 2;
    %store/vec4 v000001ef6d43b260_0, 0, 2;
    %jmp T_5.6;
T_5.1 ;
    %pushi/vec4 1, 0, 1;
    %store/vec4 v000001ef6d43ad60_0, 0, 1;
    %pushi/vec4 1, 0, 1;
    %store/vec4 v000001ef6d43b800_0, 0, 1;
    %pushi/vec4 0, 0, 2;
    %store/vec4 v000001ef6d43b260_0, 0, 2;
    %jmp T_5.6;
T_5.2 ;
    %pushi/vec4 1, 0, 1;
    %store/vec4 v000001ef6d43ad60_0, 0, 1;
    %pushi/vec4 1, 0, 1;
    %store/vec4 v000001ef6d43a900_0, 0, 1;
    %pushi/vec4 1, 0, 1;
    %store/vec4 v000001ef6d43b800_0, 0, 1;
    %pushi/vec4 1, 0, 1;
    %store/vec4 v000001ef6d43b580_0, 0, 1;
    %pushi/vec4 0, 0, 2;
    %store/vec4 v000001ef6d43b260_0, 0, 2;
    %jmp T_5.6;
T_5.3 ;
    %pushi/vec4 1, 0, 1;
    %store/vec4 v000001ef6d43a9a0_0, 0, 1;
    %pushi/vec4 1, 0, 1;
    %store/vec4 v000001ef6d43b800_0, 0, 1;
    %pushi/vec4 0, 0, 2;
    %store/vec4 v000001ef6d43b260_0, 0, 2;
    %jmp T_5.6;
T_5.4 ;
    %pushi/vec4 1, 0, 1;
    %store/vec4 v000001ef6d43aea0_0, 0, 1;
    %pushi/vec4 1, 0, 2;
    %store/vec4 v000001ef6d43b260_0, 0, 2;
    %jmp T_5.6;
T_5.5 ;
    %pushi/vec4 1, 0, 1;
    %store/vec4 v000001ef6d43ad60_0, 0, 1;
    %pushi/vec4 1, 0, 1;
    %store/vec4 v000001ef6d43a7c0_0, 0, 1;
    %jmp T_5.6;
T_5.6 ;
    %pop/vec4 1;
    %jmp T_5;
    .thread T_5, $push;
    .scope S_000001ef6d45d9d0;
T_6 ;
    %wait E_000001ef6d42a6f0;
    %load/vec4 v000001ef6d54ebf0_0;
    %flag_set/vec4 9;
    %flag_get/vec4 9;
    %jmp/0 T_6.2, 9;
    %load/vec4 v000001ef6d54fa50_0;
    %pad/u 32;
    %pushi/vec4 0, 0, 32;
    %cmp/ne;
    %flag_get/vec4 4;
    %and;
T_6.2;
    %flag_set/vec4 8;
    %jmp/0xz  T_6.0, 8;
    %load/vec4 v000001ef6d54fb90_0;
    %load/vec4 v000001ef6d54fa50_0;
    %pad/u 7;
    %ix/vec4 3;
    %ix/load 4, 0, 0; Constant delay
    %assign/vec4/a/d v000001ef6d54e5b0, 0, 4;
T_6.0 ;
    %jmp T_6;
    .thread T_6;
    .scope S_000001ef6d3c2fd0;
T_7 ;
    %wait E_000001ef6d42a7f0;
    %load/vec4 v000001ef6d45d360_0;
    %parti/s 7, 0, 2;
    %dup/vec4;
    %pushi/vec4 19, 0, 7;
    %cmp/u;
    %jmp/1 T_7.0, 6;
    %dup/vec4;
    %pushi/vec4 3, 0, 7;
    %cmp/u;
    %jmp/1 T_7.1, 6;
    %dup/vec4;
    %pushi/vec4 35, 0, 7;
    %cmp/u;
    %jmp/1 T_7.2, 6;
    %dup/vec4;
    %pushi/vec4 99, 0, 7;
    %cmp/u;
    %jmp/1 T_7.3, 6;
    %dup/vec4;
    %pushi/vec4 111, 0, 7;
    %cmp/u;
    %jmp/1 T_7.4, 6;
    %pushi/vec4 0, 0, 32;
    %store/vec4 v000001ef6d45cd20_0, 0, 32;
    %jmp T_7.6;
T_7.0 ;
    %load/vec4 v000001ef6d45d360_0;
    %parti/s 1, 31, 6;
    %replicate 20;
    %load/vec4 v000001ef6d45d360_0;
    %parti/s 12, 20, 6;
    %concat/vec4; draw_concat_vec4
    %store/vec4 v000001ef6d45cd20_0, 0, 32;
    %jmp T_7.6;
T_7.1 ;
    %load/vec4 v000001ef6d45d360_0;
    %parti/s 1, 31, 6;
    %replicate 20;
    %load/vec4 v000001ef6d45d360_0;
    %parti/s 12, 20, 6;
    %concat/vec4; draw_concat_vec4
    %store/vec4 v000001ef6d45cd20_0, 0, 32;
    %jmp T_7.6;
T_7.2 ;
    %load/vec4 v000001ef6d45d360_0;
    %parti/s 1, 31, 6;
    %replicate 20;
    %load/vec4 v000001ef6d45d360_0;
    %parti/s 7, 25, 6;
    %concat/vec4; draw_concat_vec4
    %load/vec4 v000001ef6d45d360_0;
    %parti/s 5, 7, 4;
    %concat/vec4; draw_concat_vec4
    %store/vec4 v000001ef6d45cd20_0, 0, 32;
    %jmp T_7.6;
T_7.3 ;
    %load/vec4 v000001ef6d45d360_0;
    %parti/s 1, 31, 6;
    %replicate 19;
    %load/vec4 v000001ef6d45d360_0;
    %parti/s 1, 31, 6;
    %concat/vec4; draw_concat_vec4
    %load/vec4 v000001ef6d45d360_0;
    %parti/s 1, 7, 4;
    %concat/vec4; draw_concat_vec4
    %load/vec4 v000001ef6d45d360_0;
    %parti/s 6, 25, 6;
    %concat/vec4; draw_concat_vec4
    %load/vec4 v000001ef6d45d360_0;
    %parti/s 4, 8, 5;
    %concat/vec4; draw_concat_vec4
    %concati/vec4 0, 0, 1;
    %store/vec4 v000001ef6d45cd20_0, 0, 32;
    %jmp T_7.6;
T_7.4 ;
    %load/vec4 v000001ef6d45d360_0;
    %parti/s 1, 31, 6;
    %replicate 11;
    %load/vec4 v000001ef6d45d360_0;
    %parti/s 1, 31, 6;
    %concat/vec4; draw_concat_vec4
    %load/vec4 v000001ef6d45d360_0;
    %parti/s 8, 12, 5;
    %concat/vec4; draw_concat_vec4
    %load/vec4 v000001ef6d45d360_0;
    %parti/s 1, 20, 6;
    %concat/vec4; draw_concat_vec4
    %load/vec4 v000001ef6d45d360_0;
    %parti/s 10, 21, 6;
    %concat/vec4; draw_concat_vec4
    %concati/vec4 0, 0, 1;
    %store/vec4 v000001ef6d45cd20_0, 0, 32;
    %jmp T_7.6;
T_7.6 ;
    %pop/vec4 1;
    %jmp T_7;
    .thread T_7, $push;
    .scope S_000001ef6d3ec9c0;
T_8 ;
    %wait E_000001ef6d428870;
    %load/vec4 v000001ef6d43af40_0;
    %dup/vec4;
    %pushi/vec4 0, 0, 2;
    %cmp/u;
    %jmp/1 T_8.0, 6;
    %dup/vec4;
    %pushi/vec4 1, 0, 2;
    %cmp/u;
    %jmp/1 T_8.1, 6;
    %dup/vec4;
    %pushi/vec4 2, 0, 2;
    %cmp/u;
    %jmp/1 T_8.2, 6;
    %pushi/vec4 0, 0, 3;
    %store/vec4 v000001ef6d43bb20_0, 0, 3;
    %jmp T_8.4;
T_8.0 ;
    %pushi/vec4 0, 0, 3;
    %store/vec4 v000001ef6d43bb20_0, 0, 3;
    %jmp T_8.4;
T_8.1 ;
    %pushi/vec4 1, 0, 3;
    %store/vec4 v000001ef6d43bb20_0, 0, 3;
    %jmp T_8.4;
T_8.2 ;
    %load/vec4 v000001ef6d43a4a0_0;
    %load/vec4 v000001ef6d43acc0_0;
    %concat/vec4; draw_concat_vec4
    %dup/vec4;
    %pushi/vec4 0, 0, 10;
    %cmp/u;
    %jmp/1 T_8.5, 6;
    %dup/vec4;
    %pushi/vec4 256, 0, 10;
    %cmp/u;
    %jmp/1 T_8.6, 6;
    %dup/vec4;
    %pushi/vec4 7, 0, 10;
    %cmp/u;
    %jmp/1 T_8.7, 6;
    %dup/vec4;
    %pushi/vec4 6, 0, 10;
    %cmp/u;
    %jmp/1 T_8.8, 6;
    %dup/vec4;
    %pushi/vec4 4, 0, 10;
    %cmp/u;
    %jmp/1 T_8.9, 6;
    %pushi/vec4 0, 0, 3;
    %store/vec4 v000001ef6d43bb20_0, 0, 3;
    %jmp T_8.11;
T_8.5 ;
    %pushi/vec4 0, 0, 3;
    %store/vec4 v000001ef6d43bb20_0, 0, 3;
    %jmp T_8.11;
T_8.6 ;
    %pushi/vec4 1, 0, 3;
    %store/vec4 v000001ef6d43bb20_0, 0, 3;
    %jmp T_8.11;
T_8.7 ;
    %pushi/vec4 2, 0, 3;
    %store/vec4 v000001ef6d43bb20_0, 0, 3;
    %jmp T_8.11;
T_8.8 ;
    %pushi/vec4 3, 0, 3;
    %store/vec4 v000001ef6d43bb20_0, 0, 3;
    %jmp T_8.11;
T_8.9 ;
    %pushi/vec4 4, 0, 3;
    %store/vec4 v000001ef6d43bb20_0, 0, 3;
    %jmp T_8.11;
T_8.11 ;
    %pop/vec4 1;
    %jmp T_8.4;
T_8.4 ;
    %pop/vec4 1;
    %jmp T_8;
    .thread T_8, $push;
    .scope S_000001ef6d3f1960;
T_9 ;
    %wait E_000001ef6d42aaf0;
    %pushi/vec4 0, 0, 1;
    %store/vec4 v000001ef6d54c780_0, 0, 1;
    %pushi/vec4 0, 0, 1;
    %store/vec4 v000001ef6d54c460_0, 0, 1;
    %pushi/vec4 0, 0, 1;
    %store/vec4 v000001ef6d54c640_0, 0, 1;
    %load/vec4 v000001ef6d54dcc0_0;
    %flag_set/vec4 10;
    %flag_get/vec4 10;
    %jmp/0 T_9.3, 10;
    %load/vec4 v000001ef6d54dd60_0;
    %pushi/vec4 0, 0, 5;
    %cmp/ne;
    %flag_get/vec4 4;
    %and;
T_9.3;
    %flag_set/vec4 9;
    %flag_get/vec4 9;
    %jmp/0 T_9.2, 9;
    %load/vec4 v000001ef6d54dd60_0;
    %load/vec4 v000001ef6d54db80_0;
    %cmp/e;
    %flag_get/vec4 4;
    %jmp/1 T_9.4, 4;
    %load/vec4 v000001ef6d54dd60_0;
    %load/vec4 v000001ef6d54c6e0_0;
    %cmp/e;
    %flag_get/vec4 4;
    %or;
T_9.4;
    %and;
T_9.2;
    %flag_set/vec4 8;
    %jmp/0xz  T_9.0, 8;
    %pushi/vec4 1, 0, 1;
    %store/vec4 v000001ef6d54c780_0, 0, 1;
    %pushi/vec4 1, 0, 1;
    %store/vec4 v000001ef6d54c460_0, 0, 1;
    %pushi/vec4 1, 0, 1;
    %store/vec4 v000001ef6d54c640_0, 0, 1;
T_9.0 ;
    %jmp T_9;
    .thread T_9, $push;
    .scope S_000001ef6d3f02c0;
T_10 ;
    %wait E_000001ef6d42aef0;
    %load/vec4 v000001ef6d45d220_0;
    %flag_set/vec4 8;
    %jmp/1 T_10.2, 8;
    %load/vec4 v000001ef6d54d860_0;
    %flag_set/vec4 9;
    %flag_or 8, 9;
T_10.2;
    %jmp/0xz  T_10.0, 8;
    %pushi/vec4 0, 0, 32;
    %assign/vec4 v000001ef6d45bf60_0, 0;
    %pushi/vec4 0, 0, 32;
    %assign/vec4 v000001ef6d45ca00_0, 0;
    %pushi/vec4 0, 0, 32;
    %assign/vec4 v000001ef6d45c000_0, 0;
    %pushi/vec4 0, 0, 32;
    %assign/vec4 v000001ef6d45c640_0, 0;
    %pushi/vec4 0, 0, 5;
    %assign/vec4 v000001ef6d45c8c0_0, 0;
    %pushi/vec4 0, 0, 5;
    %assign/vec4 v000001ef6d45bd80_0, 0;
    %pushi/vec4 0, 0, 5;
    %assign/vec4 v000001ef6d45c0a0_0, 0;
    %pushi/vec4 0, 0, 1;
    %assign/vec4 v000001ef6d54d220_0, 0;
    %pushi/vec4 0, 0, 1;
    %assign/vec4 v000001ef6d54cd20_0, 0;
    %pushi/vec4 0, 0, 1;
    %assign/vec4 v000001ef6d54cf00_0, 0;
    %pushi/vec4 0, 0, 1;
    %assign/vec4 v000001ef6d54d720_0, 0;
    %pushi/vec4 0, 0, 1;
    %assign/vec4 v000001ef6d54cbe0_0, 0;
    %pushi/vec4 0, 0, 1;
    %assign/vec4 v000001ef6d54ce60_0, 0;
    %pushi/vec4 0, 0, 1;
    %assign/vec4 v000001ef6d54c3c0_0, 0;
    %pushi/vec4 0, 0, 3;
    %assign/vec4 v000001ef6d54d360_0, 0;
    %jmp T_10.1;
T_10.0 ;
    %load/vec4 v000001ef6d45cc80_0;
    %assign/vec4 v000001ef6d45bf60_0, 0;
    %load/vec4 v000001ef6d45c140_0;
    %assign/vec4 v000001ef6d45ca00_0, 0;
    %load/vec4 v000001ef6d45cfa0_0;
    %assign/vec4 v000001ef6d45c000_0, 0;
    %load/vec4 v000001ef6d45ce60_0;
    %assign/vec4 v000001ef6d45c640_0, 0;
    %load/vec4 v000001ef6d45caa0_0;
    %assign/vec4 v000001ef6d45c8c0_0, 0;
    %load/vec4 v000001ef6d45c6e0_0;
    %assign/vec4 v000001ef6d45bd80_0, 0;
    %load/vec4 v000001ef6d45d400_0;
    %assign/vec4 v000001ef6d45c0a0_0, 0;
    %load/vec4 v000001ef6d54cfa0_0;
    %assign/vec4 v000001ef6d54d220_0, 0;
    %load/vec4 v000001ef6d54dc20_0;
    %assign/vec4 v000001ef6d54cd20_0, 0;
    %load/vec4 v000001ef6d54d180_0;
    %assign/vec4 v000001ef6d54cf00_0, 0;
    %load/vec4 v000001ef6d54d680_0;
    %assign/vec4 v000001ef6d54d720_0, 0;
    %load/vec4 v000001ef6d54d7c0_0;
    %assign/vec4 v000001ef6d54cbe0_0, 0;
    %load/vec4 v000001ef6d54de00_0;
    %assign/vec4 v000001ef6d54ce60_0, 0;
    %load/vec4 v000001ef6d54d5e0_0;
    %assign/vec4 v000001ef6d54c3c0_0, 0;
    %load/vec4 v000001ef6d54d2c0_0;
    %assign/vec4 v000001ef6d54d360_0, 0;
T_10.1 ;
    %jmp T_10;
    .thread T_10;
    .scope S_000001ef6d3f17d0;
T_11 ;
    %wait E_000001ef6d42ad30;
    %pushi/vec4 0, 0, 2;
    %store/vec4 v000001ef6d54caa0_0, 0, 2;
    %pushi/vec4 0, 0, 2;
    %store/vec4 v000001ef6d54d400_0, 0, 2;
    %load/vec4 v000001ef6d54d900_0;
    %flag_set/vec4 10;
    %flag_get/vec4 10;
    %jmp/0 T_11.3, 10;
    %load/vec4 v000001ef6d54c500_0;
    %pushi/vec4 0, 0, 5;
    %cmp/ne;
    %flag_get/vec4 4;
    %and;
T_11.3;
    %flag_set/vec4 9;
    %flag_get/vec4 9;
    %jmp/0 T_11.2, 9;
    %load/vec4 v000001ef6d54c500_0;
    %load/vec4 v000001ef6d54dae0_0;
    %cmp/e;
    %flag_get/vec4 4;
    %and;
T_11.2;
    %flag_set/vec4 8;
    %jmp/0xz  T_11.0, 8;
    %pushi/vec4 2, 0, 2;
    %store/vec4 v000001ef6d54caa0_0, 0, 2;
T_11.0 ;
    %load/vec4 v000001ef6d54d900_0;
    %flag_set/vec4 10;
    %flag_get/vec4 10;
    %jmp/0 T_11.7, 10;
    %load/vec4 v000001ef6d54c500_0;
    %pushi/vec4 0, 0, 5;
    %cmp/ne;
    %flag_get/vec4 4;
    %and;
T_11.7;
    %flag_set/vec4 9;
    %flag_get/vec4 9;
    %jmp/0 T_11.6, 9;
    %load/vec4 v000001ef6d54c500_0;
    %load/vec4 v000001ef6d54c140_0;
    %cmp/e;
    %flag_get/vec4 4;
    %and;
T_11.6;
    %flag_set/vec4 8;
    %jmp/0xz  T_11.4, 8;
    %pushi/vec4 2, 0, 2;
    %store/vec4 v000001ef6d54d400_0, 0, 2;
T_11.4 ;
    %load/vec4 v000001ef6d54c5a0_0;
    %flag_set/vec4 11;
    %flag_get/vec4 11;
    %jmp/0 T_11.12, 11;
    %load/vec4 v000001ef6d54c280_0;
    %pushi/vec4 0, 0, 5;
    %cmp/ne;
    %flag_get/vec4 4;
    %and;
T_11.12;
    %flag_set/vec4 10;
    %flag_get/vec4 10;
    %jmp/0 T_11.11, 10;
    %load/vec4 v000001ef6d54c280_0;
    %load/vec4 v000001ef6d54dae0_0;
    %cmp/e;
    %flag_get/vec4 4;
    %and;
T_11.11;
    %flag_set/vec4 9;
    %flag_get/vec4 9;
    %jmp/0 T_11.10, 9;
    %load/vec4 v000001ef6d54d900_0;
    %flag_set/vec4 10;
    %flag_get/vec4 10;
    %jmp/0 T_11.14, 10;
    %load/vec4 v000001ef6d54c500_0;
    %pushi/vec4 0, 0, 5;
    %cmp/ne;
    %flag_get/vec4 4;
    %and;
T_11.14;
    %flag_set/vec4 9;
    %flag_get/vec4 9;
    %jmp/0 T_11.13, 9;
    %load/vec4 v000001ef6d54c500_0;
    %load/vec4 v000001ef6d54dae0_0;
    %cmp/e;
    %flag_get/vec4 4;
    %and;
T_11.13;
    %nor/r;
    %and;
T_11.10;
    %flag_set/vec4 8;
    %jmp/0xz  T_11.8, 8;
    %pushi/vec4 1, 0, 2;
    %store/vec4 v000001ef6d54caa0_0, 0, 2;
T_11.8 ;
    %load/vec4 v000001ef6d54c5a0_0;
    %flag_set/vec4 11;
    %flag_get/vec4 11;
    %jmp/0 T_11.19, 11;
    %load/vec4 v000001ef6d54c280_0;
    %pushi/vec4 0, 0, 5;
    %cmp/ne;
    %flag_get/vec4 4;
    %and;
T_11.19;
    %flag_set/vec4 10;
    %flag_get/vec4 10;
    %jmp/0 T_11.18, 10;
    %load/vec4 v000001ef6d54c280_0;
    %load/vec4 v000001ef6d54c140_0;
    %cmp/e;
    %flag_get/vec4 4;
    %and;
T_11.18;
    %flag_set/vec4 9;
    %flag_get/vec4 9;
    %jmp/0 T_11.17, 9;
    %load/vec4 v000001ef6d54d900_0;
    %flag_set/vec4 10;
    %flag_get/vec4 10;
    %jmp/0 T_11.21, 10;
    %load/vec4 v000001ef6d54c500_0;
    %pushi/vec4 0, 0, 5;
    %cmp/ne;
    %flag_get/vec4 4;
    %and;
T_11.21;
    %flag_set/vec4 9;
    %flag_get/vec4 9;
    %jmp/0 T_11.20, 9;
    %load/vec4 v000001ef6d54c500_0;
    %load/vec4 v000001ef6d54c140_0;
    %cmp/e;
    %flag_get/vec4 4;
    %and;
T_11.20;
    %nor/r;
    %and;
T_11.17;
    %flag_set/vec4 8;
    %jmp/0xz  T_11.15, 8;
    %pushi/vec4 1, 0, 2;
    %store/vec4 v000001ef6d54d400_0, 0, 2;
T_11.15 ;
    %jmp T_11;
    .thread T_11, $push;
    .scope S_000001ef6d3bbcb0;
T_12 ;
    %wait E_000001ef6d428ab0;
    %load/vec4 v000001ef6d43b8a0_0;
    %dup/vec4;
    %pushi/vec4 0, 0, 3;
    %cmp/u;
    %jmp/1 T_12.0, 6;
    %dup/vec4;
    %pushi/vec4 1, 0, 3;
    %cmp/u;
    %jmp/1 T_12.1, 6;
    %dup/vec4;
    %pushi/vec4 2, 0, 3;
    %cmp/u;
    %jmp/1 T_12.2, 6;
    %dup/vec4;
    %pushi/vec4 3, 0, 3;
    %cmp/u;
    %jmp/1 T_12.3, 6;
    %dup/vec4;
    %pushi/vec4 4, 0, 3;
    %cmp/u;
    %jmp/1 T_12.4, 6;
    %pushi/vec4 0, 0, 32;
    %store/vec4 v000001ef6d43b080_0, 0, 32;
    %jmp T_12.6;
T_12.0 ;
    %load/vec4 v000001ef6d43a860_0;
    %load/vec4 v000001ef6d43a540_0;
    %add;
    %store/vec4 v000001ef6d43b080_0, 0, 32;
    %jmp T_12.6;
T_12.1 ;
    %load/vec4 v000001ef6d43a860_0;
    %load/vec4 v000001ef6d43a540_0;
    %sub;
    %store/vec4 v000001ef6d43b080_0, 0, 32;
    %jmp T_12.6;
T_12.2 ;
    %load/vec4 v000001ef6d43a860_0;
    %load/vec4 v000001ef6d43a540_0;
    %and;
    %store/vec4 v000001ef6d43b080_0, 0, 32;
    %jmp T_12.6;
T_12.3 ;
    %load/vec4 v000001ef6d43a860_0;
    %load/vec4 v000001ef6d43a540_0;
    %or;
    %store/vec4 v000001ef6d43b080_0, 0, 32;
    %jmp T_12.6;
T_12.4 ;
    %load/vec4 v000001ef6d43a860_0;
    %load/vec4 v000001ef6d43a540_0;
    %xor;
    %store/vec4 v000001ef6d43b080_0, 0, 32;
    %jmp T_12.6;
T_12.6 ;
    %pop/vec4 1;
    %jmp T_12;
    .thread T_12, $push;
    .scope S_000001ef6d3d3880;
T_13 ;
    %wait E_000001ef6d42aef0;
    %load/vec4 v000001ef6d54c960_0;
    %flag_set/vec4 8;
    %jmp/0xz  T_13.0, 8;
    %pushi/vec4 0, 0, 32;
    %assign/vec4 v000001ef6d54dfe0_0, 0;
    %pushi/vec4 0, 0, 32;
    %assign/vec4 v000001ef6d54c8c0_0, 0;
    %pushi/vec4 0, 0, 5;
    %assign/vec4 v000001ef6d54c320_0, 0;
    %pushi/vec4 0, 0, 1;
    %assign/vec4 v000001ef6d54cc80_0, 0;
    %pushi/vec4 0, 0, 1;
    %assign/vec4 v000001ef6d54d9a0_0, 0;
    %pushi/vec4 0, 0, 1;
    %assign/vec4 v000001ef6d54d4a0_0, 0;
    %pushi/vec4 0, 0, 1;
    %assign/vec4 v000001ef6d54ca00_0, 0;
    %jmp T_13.1;
T_13.0 ;
    %load/vec4 v000001ef6d54cb40_0;
    %assign/vec4 v000001ef6d54dfe0_0, 0;
    %load/vec4 v000001ef6d54d040_0;
    %assign/vec4 v000001ef6d54c8c0_0, 0;
    %load/vec4 v000001ef6d54da40_0;
    %assign/vec4 v000001ef6d54c320_0, 0;
    %load/vec4 v000001ef6d54cdc0_0;
    %assign/vec4 v000001ef6d54cc80_0, 0;
    %load/vec4 v000001ef6d54df40_0;
    %assign/vec4 v000001ef6d54d9a0_0, 0;
    %load/vec4 v000001ef6d54c820_0;
    %assign/vec4 v000001ef6d54d4a0_0, 0;
    %load/vec4 v000001ef6d54dea0_0;
    %assign/vec4 v000001ef6d54ca00_0, 0;
T_13.1 ;
    %jmp T_13;
    .thread T_13;
    .scope S_000001ef6d3d36f0;
T_14 ;
    %pushi/vec4 0, 0, 32;
    %store/vec4 v000001ef6d43b9e0_0, 0, 32;
T_14.0 ;
    %load/vec4 v000001ef6d43b9e0_0;
    %cmpi/s 256, 0, 32;
    %jmp/0xz T_14.1, 5;
    %pushi/vec4 0, 0, 32;
    %ix/getv/s 4, v000001ef6d43b9e0_0;
    %store/vec4a v000001ef6d43bda0, 4, 0;
    %load/vec4 v000001ef6d43b9e0_0;
    %addi 1, 0, 32;
    %store/vec4 v000001ef6d43b9e0_0, 0, 32;
    %jmp T_14.0;
T_14.1 ;
    %end;
    .thread T_14;
    .scope S_000001ef6d3d36f0;
T_15 ;
    %wait E_000001ef6d42a6f0;
    %load/vec4 v000001ef6d43bd00_0;
    %flag_set/vec4 8;
    %jmp/0xz  T_15.0, 8;
    %load/vec4 v000001ef6d54d0e0_0;
    %load/vec4 v000001ef6d43b6c0_0;
    %parti/s 30, 2, 3;
    %ix/vec4 3;
    %ix/load 4, 0, 0; Constant delay
    %assign/vec4/a/d v000001ef6d43bda0, 0, 4;
T_15.0 ;
    %jmp T_15;
    .thread T_15;
    .scope S_000001ef6d404050;
T_16 ;
    %wait E_000001ef6d42aef0;
    %load/vec4 v000001ef6d45b9c0_0;
    %flag_set/vec4 8;
    %jmp/0xz  T_16.0, 8;
    %pushi/vec4 0, 0, 32;
    %assign/vec4 v000001ef6d45b920_0, 0;
    %pushi/vec4 0, 0, 32;
    %assign/vec4 v000001ef6d45c3c0_0, 0;
    %pushi/vec4 0, 0, 5;
    %assign/vec4 v000001ef6d45be20_0, 0;
    %pushi/vec4 0, 0, 1;
    %assign/vec4 v000001ef6d45b740_0, 0;
    %pushi/vec4 0, 0, 1;
    %assign/vec4 v000001ef6d45c1e0_0, 0;
    %jmp T_16.1;
T_16.0 ;
    %load/vec4 v000001ef6d45b880_0;
    %assign/vec4 v000001ef6d45b920_0, 0;
    %load/vec4 v000001ef6d45c320_0;
    %assign/vec4 v000001ef6d45c3c0_0, 0;
    %load/vec4 v000001ef6d45c460_0;
    %assign/vec4 v000001ef6d45be20_0, 0;
    %load/vec4 v000001ef6d45c280_0;
    %assign/vec4 v000001ef6d45b740_0, 0;
    %load/vec4 v000001ef6d45d540_0;
    %assign/vec4 v000001ef6d45c1e0_0, 0;
T_16.1 ;
    %jmp T_16;
    .thread T_16;
    .scope S_000001ef6d3ec830;
T_17 ;
    %wait E_000001ef6d428730;
    %load/vec4 v000001ef6d555ed0_0;
    %dup/vec4;
    %pushi/vec4 2, 0, 2;
    %cmp/u;
    %jmp/1 T_17.0, 6;
    %dup/vec4;
    %pushi/vec4 1, 0, 2;
    %cmp/u;
    %jmp/1 T_17.1, 6;
    %load/vec4 v000001ef6d555570_0;
    %store/vec4 v000001ef6d54e3d0_0, 0, 32;
    %jmp T_17.3;
T_17.0 ;
    %load/vec4 v000001ef6d555930_0;
    %store/vec4 v000001ef6d54e3d0_0, 0, 32;
    %jmp T_17.3;
T_17.1 ;
    %load/vec4 v000001ef6d557e10_0;
    %store/vec4 v000001ef6d54e3d0_0, 0, 32;
    %jmp T_17.3;
T_17.3 ;
    %pop/vec4 1;
    %jmp T_17;
    .thread T_17, $push;
    .scope S_000001ef6d3ec830;
T_18 ;
    %wait E_000001ef6d4290f0;
    %load/vec4 v000001ef6d554c10_0;
    %dup/vec4;
    %pushi/vec4 2, 0, 2;
    %cmp/u;
    %jmp/1 T_18.0, 6;
    %dup/vec4;
    %pushi/vec4 1, 0, 2;
    %cmp/u;
    %jmp/1 T_18.1, 6;
    %load/vec4 v000001ef6d555e30_0;
    %store/vec4 v000001ef6d554850_0, 0, 32;
    %jmp T_18.3;
T_18.0 ;
    %load/vec4 v000001ef6d555930_0;
    %store/vec4 v000001ef6d554850_0, 0, 32;
    %jmp T_18.3;
T_18.1 ;
    %load/vec4 v000001ef6d557e10_0;
    %store/vec4 v000001ef6d554850_0, 0, 32;
    %jmp T_18.3;
T_18.3 ;
    %pop/vec4 1;
    %jmp T_18;
    .thread T_18, $push;
    .scope S_000001ef6d44fc20;
T_19 ;
    %pushi/vec4 0, 0, 1;
    %store/vec4 v000001ef6d558950_0, 0, 1;
    %end;
    .thread T_19;
    .scope S_000001ef6d44fc20;
T_20 ;
    %delay 5000, 0;
    %load/vec4 v000001ef6d558950_0;
    %inv;
    %store/vec4 v000001ef6d558950_0, 0, 1;
    %jmp T_20;
    .thread T_20;
    .scope S_000001ef6d44fc20;
T_21 ;
    %pushi/vec4 7340179, 0, 32;
    %ix/load 4, 0, 0;
    %flag_set/imm 4, 0;
    %store/vec4a v000001ef6d45cbe0, 4, 0;
    %pushi/vec4 3146003, 0, 32;
    %ix/load 4, 1, 0;
    %flag_set/imm 4, 0;
    %store/vec4a v000001ef6d45cbe0, 4, 0;
    %pushi/vec4 2130355, 0, 32;
    %ix/load 4, 2, 0;
    %flag_set/imm 4, 0;
    %store/vec4a v000001ef6d45cbe0, 4, 0;
    %pushi/vec4 1074889267, 0, 32;
    %ix/load 4, 3, 0;
    %flag_set/imm 4, 0;
    %store/vec4a v000001ef6d45cbe0, 4, 0;
    %pushi/vec4 4203043, 0, 32;
    %ix/load 4, 4, 0;
    %flag_set/imm 4, 0;
    %store/vec4a v000001ef6d45cbe0, 4, 0;
    %pushi/vec4 19, 0, 32;
    %ix/load 4, 5, 0;
    %flag_set/imm 4, 0;
    %store/vec4a v000001ef6d45cbe0, 4, 0;
    %pushi/vec4 4203139, 0, 32;
    %ix/load 4, 6, 0;
    %flag_set/imm 4, 0;
    %store/vec4a v000001ef6d45cbe0, 4, 0;
    %pushi/vec4 4358963, 0, 32;
    %ix/load 4, 7, 0;
    %flag_set/imm 4, 0;
    %store/vec4a v000001ef6d45cbe0, 4, 0;
    %pushi/vec4 10683283, 0, 32;
    %ix/load 4, 8, 0;
    %flag_set/imm 4, 0;
    %store/vec4a v000001ef6d45cbe0, 4, 0;
    %end;
    .thread T_21;
    .scope S_000001ef6d44fc20;
T_22 ;
    %pushi/vec4 0, 0, 32;
    %store/vec4 v000001ef6d557c30_0, 0, 32;
    %end;
    .thread T_22;
    .scope S_000001ef6d44fc20;
T_23 ;
    %wait E_000001ef6d42a6f0;
    %load/vec4 v000001ef6d5586d0_0;
    %nor/r;
    %flag_set/vec4 9;
    %flag_get/vec4 9;
    %jmp/0 T_23.2, 9;
    %load/vec4 v000001ef6d5583b0_0;
    %and;
T_23.2;
    %flag_set/vec4 8;
    %jmp/0xz  T_23.0, 8;
    %load/vec4 v000001ef6d557c30_0;
    %addi 1, 0, 32;
    %store/vec4 v000001ef6d557c30_0, 0, 32;
T_23.0 ;
    %jmp T_23;
    .thread T_23;
    .scope S_000001ef6d44fc20;
T_24 ;
    %wait E_000001ef6d42a6f0;
    %load/vec4 v000001ef6d5586d0_0;
    %nor/r;
    %flag_set/vec4 9;
    %flag_get/vec4 9;
    %jmp/0 T_24.2, 9;
    %load/vec4 v000001ef6d555ed0_0;
    %cmpi/ne 0, 0, 2;
    %flag_get/vec4 6;
    %jmp/1 T_24.3, 6;
    %load/vec4 v000001ef6d554c10_0;
    %pushi/vec4 0, 0, 2;
    %cmp/ne;
    %flag_get/vec4 6;
    %or;
T_24.3;
    %and;
T_24.2;
    %flag_set/vec4 8;
    %jmp/0xz  T_24.0, 8;
    %load/vec4 v000001ef6d555c50_0;
    %ix/load 4, 2, 0;
    %flag_set/imm 4, 0;
    %shiftr 4;
    %vpi_call 2 88 "$display", "  [FWD]  t=%0t  fwd_A=%2b  fwd_B=%2b  PC_fetch=%0d", $time, v000001ef6d555ed0_0, v000001ef6d554c10_0, S<0,vec4,u32> {1 0 0};
T_24.0 ;
    %jmp T_24;
    .thread T_24;
    .scope S_000001ef6d44fc20;
T_25 ;
    %pushi/vec4 0, 0, 32;
    %store/vec4 v000001ef6d557410_0, 0, 32;
    %pushi/vec4 0, 0, 32;
    %store/vec4 v000001ef6d557550_0, 0, 32;
    %pushi/vec4 1, 0, 1;
    %store/vec4 v000001ef6d5586d0_0, 0, 1;
    %wait E_000001ef6d42a6f0;
    %delay 1000, 0;
    %wait E_000001ef6d42a6f0;
    %delay 1000, 0;
    %pushi/vec4 0, 0, 1;
    %store/vec4 v000001ef6d5586d0_0, 0, 1;
    %pushi/vec4 20, 0, 32;
T_25.0 %dup/vec4;
    %pushi/vec4 0, 0, 32;
    %cmp/s;
    %jmp/1xz T_25.1, 5;
    %jmp/1 T_25.1, 4;
    %pushi/vec4 1, 0, 32;
    %sub;
    %wait E_000001ef6d42a6f0;
    %jmp T_25.0;
T_25.1 ;
    %pop/vec4 1;
    %delay 1000, 0;
    %vpi_call 2 139 "$display", "\012========================================" {0 0 0};
    %vpi_call 2 140 "$display", " TB3: Combined Forwarding + Hazard Test" {0 0 0};
    %vpi_call 2 141 "$display", "========================================" {0 0 0};
    %pushi/vec4 1, 0, 5;
    %store/vec4 v000001ef6d43c020_0, 0, 5;
    %ix/load 4, 1, 0;
    %flag_set/imm 4, 0;
    %load/vec4a v000001ef6d54e5b0, 4;
    %store/vec4 v000001ef6d43c0c0_0, 0, 32;
    %pushi/vec4 7, 0, 32;
    %store/vec4 v000001ef6d43a220_0, 0, 32;
    %fork TD_tb3_combined.check_reg, S_000001ef6d454f60;
    %join;
    %pushi/vec4 2, 0, 5;
    %store/vec4 v000001ef6d43c020_0, 0, 5;
    %ix/load 4, 2, 0;
    %flag_set/imm 4, 0;
    %load/vec4a v000001ef6d54e5b0, 4;
    %store/vec4 v000001ef6d43c0c0_0, 0, 32;
    %pushi/vec4 3, 0, 32;
    %store/vec4 v000001ef6d43a220_0, 0, 32;
    %fork TD_tb3_combined.check_reg, S_000001ef6d454f60;
    %join;
    %pushi/vec4 3, 0, 5;
    %store/vec4 v000001ef6d43c020_0, 0, 5;
    %ix/load 4, 3, 0;
    %flag_set/imm 4, 0;
    %load/vec4a v000001ef6d54e5b0, 4;
    %store/vec4 v000001ef6d43c0c0_0, 0, 32;
    %pushi/vec4 10, 0, 32;
    %store/vec4 v000001ef6d43a220_0, 0, 32;
    %fork TD_tb3_combined.check_reg, S_000001ef6d454f60;
    %join;
    %pushi/vec4 4, 0, 5;
    %store/vec4 v000001ef6d43c020_0, 0, 5;
    %ix/load 4, 4, 0;
    %flag_set/imm 4, 0;
    %load/vec4a v000001ef6d54e5b0, 4;
    %store/vec4 v000001ef6d43c0c0_0, 0, 32;
    %pushi/vec4 3, 0, 32;
    %store/vec4 v000001ef6d43a220_0, 0, 32;
    %fork TD_tb3_combined.check_reg, S_000001ef6d454f60;
    %join;
    %pushi/vec4 5, 0, 5;
    %store/vec4 v000001ef6d43c020_0, 0, 5;
    %ix/load 4, 5, 0;
    %flag_set/imm 4, 0;
    %load/vec4a v000001ef6d54e5b0, 4;
    %store/vec4 v000001ef6d43c0c0_0, 0, 32;
    %pushi/vec4 3, 0, 32;
    %store/vec4 v000001ef6d43a220_0, 0, 32;
    %fork TD_tb3_combined.check_reg, S_000001ef6d454f60;
    %join;
    %pushi/vec4 6, 0, 5;
    %store/vec4 v000001ef6d43c020_0, 0, 5;
    %ix/load 4, 6, 0;
    %flag_set/imm 4, 0;
    %load/vec4a v000001ef6d54e5b0, 4;
    %store/vec4 v000001ef6d43c0c0_0, 0, 32;
    %pushi/vec4 6, 0, 32;
    %store/vec4 v000001ef6d43a220_0, 0, 32;
    %fork TD_tb3_combined.check_reg, S_000001ef6d454f60;
    %join;
    %pushi/vec4 7, 0, 5;
    %store/vec4 v000001ef6d43c020_0, 0, 5;
    %ix/load 4, 7, 0;
    %flag_set/imm 4, 0;
    %load/vec4a v000001ef6d54e5b0, 4;
    %store/vec4 v000001ef6d43c0c0_0, 0, 32;
    %pushi/vec4 16, 0, 32;
    %store/vec4 v000001ef6d43a220_0, 0, 32;
    %fork TD_tb3_combined.check_reg, S_000001ef6d454f60;
    %join;
    %pushi/vec4 1, 0, 8;
    %store/vec4 v000001ef6d43bf80_0, 0, 8;
    %ix/load 4, 1, 0;
    %flag_set/imm 4, 0;
    %load/vec4a v000001ef6d43bda0, 4;
    %store/vec4 v000001ef6d43ba80_0, 0, 32;
    %pushi/vec4 3, 0, 32;
    %store/vec4 v000001ef6d43a400_0, 0, 32;
    %fork TD_tb3_combined.check_mem, S_000001ef6d454dd0;
    %join;
    %vpi_call 2 152 "$display", "  Stall cycles observed = %0d  (expected 1)", v000001ef6d557c30_0 {0 0 0};
    %load/vec4 v000001ef6d557c30_0;
    %cmpi/e 1, 0, 32;
    %jmp/0xz  T_25.2, 6;
    %vpi_call 2 154 "$display", "  [PASS] Stall count is correct" {0 0 0};
    %load/vec4 v000001ef6d557410_0;
    %addi 1, 0, 32;
    %store/vec4 v000001ef6d557410_0, 0, 32;
    %jmp T_25.3;
T_25.2 ;
    %vpi_call 2 157 "$display", "  [FAIL] Wrong stall count *** MISMATCH ***" {0 0 0};
    %load/vec4 v000001ef6d557550_0;
    %addi 1, 0, 32;
    %store/vec4 v000001ef6d557550_0, 0, 32;
T_25.3 ;
    %vpi_call 2 161 "$display", "----------------------------------------" {0 0 0};
    %load/vec4 v000001ef6d557550_0;
    %cmpi/e 0, 0, 32;
    %jmp/0xz  T_25.4, 4;
    %vpi_call 2 163 "$display", " RESULT: ALL %0d CHECKS PASSED", v000001ef6d557410_0 {0 0 0};
    %jmp T_25.5;
T_25.4 ;
    %vpi_call 2 165 "$display", " RESULT: %0d PASSED, %0d FAILED", v000001ef6d557410_0, v000001ef6d557550_0 {0 0 0};
T_25.5 ;
    %vpi_call 2 166 "$display", "========================================\012" {0 0 0};
    %vpi_call 2 168 "$finish" {0 0 0};
    %end;
    .thread T_25;
    .scope S_000001ef6d44fc20;
T_26 ;
    %vpi_call 2 172 "$dumpfile", "tb3_combined.vcd" {0 0 0};
    %vpi_call 2 173 "$dumpvars", 32'sb00000000000000000000000000000000, S_000001ef6d44fc20 {0 0 0};
    %end;
    .thread T_26;
# The file index is used to find the file name in the following table.
:file_names 18;
    "N/A";
    "<interactive>";
    "tb3_combined.v";
    "../rtl/pipeline_cpu_top_v5.v";
    "../rtl/alu_control.v";
    "../rtl/ALU.v";
    "../rtl/control_unit.v";
    "../rtl/data_mem.v";
    "../rtl/ex_mem.v";
    "../rtl/forwarding_unit.v";
    "../rtl/hazard_detection_unit.v";
    "../rtl/id_ex.v";
    "../rtl/if_id.v";
    "../rtl/instr_mem.v";
    "../rtl/imm_gen.v";
    "../rtl/mem_wb.v";
    "../rtl/pc.v";
    "../rtl/regfile.v";
